###############################################################################
#
# IAR ELF Linker V8.22.1.15669/W32 for ARM                17/Nov/2018  21:02:29
# Copyright 2007-2018 IAR Systems AB.
#
#    Output file  =  
#        C:\Users\–Ï√˙‘∂\Desktop\chassis\EWARM\chassis\Exe\chassis.out
#    Map file     =  
#        C:\Users\–Ï√˙‘∂\Desktop\chassis\EWARM\chassis\List\chassis.map
#    Command line =  
#        -f C:\user\default\AppData\Local\Temp\EW6701.tmp
#        (C:\Users\–Ï√˙‘∂\Desktop\chassis\EWARM\chassis\Obj\can.o
#        C:\Users\–Ï√˙‘∂\Desktop\chassis\EWARM\chassis\Obj\chassis.o
#        C:\Users\–Ï√˙‘∂\Desktop\chassis\EWARM\chassis\Obj\cmd.o
#        C:\Users\–Ï√˙‘∂\Desktop\chassis\EWARM\chassis\Obj\cmd_func.o
#        C:\Users\–Ï√˙‘∂\Desktop\chassis\EWARM\chassis\Obj\gpio.o
#        C:\Users\–Ï√˙‘∂\Desktop\chassis\EWARM\chassis\Obj\main.o
#        C:\Users\–Ï√˙‘∂\Desktop\chassis\EWARM\chassis\Obj\maxon.o
#        C:\Users\–Ï√˙‘∂\Desktop\chassis\EWARM\chassis\Obj\startup_stm32f407xx.o
#        C:\Users\–Ï√˙‘∂\Desktop\chassis\EWARM\chassis\Obj\stm32f4xx_hal.o
#        C:\Users\–Ï√˙‘∂\Desktop\chassis\EWARM\chassis\Obj\stm32f4xx_hal_can.o
#        C:\Users\–Ï√˙‘∂\Desktop\chassis\EWARM\chassis\Obj\stm32f4xx_hal_cortex.o
#        C:\Users\–Ï√˙‘∂\Desktop\chassis\EWARM\chassis\Obj\stm32f4xx_hal_dma.o
#        C:\Users\–Ï√˙‘∂\Desktop\chassis\EWARM\chassis\Obj\stm32f4xx_hal_dma_ex.o
#        C:\Users\–Ï√˙‘∂\Desktop\chassis\EWARM\chassis\Obj\stm32f4xx_hal_flash.o
#        C:\Users\–Ï√˙‘∂\Desktop\chassis\EWARM\chassis\Obj\stm32f4xx_hal_flash_ex.o
#        C:\Users\–Ï√˙‘∂\Desktop\chassis\EWARM\chassis\Obj\stm32f4xx_hal_flash_ramfunc.o
#        C:\Users\–Ï√˙‘∂\Desktop\chassis\EWARM\chassis\Obj\stm32f4xx_hal_gpio.o
#        C:\Users\–Ï√˙‘∂\Desktop\chassis\EWARM\chassis\Obj\stm32f4xx_hal_msp.o
#        C:\Users\–Ï√˙‘∂\Desktop\chassis\EWARM\chassis\Obj\stm32f4xx_hal_pwr.o
#        C:\Users\–Ï√˙‘∂\Desktop\chassis\EWARM\chassis\Obj\stm32f4xx_hal_pwr_ex.o
#        C:\Users\–Ï√˙‘∂\Desktop\chassis\EWARM\chassis\Obj\stm32f4xx_hal_rcc.o
#        C:\Users\–Ï√˙‘∂\Desktop\chassis\EWARM\chassis\Obj\stm32f4xx_hal_rcc_ex.o
#        C:\Users\–Ï√˙‘∂\Desktop\chassis\EWARM\chassis\Obj\stm32f4xx_hal_tim.o
#        C:\Users\–Ï√˙‘∂\Desktop\chassis\EWARM\chassis\Obj\stm32f4xx_hal_tim_ex.o
#        C:\Users\–Ï√˙‘∂\Desktop\chassis\EWARM\chassis\Obj\stm32f4xx_hal_uart.o
#        C:\Users\–Ï√˙‘∂\Desktop\chassis\EWARM\chassis\Obj\stm32f4xx_it.o
#        C:\Users\–Ï√˙‘∂\Desktop\chassis\EWARM\chassis\Obj\system_stm32f4xx.o
#        C:\Users\–Ï√˙‘∂\Desktop\chassis\EWARM\chassis\Obj\tim.o
#        C:\Users\–Ï√˙‘∂\Desktop\chassis\EWARM\chassis\Obj\usart.o
#        C:\Users\–Ï√˙‘∂\Desktop\chassis\EWARM\chassis\Obj\vega.o --redirect
#        _Printf=_PrintfFull --redirect _Scanf=_ScanfFull -o
#        C:\Users\–Ï√˙‘∂\Desktop\chassis\EWARM\chassis\Exe\chassis.out --map
#        C:\Users\–Ï√˙‘∂\Desktop\chassis\EWARM\chassis\List\chassis.map
#        --config
#        C:\Users\–Ï√˙‘∂\Desktop\chassis\EWARM/stm32f407xx_flash.icf
#        --semihosting --entry __iar_program_start --vfe --text_out locale)
#
###############################################################################

*******************************************************************************
*** RUNTIME MODEL ATTRIBUTES
***

CppFlavor       = *
__Heap_Handler  = NoFree
__SystemLibrary = DLib
__dlib_version  = 6


*******************************************************************************
*** HEAP SELECTION
***

The no free heap was selected because no calls to memory
deallocation functions were found in the application.


*******************************************************************************
*** PLACEMENT SUMMARY
***

"A0":  place at 0x08000000 { ro section .intvec };
"P1":  place in [from 0x08000000 to 0x080fffff] { ro };
define block CSTACK with size = 1K, alignment = 8 { };
define block HEAP with size = 512, alignment = 8 { };
"P2":  place in [from 0x20000000 to 0x2001ffff] {
          rw, block CSTACK, block HEAP };
initialize by copy { rw };

  Section            Kind        Address    Size  Object
  -------            ----        -------    ----  ------
"A0":                                      0x188
  .intvec            ro code  0x08000000   0x188  startup_stm32f407xx.o [1]
                            - 0x08000188   0x188

"P1":                                     0x89bc
  .text              ro code  0x08000188   0xf96  xprintffull.o [3]
  .text              ro code  0x0800111e    0x7a  lz77_init_single.o [5]
  .text              ro code  0x08001198    0xb0  xlocale_c.o [3]
  .text              ro code  0x08001248    0x16  strchr.o [5]
  .text              ro code  0x0800125e    0x1e  xencoding_8859_1.o [3]
  .text              ro code  0x0800127c    0x40  xfail_s.o [3]
  .text              ro code  0x080012bc    0x36  strlen.o [5]
  .text              ro code  0x080012f2    0x1a  xsnprout.o [3]
  .text              ro code  0x0800130c    0x58  memchr.o [5]
  .text              ro code  0x08001364     0xa  xmbcurmax.o [3]
  .text              ro code  0x08001370    0xa6  ABImemcpy.o [5]
  .text              ro code  0x08001418   0x22e  I64DivMod.o [5]
  .text              ro code  0x08001648   0x1a2  DblMul.o [4]
  .text              ro code  0x080017ec    0x70  frexp.o [4]
  .text              ro code  0x0800185c    0x2e  DblCmpLe.o [4]
  .text              ro code  0x0800188c    0x2e  DblCmpGe.o [4]
  .text              ro code  0x080018bc   0x13a  ldexp.o [4]
  .text              ro code  0x080019f8    0x3a  DblToS32.o [4]
  .text              ro code  0x08001a34    0x22  S32ToDbl.o [4]
  .text              ro code  0x08001a58    0xe2  DblSub.o [4]
  .text              ro code  0x08001b3c   0x246  DblDiv.o [4]
  .text              ro code  0x08001d84    0x28  DblToU32.o [4]
  .text              ro code  0x08001dac    0x1a  U32ToDbl.o [4]
  .text              ro code  0x08001dc6     0x6  abort.o [3]
  .text              ro code  0x08001dcc     0x2  I64DivZer.o [5]
  .text              ro code  0x08001dd0   0x178  DblAdd.o [4]
  .text              ro code  0x08001f48    0x14  exit.o [6]
  .text              ro code  0x08001f5c   0xbc6  stm32f4xx_hal_can.o [1]
  .text              ro code  0x08002b24   0x29c  can.o [1]
  .text              ro code  0x08002dc0     0xc  stm32f4xx_hal.o [1]
  .text              ro code  0x08002dcc     0x2  stm32f4xx_hal_can.o [1]
  .text              ro code  0x08002dd0   0x1a6  main.o [1]
  .text              ro code  0x08002f78   0x254  stm32f4xx_hal_gpio.o [1]
  .text              ro code  0x080031cc   0x174  stm32f4xx_hal_cortex.o [1]
  .text              ro code  0x08003340   0x594  usart.o [1]
  .text              ro code  0x080038d4    0x24  ABIassert.o [6]
  .text              ro code  0x080038f8    0x40  stm32f4xx_hal.o [1]
  .text              ro code  0x08003938    0xb4  gpio.o [1]
  .text              ro code  0x080039ec   0x20c  tim.o [1]
  .text              ro code  0x08003bf8   0x160  cmd.o [1]
  .text              ro code  0x08003d58   0x9e4  chassis.o [1]
  .text              ro code  0x0800473c   0x390  stm32f4xx_hal_rcc.o [1]
  .text              ro code  0x08004acc   0x228  stm32f4xx_hal_rcc.o [1]
  .text              ro code  0x08004cf4   0x7e8  stm32f4xx_hal_uart.o [1]
  .text              ro code  0x080054dc    0x3c  vsnprint.o [3]
  .text              ro code  0x08005518    0x28  stm32f4xx_hal.o [1]
  .text              ro code  0x08005540    0x5e  stm32f4xx_hal_msp.o [1]
  .text              ro code  0x080055a0   0x418  stm32f4xx_hal_tim.o [1]
  .text              ro code  0x080059b8    0xbe  stm32f4xx_hal_tim_ex.o [1]
  .text              ro code  0x08005a78    0x44  no_free_heap0.o [3]
  .text              ro code  0x08005abc    0x4a  strcmp.o [5]
  .text              ro code  0x08005b08    0x66  ABImemset.o [5]
  .text              ro code  0x08005b70   0x158  vega.o [1]
  .text              ro code  0x08005cc8    0x1e  stm32f4xx_hal.o [1]
  .text              ro code  0x08005ce8    0x54  maxon.o [1]
  .text              ro code  0x08005d3c    0x68  DblToFlt.o [4]
  .text              ro code  0x08005da4    0x48  FltToDbl.o [4]
  .text              ro code  0x08005dec    0x3a  math_wrappers64.o [4]
  .text              ro code  0x08005e28   0x102  sqrt.o [4]
  .text              ro code  0x08005f2c    0x20  DblCmpEq.o [4]
  .text              ro code  0x08005f4c    0x28  stm32f4xx_hal_dma.o [1]
  .text              ro code  0x08005f74     0x2  stm32f4xx_hal_uart.o [1]
  .text              ro code  0x08005f78    0x2c  xgetmemchunk.o [3]
  .text              ro code  0x08005fa4    0x6c  system_stm32f4xx.o [1]
  .text              ro code  0x08006010   0x5a0  strto64.o [4]
  .text              ro code  0x080065b0   0x13c  atan2_64.o [4]
  .rodata            const    0x080066ec    0x1c  cmd.o [1]
  .text              ro code  0x08006708   0xb28  pow64.o [4]
  .text              ro code  0x08007230   0x448  cos_sin64.o [4]
  .text              ro code  0x08007678   0x122  iar_Stopfx.o [3]
  .text              ro code  0x0800779c   0x1c8  iar_Stoflt.o [3]
  .text              ro code  0x08007964   0x21c  iar_Stoxflt.o [3]
  .text              ro code  0x08007b80   0x208  iar_Atan64.o [4]
  .text              ro code  0x08007d88   0x418  iar_Exp64.o [4]
  .text              ro code  0x080081a0    0x14  isspace.o [3]
  .text              ro code  0x080081b4    0x14  isalpha.o [3]
  .text              ro code  0x080081c8   0x1d0  cmd_func.o [1]
  .text              ro code  0x08008398   0x174  iar_Stoulx.o [3]
  .text              ro code  0x0800850c    0x14  tolower.o [3]
  .text              ro code  0x08008520    0x40  zero_init3.o [5]
  .text              ro code  0x08008560    0x38  stm32f4xx_it.o [1]
  .text              ro code  0x08008598    0x10  stm32f4xx_hal.o [1]
  .rodata            const    0x080085a8    0x30  can.o [1]
  .rodata            const    0x080085d8    0x30  main.o [1]
  .rodata            const    0x08008608    0x30  tim.o [1]
  .rodata            const    0x08008638    0x30  usart.o [1]
  .text              ro code  0x08008668    0x28  data_init.o [5]
  .text              ro code  0x08008690    0x22  fpinit_M.o [4]
  .iar.init_table    const    0x080086b4    0x20  - Linker created -
  .rodata            const    0x080086d4    0x20  chassis.o [1]
  .rodata            const    0x080086f4    0x20  cmd_func.o [1]
  .rodata            const    0x08008714    0x20  cmd_func.o [1]
  .text              ro code  0x08008734    0x1e  cmain.o [5]
  .text              ro code  0x08008752     0x4  low_level_init.o [3]
  .text              ro code  0x08008756     0x4  exit.o [3]
  .text              ro code  0x0800875c     0xa  cexit.o [5]
  .rodata            const    0x08008768    0x18  chassis.o [1]
  .rodata            const    0x08008780    0x14  cmd.o [1]
  .rodata            const    0x08008794    0x14  usart.o [1]
  .rodata            const    0x080087a8    0x14  vega.o [1]
  .rodata            const    0x080087bc    0x14  vega.o [1]
  .rodata            const    0x080087d0    0x14  vega.o [1]
  .rodata            const    0x080087e4    0x10  can.o [1]
  .rodata            const    0x080087f4    0x10  main.o [1]
  .rodata            const    0x08008804    0x10  system_stm32f4xx.o [1]
  .rodata            const    0x08008814    0x10  usart.o [1]
  .rodata            const    0x08008824    0x10  usart.o [1]
  .text              ro code  0x08008834    0x10  startup_stm32f407xx.o [1]
  .rodata            const    0x08008844     0xc  cmd_func.o [1]
  .rodata            const    0x08008850     0xc  main.o [1]
  .text              ro code  0x0800885c     0xc  cstartup_M.o [5]
  .rodata            const    0x08008868     0x8  can.o [1]
  .rodata            const    0x08008870     0x8  system_stm32f4xx.o [1]
  .rodata            const    0x08008878     0x6  xlocale_c.o [3]
  .text              ro code  0x0800887e     0x4  startup_stm32f407xx.o [1]
  .text              ro code  0x08008882     0x4  startup_stm32f407xx.o [1]
  .text              ro code  0x08008886     0x4  startup_stm32f407xx.o [1]
  .text              ro code  0x0800888a     0x4  startup_stm32f407xx.o [1]
  .text              ro code  0x0800888e     0x4  startup_stm32f407xx.o [1]
  .text              ro code  0x08008892     0x4  startup_stm32f407xx.o [1]
  .text              ro code  0x08008896     0x4  startup_stm32f407xx.o [1]
  .text              ro code  0x0800889a     0x4  startup_stm32f407xx.o [1]
  .text              ro code  0x0800889e     0x4  startup_stm32f407xx.o [1]
  .text              ro code  0x080088a2     0x4  startup_stm32f407xx.o [1]
  .text              ro code  0x080088a6     0x4  startup_stm32f407xx.o [1]
  .text              ro code  0x080088aa     0x4  startup_stm32f407xx.o [1]
  .text              ro code  0x080088ae     0x4  startup_stm32f407xx.o [1]
  .text              ro code  0x080088b2     0x4  startup_stm32f407xx.o [1]
  .text              ro code  0x080088b6     0x4  startup_stm32f407xx.o [1]
  .text              ro code  0x080088ba     0x4  startup_stm32f407xx.o [1]
  .text              ro code  0x080088be     0x4  startup_stm32f407xx.o [1]
  .text              ro code  0x080088c2     0x4  startup_stm32f407xx.o [1]
  .text              ro code  0x080088c6     0x4  startup_stm32f407xx.o [1]
  .text              ro code  0x080088ca     0x4  startup_stm32f407xx.o [1]
  .text              ro code  0x080088ce     0x4  startup_stm32f407xx.o [1]
  .text              ro code  0x080088d2     0x4  startup_stm32f407xx.o [1]
  .text              ro code  0x080088d6     0x4  startup_stm32f407xx.o [1]
  .text              ro code  0x080088da     0x4  startup_stm32f407xx.o [1]
  .text              ro code  0x080088de     0x4  startup_stm32f407xx.o [1]
  .text              ro code  0x080088e2     0x4  startup_stm32f407xx.o [1]
  .text              ro code  0x080088e6     0x4  startup_stm32f407xx.o [1]
  .text              ro code  0x080088ea     0x4  startup_stm32f407xx.o [1]
  .text              ro code  0x080088ee     0x4  startup_stm32f407xx.o [1]
  .text              ro code  0x080088f2     0x4  startup_stm32f407xx.o [1]
  .text              ro code  0x080088f6     0x4  startup_stm32f407xx.o [1]
  .text              ro code  0x080088fa     0x4  startup_stm32f407xx.o [1]
  .text              ro code  0x080088fe     0x4  startup_stm32f407xx.o [1]
  .text              ro code  0x08008902     0x4  startup_stm32f407xx.o [1]
  .text              ro code  0x08008906     0x4  startup_stm32f407xx.o [1]
  .text              ro code  0x0800890a     0x4  startup_stm32f407xx.o [1]
  .text              ro code  0x0800890e     0x4  startup_stm32f407xx.o [1]
  .text              ro code  0x08008912     0x4  startup_stm32f407xx.o [1]
  .text              ro code  0x08008916     0x4  startup_stm32f407xx.o [1]
  .text              ro code  0x0800891a     0x4  startup_stm32f407xx.o [1]
  .text              ro code  0x0800891e     0x4  startup_stm32f407xx.o [1]
  .text              ro code  0x08008922     0x4  startup_stm32f407xx.o [1]
  .text              ro code  0x08008926     0x4  startup_stm32f407xx.o [1]
  .text              ro code  0x0800892a     0x4  startup_stm32f407xx.o [1]
  .text              ro code  0x0800892e     0x4  startup_stm32f407xx.o [1]
  .text              ro code  0x08008932     0x4  startup_stm32f407xx.o [1]
  .text              ro code  0x08008936     0x4  startup_stm32f407xx.o [1]
  .text              ro code  0x0800893a     0x4  startup_stm32f407xx.o [1]
  .text              ro code  0x0800893e     0x4  startup_stm32f407xx.o [1]
  .text              ro code  0x08008942     0x4  startup_stm32f407xx.o [1]
  .text              ro code  0x08008946     0x4  startup_stm32f407xx.o [1]
  .text              ro code  0x0800894a     0x4  startup_stm32f407xx.o [1]
  .text              ro code  0x0800894e     0x4  startup_stm32f407xx.o [1]
  .text              ro code  0x08008952     0x4  startup_stm32f407xx.o [1]
  .text              ro code  0x08008956     0x4  startup_stm32f407xx.o [1]
  .text              ro code  0x0800895a     0x4  startup_stm32f407xx.o [1]
  .text              ro code  0x0800895e     0x4  startup_stm32f407xx.o [1]
  .text              ro code  0x08008962     0x4  startup_stm32f407xx.o [1]
  .text              ro code  0x08008966     0x4  startup_stm32f407xx.o [1]
  .text              ro code  0x0800896a     0x4  startup_stm32f407xx.o [1]
  .text              ro code  0x0800896e     0x4  startup_stm32f407xx.o [1]
  .text              ro code  0x08008972     0x4  startup_stm32f407xx.o [1]
  .text              ro code  0x08008976     0x4  startup_stm32f407xx.o [1]
  .text              ro code  0x0800897a     0x4  startup_stm32f407xx.o [1]
  .text              ro code  0x0800897e     0x4  startup_stm32f407xx.o [1]
  .text              ro code  0x08008982     0x4  startup_stm32f407xx.o [1]
  .text              ro code  0x08008986     0x4  startup_stm32f407xx.o [1]
  .text              ro code  0x0800898a     0x4  startup_stm32f407xx.o [1]
  .text              ro code  0x0800898e     0x4  startup_stm32f407xx.o [1]
  .text              ro code  0x08008992     0x4  startup_stm32f407xx.o [1]
  .text              ro code  0x08008996     0x4  startup_stm32f407xx.o [1]
  .text              ro code  0x0800899a     0x4  startup_stm32f407xx.o [1]
  .text              ro code  0x0800899e     0x4  startup_stm32f407xx.o [1]
  .text              ro code  0x080089a2     0x4  startup_stm32f407xx.o [1]
  .text              ro code  0x080089a6     0x4  startup_stm32f407xx.o [1]
  .text              ro code  0x080089aa     0x4  startup_stm32f407xx.o [1]
  .text              ro code  0x080089ae     0x4  startup_stm32f407xx.o [1]
  .text              ro code  0x080089b2     0x4  startup_stm32f407xx.o [1]
  .text              ro code  0x080089b6     0x4  startup_stm32f407xx.o [1]
  .rodata            const    0x080089ba     0x0  zero_init3.o [5]
  .rodata            const    0x080089ba     0x0  lz77_init_single.o [5]
  Initializer bytes  const    0x080089ba   0x18a  <for P2-1>
                            - 0x08008b44  0x89bc

"P2", part 1 of 3:                         0x43c
  P2-1                        0x20000000   0x43c  <Init block>
    .data            inited   0x20000000    0x28  chassis.o [1]
    .data            inited   0x20000028    0x28  chassis.o [1]
    .data            inited   0x20000050     0x4  chassis.o [1]
    .data            inited   0x20000054     0x4  chassis.o [1]
    .data            inited   0x20000058     0x4  chassis.o [1]
    .data            inited   0x2000005c     0x4  chassis.o [1]
    .data            inited   0x20000060     0x4  chassis.o [1]
    .data            inited   0x20000064   0x348  cmd.o [1]
    .data            inited   0x200003ac     0xc  maxon.o [1]
    .data            inited   0x200003b8     0x4  system_stm32f4xx.o [1]
    .data            inited   0x200003bc    0x38  xlocale_c.o [3]
    .data            inited   0x200003f4    0x48  xlocale_c.o [3]
                            - 0x2000043c   0x43c

"P2", part 2 of 3:                         0x640
  .bss               zero     0x2000043c   0x190  can.o [1]
  .bss               zero     0x200005cc    0xc8  usart.o [1]
  .bss               zero     0x20000694    0x68  usart.o [1]
  .bss               zero     0x200006fc    0x4c  chassis.o [1]
  .bss               zero     0x20000748    0x44  can.o [1]
  .bss               zero     0x2000078c    0x40  usart.o [1]
  .bss               zero     0x200007cc    0x40  usart.o [1]
  .bss               zero     0x2000080c    0x40  usart.o [1]
  .bss               zero     0x2000084c    0x40  usart.o [1]
  .bss               zero     0x2000088c    0x40  usart.o [1]
  .bss               zero     0x200008cc    0x3c  tim.o [1]
  .bss               zero     0x20000908    0x3c  tim.o [1]
  .bss               zero     0x20000944    0x30  cmd.o [1]
  .bss               zero     0x20000974    0x28  can.o [1]
  .bss               zero     0x200009a0    0x28  chassis.o [1]
  .bss               zero     0x200009c8    0x24  can.o [1]
  .bss               zero     0x200009ec    0x1c  can.o [1]
  .bss               zero     0x20000a08     0x8  chassis.o [1]
  .bss               zero     0x20000a10     0x8  chassis.o [1]
  .bss               zero     0x20000a18     0x4  can.o [1]
  .bss               zero     0x20000a1c     0x4  chassis.o [1]
  .bss               zero     0x20000a20     0x4  chassis.o [1]
  .bss               zero     0x20000a24     0x4  chassis.o [1]
  .bss               zero     0x20000a28     0x4  chassis.o [1]
  .bss               zero     0x20000a2c     0x4  chassis.o [1]
  .bss               zero     0x20000a30     0x4  chassis.o [1]
  .bss               zero     0x20000a34     0x4  chassis.o [1]
  .bss               zero     0x20000a38     0x4  chassis.o [1]
  .bss               zero     0x20000a3c     0x4  chassis.o [1]
  .bss               zero     0x20000a40     0x4  chassis.o [1]
  .bss               zero     0x20000a44     0x4  chassis.o [1]
  .bss               zero     0x20000a48     0x4  chassis.o [1]
  .bss               zero     0x20000a4c     0x4  chassis.o [1]
  .bss               zero     0x20000a50     0x4  chassis.o [1]
  .bss               zero     0x20000a54     0x4  main.o [1]
  .bss               zero     0x20000a58     0x4  main.o [1]
  .bss               zero     0x20000a5c     0x4  stm32f4xx_hal.o [1]
  .bss               zero     0x20000a60     0x4  vega.o [1]
  .bss               zero     0x20000a64     0x4  vega.o [1]
  .bss               zero     0x20000a68     0x4  vega.o [1]
  .bss               zero     0x20000a6c     0x4  xfail_s.o [3]
  .bss               zero     0x20000a70     0x4  no_free_heap0.o [3]
  .bss               zero     0x20000a74     0x4  xgetmemchunk.o [3]
  .bss               zero     0x20000a78     0x2  usart.o [1]
  .bss               zero     0x20000a7a     0x1  usart.o [1]
                            - 0x20000a7b   0x63f

"P2", part 3 of 3:                         0x600
  CSTACK                      0x20000a80   0x400  <Block>
    CSTACK           uninit   0x20000a80   0x400  <Block tail>
  HEAP                        0x20000e80   0x200  <Block>
    HEAP             uninit   0x20000e80   0x200  <Block tail>
                            - 0x20001080   0x600


*******************************************************************************
*** INIT TABLE
***

          Address     Size
          -------     ----
Zero (__iar_zero_init3)
    1 destination range, total size 0x63f:
          0x2000043c  0x63f

Copy/lz77 (__iar_lz77_init_single3)
    1 source range, total size 0x18a (36% of destination):
          0x080089ba  0x18a
    1 destination range, total size 0x43c:
          0x20000000  0x43c



*******************************************************************************
*** MODULE SUMMARY
***

    Module                  ro code  ro data  rw data
    ------                  -------  -------  -------
C:\Users\–Ï√˙‘∂\Desktop\chassis\EWARM\chassis\Obj: [1]
    can.o                       668       72      576
    chassis.o                 2 532       92      288
    cmd.o                       352      353      888
    cmd_func.o                  464       76
    gpio.o                      180
    main.o                      422       76        8
    maxon.o                      84        5       12
    startup_stm32f407xx.o       724
    stm32f4xx_hal.o             162                 4
    stm32f4xx_hal_can.o       3 016
    stm32f4xx_hal_cortex.o      372
    stm32f4xx_hal_dma.o          40
    stm32f4xx_hal_gpio.o        596
    stm32f4xx_hal_msp.o          94
    stm32f4xx_hal_rcc.o       1 464
    stm32f4xx_hal_tim.o       1 048
    stm32f4xx_hal_tim_ex.o      190
    stm32f4xx_hal_uart.o      2 026
    stm32f4xx_it.o               56
    system_stm32f4xx.o          108       25        4
    tim.o                       524       48      120
    usart.o                   1 428      100      627
    vega.o                      344       60       12
    -------------------------------------------------
    Total:                   16 894      907    2 539

command line: [2]
    -------------------------------------------------
    Total:

dl7M_tlf.a: [3]
    abort.o                       6
    exit.o                        4
    iar_Stoflt.o                456
    iar_Stopfx.o                290
    iar_Stoulx.o                372
    iar_Stoxflt.o               540
    isalpha.o                    20
    isspace.o                    20
    low_level_init.o              4
    no_free_heap0.o              68                 4
    tolower.o                    20
    vsnprint.o                   60
    xencoding_8859_1.o           30
    xfail_s.o                    64                 4
    xgetmemchunk.o               44                 4
    xlocale_c.o                 176       53      128
    xmbcurmax.o                  10
    xprintffull.o             3 990
    xsnprout.o                   26
    -------------------------------------------------
    Total:                    6 200       53      140

m7M_tls.a: [4]
    DblAdd.o                    376
    DblCmpEq.o                   32
    DblCmpGe.o                   46
    DblCmpLe.o                   46
    DblDiv.o                    582
    DblMul.o                    418
    DblSub.o                    226
    DblToFlt.o                  104
    DblToS32.o                   58
    DblToU32.o                   40
    FltToDbl.o                   72
    S32ToDbl.o                   34
    U32ToDbl.o                   26
    atan2_64.o                  316
    cos_sin64.o               1 096
    fpinit_M.o                   34
    frexp.o                     112
    iar_Atan64.o                520
    iar_Exp64.o               1 048
    ldexp.o                     314
    math_wrappers64.o            58
    pow64.o                   2 856
    sqrt.o                      258
    strto64.o                 1 440
    -------------------------------------------------
    Total:                   10 112

rt7M_tl.a: [5]
    ABImemcpy.o                 166
    ABImemset.o                 102
    I64DivMod.o                 558
    I64DivZer.o                   2
    cexit.o                      10
    cmain.o                      30
    cstartup_M.o                 12
    data_init.o                  40
    lz77_init_single.o          122
    memchr.o                     88
    strchr.o                     22
    strcmp.o                     74
    strlen.o                     54
    zero_init3.o                 64
    -------------------------------------------------
    Total:                    1 344

shb_l.a: [6]
    ABIassert.o                  36
    exit.o                       20
    -------------------------------------------------
    Total:                       56

    Gaps                         50        4        4
    Linker created                        32    1 536
-----------------------------------------------------
    Grand Total:             34 656      996    4 219


*******************************************************************************
*** ENTRY LIST
***

Entry                      Address   Size  Type      Object
-----                      -------   ----  ----      ------
.iar.init_table$$Base   0x080086b4          --   Gb  - Linker created -
.iar.init_table$$Limit  0x080086d4          --   Gb  - Linker created -
?main                   0x08008735         Code  Gb  cmain.o [5]
AHBPrescTable           0x08008804   0x10  Data  Gb  system_stm32f4xx.o [1]
APBPrescTable           0x08008870    0x8  Data  Gb  system_stm32f4xx.o [1]
Angle_KD                0x20000a38    0x4  Data  Gb  chassis.o [1]
Angle_KP                0x20000060    0x4  Data  Gb  chassis.o [1]
BusFault_Handler        0x08008567    0x2  Code  Gb  stm32f4xx_it.o [1]
CAN1_RX0_IRQHandler     0x0800857d    0xa  Code  Gb  stm32f4xx_it.o [1]
CAN_LIST_MATCH          0x08002d0b   0x32  Code  Gb  can.o [1]
CAN_Receive_IT          0x08002943  0x1e0  Code  Lc  stm32f4xx_hal_can.o [1]
CAN_Transmit_IT         0x080028e5   0x5e  Code  Lc  stm32f4xx_hal_can.o [1]
CSTACK$$Base            0x20000a80          --   Gb  - Linker created -
CSTACK$$Limit           0x20000e80          --   Gb  - Linker created -
CacheMore               0x080011d9   0x24  Code  Lc  xlocale_c.o [3]
Chassis_motor0          0x20000a20    0x4  Data  Lc  chassis.o [1]
Chassis_motor1          0x20000a24    0x4  Data  Lc  chassis.o [1]
Chassis_motor3          0x20000a28    0x4  Data  Lc  chassis.o [1]
Configure_Filter        0x08002c21   0x48  Code  Gb  can.o [1]
DebugMon_Handler        0x0800856d    0x2  Code  Gb  stm32f4xx_it.o [1]
Dtentox                 0x080061c5  0x19a  Code  Lc  strto64.o [4]
ERR_angle_m0            0x20000054    0x4  Data  Gb  chassis.o [1]
ERR_angle_m1            0x20000050    0x4  Data  Gb  chassis.o [1]
ERR_angle_m3            0x20000a1c    0x4  Data  Gb  chassis.o [1]
HAL_CAN_ConfigFilter    0x08002105  0x108  Code  Gb  stm32f4xx_hal_can.o [1]
HAL_CAN_ErrorCallback   0x08002d65   0x26  Code  Gb  can.o [1]
HAL_CAN_IRQHandler      0x080025a3  0x32c  Code  Gb  stm32f4xx_hal_can.o [1]
HAL_CAN_Init            0x08001f5d  0x1a8  Code  Gb  stm32f4xx_hal_can.o [1]
HAL_CAN_MspInit         0x08002b87   0x5c  Code  Gb  can.o [1]
HAL_CAN_Receive_IT      0x0800248d  0x116  Code  Gb  stm32f4xx_hal_can.o [1]
HAL_CAN_RxCpltCallback  0x08002d3d   0x28  Code  Gb  can.o [1]
HAL_CAN_Transmit        0x0800220d  0x27c  Code  Gb  stm32f4xx_hal_can.o [1]
HAL_DMA_Abort_IT        0x08005f4d   0x28  Code  Gb  stm32f4xx_hal_dma.o [1]
HAL_Delay               0x08005cc9   0x1e  Code  Wk  stm32f4xx_hal.o [1]
HAL_GPIO_Init           0x08002f79  0x21c  Code  Gb  stm32f4xx_hal_gpio.o [1]
HAL_GetTick             0x08002dc1    0xc  Code  Wk  stm32f4xx_hal.o [1]
HAL_IncTick             0x08008599   0x10  Code  Wk  stm32f4xx_hal.o [1]
HAL_Init                0x080038f9   0x3a  Code  Gb  stm32f4xx_hal.o [1]
HAL_InitTick            0x08005519   0x28  Code  Wk  stm32f4xx_hal.o [1]
HAL_MspInit             0x08005541   0x5e  Code  Gb  stm32f4xx_hal_msp.o [1]
HAL_NVIC_EnableIRQ      0x080032dd    0xe  Code  Gb  stm32f4xx_hal_cortex.o [1]
HAL_NVIC_SetPriority    0x080032b3   0x2a  Code  Gb  stm32f4xx_hal_cortex.o [1]
HAL_NVIC_SetPriorityGrouping
                        0x080032a7    0xc  Code  Gb  stm32f4xx_hal_cortex.o [1]
HAL_RCC_ClockConfig     0x08004acd  0x14a  Code  Gb  stm32f4xx_hal_rcc.o [1]
HAL_RCC_GetHCLKFreq     0x08004c17    0x6  Code  Gb  stm32f4xx_hal_rcc.o [1]
HAL_RCC_GetPCLK1Freq    0x08004c1d   0x16  Code  Gb  stm32f4xx_hal_rcc.o [1]
HAL_RCC_GetPCLK2Freq    0x08004c33   0x16  Code  Gb  stm32f4xx_hal_rcc.o [1]
HAL_RCC_OscConfig       0x0800473d  0x390  Code  Wk  stm32f4xx_hal_rcc.o [1]
HAL_SYSTICK_CLKSourceConfig
                        0x080032f7   0x20  Code  Gb  stm32f4xx_hal_cortex.o [1]
HAL_SYSTICK_Callback    0x08002ee1   0x74  Code  Gb  main.o [1]
HAL_SYSTICK_Callback::time_1ms_cnt
                        0x20000a58    0x4  Data  Lc  main.o [1]
HAL_SYSTICK_Config      0x080032eb    0xc  Code  Gb  stm32f4xx_hal_cortex.o [1]
HAL_SYSTICK_IRQHandler  0x08003339    0x8  Code  Gb  stm32f4xx_hal_cortex.o [1]
HAL_TIMEx_ConfigBreakDeadTime
                        0x08005a13   0x64  Code  Gb  stm32f4xx_hal_tim_ex.o [1]
HAL_TIMEx_MasterConfigSynchronization
                        0x080059b9   0x5a  Code  Gb  stm32f4xx_hal_tim_ex.o [1]
HAL_TIM_MspPostInit     0x08003b83   0x56  Code  Gb  tim.o [1]
HAL_TIM_PWM_ConfigChannel
                        0x080055d9  0x100  Code  Gb  stm32f4xx_hal_tim.o [1]
HAL_TIM_PWM_Init        0x080055a1   0x38  Code  Gb  stm32f4xx_hal_tim.o [1]
HAL_TIM_PWM_MspInit     0x08003b33   0x50  Code  Gb  tim.o [1]
HAL_UART_ErrorCallback  0x080037b1    0x2  Code  Gb  usart.o [1]
HAL_UART_IRQHandler     0x08004eb1  0x14a  Code  Gb  stm32f4xx_hal_uart.o [1]
HAL_UART_Init           0x08004cf5   0x76  Code  Gb  stm32f4xx_hal_uart.o [1]
HAL_UART_MspInit        0x08003535  0x1ba  Code  Gb  usart.o [1]
HAL_UART_Receive_IT     0x08004e4b   0x66  Code  Gb  stm32f4xx_hal_uart.o [1]
HAL_UART_RxCpltCallback
                        0x0800371d   0x94  Code  Gb  usart.o [1]
HAL_UART_Transmit       0x08004d6b   0xe0  Code  Gb  stm32f4xx_hal_uart.o [1]
HEAP$$Base              0x20000e80          --   Gb  - Linker created -
HEAP$$Limit             0x20001080          --   Gb  - Linker created -
HardFault_Handler       0x08008563    0x2  Code  Gb  stm32f4xx_it.o [1]
LoadInt                 0x08000377   0x7a  Code  Lc  xprintffull.o [3]
MX_CAN1_Init            0x08002b25   0x62  Code  Gb  can.o [1]
MX_GPIO_Init            0x08003939   0xb4  Code  Gb  gpio.o [1]
MX_TIM1_Init            0x080039ed   0xc4  Code  Gb  tim.o [1]
MX_TIM2_Init            0x08003ab1   0x82  Code  Gb  tim.o [1]
MX_UART4_Init           0x08003341   0x5e  Code  Gb  usart.o [1]
MX_UART5_Init           0x0800339f   0x7c  Code  Gb  usart.o [1]
MX_USART1_UART_Init     0x0800341b   0x5e  Code  Gb  usart.o [1]
MX_USART2_UART_Init     0x08003479   0x5e  Code  Gb  usart.o [1]
MX_USART3_UART_Init     0x080034d7   0x5e  Code  Gb  usart.o [1]
MemManage_Handler       0x08008565    0x2  Code  Gb  stm32f4xx_it.o [1]
NMI_Handler             0x08008561    0x2  Code  Gb  stm32f4xx_it.o [1]
NVIC_EnableIRQ          0x080031f3   0x16  Code  Lc  stm32f4xx_hal_cortex.o [1]
NVIC_EncodePriority     0x08003235   0x42  Code  Lc  stm32f4xx_hal_cortex.o [1]
NVIC_GetPriorityGrouping
                        0x080031e9    0xa  Code  Lc  stm32f4xx_hal_cortex.o [1]
NVIC_SetPriority        0x08003209   0x2c  Code  Lc  stm32f4xx_hal_cortex.o [1]
NVIC_SetPriorityGrouping
                        0x080031cd   0x1c  Code  Lc  stm32f4xx_hal_cortex.o [1]
PendSV_Handler          0x0800856f    0x2  Code  Gb  stm32f4xx_it.o [1]
Region$$Table$$Base     0x080086b4          --   Gb  - Linker created -
Region$$Table$$Limit    0x080086d4          --   Gb  - Linker created -
RxMessage               0x200009c8   0x24  Data  Lc  can.o [1]
SVC_Handler             0x0800856b    0x2  Code  Gb  stm32f4xx_it.o [1]
SysTick_Config          0x08003277   0x30  Code  Lc  stm32f4xx_hal_cortex.o [1]
SysTick_Handler         0x08008571    0xc  Code  Gb  stm32f4xx_it.o [1]
SystemClock_Config      0x08002e1d   0xc4  Code  Gb  main.o [1]
SystemCoreClock         0x200003b8    0x4  Data  Gb  system_stm32f4xx.o [1]
SystemInit              0x08005fa5   0x4c  Code  Gb  system_stm32f4xx.o [1]
TIM_Base_SetConfig      0x080056d9   0xec  Code  Gb  stm32f4xx_hal_tim.o [1]
TIM_OC1_SetConfig       0x08005843   0x6e  Code  Lc  stm32f4xx_hal_tim.o [1]
TIM_OC2_SetConfig       0x080057c5   0x7c  Code  Gb  stm32f4xx_hal_tim.o [1]
TIM_OC3_SetConfig       0x080058b1   0x76  Code  Lc  stm32f4xx_hal_tim.o [1]
TIM_OC4_SetConfig       0x08005927   0x64  Code  Lc  stm32f4xx_hal_tim.o [1]
TxMessage               0x200009ec   0x1c  Data  Lc  can.o [1]
UART5_IRQHandler        0x08008587    0xa  Code  Gb  stm32f4xx_it.o [1]
UART_DMAAbortOnError    0x0800508d   0x16  Code  Lc  stm32f4xx_hal_uart.o [1]
UART_EndRxTransfer      0x08005069   0x20  Code  Lc  stm32f4xx_hal_uart.o [1]
UART_EndTransmit_IT     0x08005113   0x20  Code  Lc  stm32f4xx_hal_uart.o [1]
UART_Receive_IT         0x08005133   0xa2  Code  Lc  stm32f4xx_hal_uart.o [1]
UART_SetConfig          0x080051d5  0x2fc  Code  Lc  stm32f4xx_hal_uart.o [1]
UART_Transmit_IT        0x080050a5   0x6e  Code  Lc  stm32f4xx_hal_uart.o [1]
UART_WaitOnFlagUntilTimeout
                        0x08004ffb   0x6e  Code  Lc  stm32f4xx_hal_uart.o [1]
USART_RX_BUF            0x200005cc   0xc8  Data  Gb  usart.o [1]
USART_RX_STA            0x20000a78    0x2  Data  Gb  usart.o [1]
UsageFault_Handler      0x08008569    0x2  Code  Gb  stm32f4xx_it.o [1]
_Encoding_8859_1_Mbrlen
                        0x08001271    0x2  Code  Gb  xencoding_8859_1.o [3]
_Encoding_8859_1_Wctomb
                        0x0800125f   0x12  Code  Gb  xencoding_8859_1.o [3]
_Error_Handler          0x08002f75    0x2  Code  Gb  main.o [1]
_GenldFull              0x08000df9  0x274  Code  Lc  xprintffull.o [3]
_LdtobFull              0x080009cd  0x3fe  Code  Lc  xprintffull.o [3]
_LitobFull              0x08000875  0x112  Code  Lc  xprintffull.o [3]
_LocaleC_isalpha        0x0800119f    0xc  Code  Gb  xlocale_c.o [3]
_LocaleC_islower        0x08001199    0x4  Code  Gb  xlocale_c.o [3]
_LocaleC_isspace        0x080011b5   0x14  Code  Gb  xlocale_c.o [3]
_LocaleC_isupper        0x0800119d    0x2  Code  Gb  xlocale_c.o [3]
_LocaleC_tolower        0x080011c9    0xc  Code  Gb  xlocale_c.o [3]
_Locale_lconv           0x200003bc   0x38  Data  Lc  xlocale_c.o [3]
_PrintfFull             0x08000189  0x1d6  Code  Gb  xprintffull.o [3]
_PutcharsFull           0x0800106d   0x2e  Code  Lc  xprintffull.o [3]
_PutfldFull             0x080003f1  0x2d0  Code  Lc  xprintffull.o [3]
_PutstrFull             0x080007b7   0xbe  Code  Lc  xprintffull.o [3]
_PuttxtFull             0x080006c1   0xf6  Code  Lc  xprintffull.o [3]
_SNProut                0x080012f3   0x1a  Code  Gb  xsnprout.o [3]
__aeabi_assert          0x080038d5   0x24  Code  Gb  ABIassert.o [6]
__aeabi_cdcmpeq         0x08005f2d         Code  Gb  DblCmpEq.o [4]
__aeabi_cdcmple         0x0800185d         Code  Gb  DblCmpLe.o [4]
__aeabi_cdrcmple        0x0800188d         Code  Gb  DblCmpGe.o [4]
__aeabi_d2f             0x08005d3d         Code  Gb  DblToFlt.o [4]
__aeabi_d2iz            0x080019f9         Code  Gb  DblToS32.o [4]
__aeabi_d2uiz           0x08001d85         Code  Gb  DblToU32.o [4]
__aeabi_dadd            0x08001dd1         Code  Gb  DblAdd.o [4]
__aeabi_ddiv            0x08001b3d         Code  Gb  DblDiv.o [4]
__aeabi_dmul            0x08001649         Code  Gb  DblMul.o [4]
__aeabi_dsub            0x08001a59         Code  Gb  DblSub.o [4]
__aeabi_f2d             0x08005da5         Code  Gb  FltToDbl.o [4]
__aeabi_i2d             0x08001a35         Code  Gb  S32ToDbl.o [4]
__aeabi_ldiv0           0x08001dcd         Code  Gb  I64DivZer.o [5]
__aeabi_memcpy          0x08001371         Code  Gb  ABImemcpy.o [5]
__aeabi_memcpy4         0x08001391         Code  Gb  ABImemcpy.o [5]
__aeabi_memcpy8         0x08001391         Code  Gb  ABImemcpy.o [5]
__aeabi_memset          0x08005b09         Code  Gb  ABImemset.o [5]
__aeabi_ui2d            0x08001dad         Code  Gb  U32ToDbl.o [4]
__aeabi_uldivmod        0x08001419         Code  Gb  I64DivMod.o [5]
__cmain                 0x08008735         Code  Gb  cmain.o [5]
__data_GetMemChunk      0x08005f79   0x2c  Code  Gb  xgetmemchunk.o [3]
__data_GetMemChunk::start
                        0x20000a74    0x4  Data  Lc  xgetmemchunk.o [3]
__exit                  0x08001f49   0x14  Code  Gb  exit.o [6]
__iar_Atan64            0x08007b81  0x170  Code  Gb  iar_Atan64.o [4]
__iar_Exp64             0x08007d89  0x3b8  Code  Gb  iar_Exp64.o [4]
__iar_Fail_s            0x0800127d   0x1c  Code  Gb  xfail_s.o [3]
__iar_Mbcurmax          0x08001365    0xa  Code  Gb  xmbcurmax.o [3]
__iar_Memchr            0x0800130d         Code  Gb  memchr.o [5]
__iar_Memset            0x08005b09         Code  Gb  ABImemset.o [5]
__iar_Memset_word       0x08005b11         Code  Gb  ABImemset.o [5]
__iar_Pow64             0x08006709  0x654  Code  Lc  pow64.o [4]
__iar_Sin64             0x08007231  0x3b2  Code  Lc  cos_sin64.o [4]
__iar_Sto64             0x08006371  0x1a6  Code  Gb  strto64.o [4]
__iar_Stoflt            0x0800779d  0x1c8  Code  Gb  iar_Stoflt.o [3]
__iar_Stopfx            0x08007679  0x122  Code  Gb  iar_Stopfx.o [3]
__iar_Stoulx            0x08008399  0x112  Code  Gb  iar_Stoulx.o [3]
__iar_Stoxflt           0x08007965  0x1e6  Code  Gb  iar_Stoxflt.o [3]
__iar_Stoxflt::digits   0x08007b50   0x18  Data  Lc  iar_Stoxflt.o [3]
__iar_Stoxflt::vals     0x08007b68   0x18  Data  Lc  iar_Stoxflt.o [3]
__iar_Strchr            0x08001249         Code  Gb  strchr.o [5]
__iar_atan2_64          0x080065b1  0x13c  Code  Gb  atan2_64.o [4]
__iar_cos64             0x08007675    0x4  Code  Gb  cos_sin64.o [4]
__iar_cos_medium        0x08007675    0x4  Code  Gb  cos_sin64.o [4]
__iar_cos_medium64      0x08007675    0x4  Code  Gb  cos_sin64.o [4]
__iar_cos_mediuml       0x08007675    0x4  Code  Gb  cos_sin64.o [4]
__iar_dadd              0x08001a69         Code  Gb  DblSub.o [4]
__iar_data_init3        0x08008669   0x28  Code  Gb  data_init.o [5]
__iar_dsub              0x08001de1         Code  Gb  DblAdd.o [4]
__iar_dsubStart         0x08001df3         Code  Gb  DblAdd.o [4]
__iar_frexp             0x080017f9         Code  Gb  frexp.o [4]
__iar_frexpl            0x080017f9         Code  Gb  frexp.o [4]
__iar_globLocale        0x200003f4   0x48  Data  Lc  xlocale_c.o [3]
__iar_global_Locale     0x080011d5    0x4  Code  Gb  xlocale_c.o [3]
__iar_init_vfp          0x08008691         Code  Gb  fpinit_M.o [4]
__iar_ldexp64           0x080018bd         Code  Gb  ldexp.o [4]
__iar_lz77_init_single3
                        0x0800111f   0x7a  Code  Gb  lz77_init_single.o [5]
__iar_pow64             0x08006dfd   0x14  Code  Gb  pow64.o [4]
__iar_pow_medium        0x08006dfd   0x14  Code  Gb  pow64.o [4]
__iar_pow_medium64      0x08006dfd   0x14  Code  Gb  pow64.o [4]
__iar_pow_mediuml       0x08006dfd   0x14  Code  Gb  pow64.o [4]
__iar_program_start     0x0800885d         Code  Gb  cstartup_M.o [5]
__iar_scalbln64         0x080018bd         Code  Gb  ldexp.o [4]
__iar_scalbn64          0x080018bd         Code  Gb  ldexp.o [4]
__iar_softfp___iar_frexp64
                        0x080017ed         Code  Gb  frexp.o [4]
__iar_softfp_frexp      0x080017ed         Code  Gb  frexp.o [4]
__iar_softfp_frexpl     0x080017ed         Code  Gb  frexp.o [4]
__iar_sqrt64            0x08005e39         Code  Gb  sqrt.o [4]
__iar_systems$$module {Abs}
                        0x00000001         Data  Gb  command line/config [2]
__iar_vfp___iar_sqrt64  0x08005e29         Code  Gb  sqrt.o [4]
__iar_vfp_atan2         0x08005dfb   0x10  Code  Gb  math_wrappers64.o [4]
__iar_vfp_atof          0x08005df3    0x8  Code  Gb  math_wrappers64.o [4]
__iar_vfp_cos           0x08005e1b    0xc  Code  Gb  math_wrappers64.o [4]
__iar_vfp_pow           0x08005e0b   0x10  Code  Gb  math_wrappers64.o [4]
__iar_vfp_sqrt          0x08005e29         Code  Gb  sqrt.o [4]
__iar_vfp_sqrtl         0x08005e29         Code  Gb  sqrt.o [4]
__iar_zero_init3        0x08008521   0x40  Code  Gb  zero_init3.o [5]
__low_level_init        0x08008753    0x4  Code  Gb  low_level_init.o [3]
__no_free_malloc        0x08005a79   0x40  Code  Gb  no_free_heap0.o [3]
__vector_table          0x08000000         Data  Gb  startup_stm32f407xx.o [1]
_call_main              0x08008741         Code  Gb  cmain.o [5]
_exit                   0x0800875d         Code  Gb  cexit.o [5]
_gLocale_mblen          0x08001235    0x4  Code  Gb  xlocale_c.o [3]
_gLocale_mblenInt       0x080011fd   0x34  Code  Gb  xlocale_c.o [3]
_gLocale_wctomb         0x08001239    0x4  Code  Gb  xlocale_c.o [3]
_gLocale_wctombInt      0x08001231    0x4  Code  Gb  xlocale_c.o [3]
_main                   0x0800874f         Code  Gb  cmain.o [5]
a                       0x08007d48   0x40  Data  Lc  iar_Atan64.o [4]
aRxBuffer               0x20000a7a    0x1  Data  Gb  usart.o [1]
abort                   0x08001dc7    0x6  Code  Gb  abort.o [3]
atan2                   0x080065b1  0x13c  Code  Gb  atan2_64.o [4]
atan2l                  0x080065b1  0x13c  Code  Gb  atan2_64.o [4]
atof                    0x0800655d    0x8  Code  Gb  strto64.o [4]
atoi                    0x080084b1    0x2  Code  Gb  iar_Stoulx.o [3]
canList                 0x2000043c  0x190  Data  Gb  can.o [1]
can_add_callback        0x08002cb5   0x56  Code  Gb  can.o [1]
can_init                0x08002be3   0x3e  Code  Gb  can.o [1]
can_send_msg            0x08002c69   0x4c  Code  Gb  can.o [1]
canlistnum              0x20000a18    0x4  Data  Lc  can.o [1]
chassis                 0x200006fc   0x4c  Data  Gb  chassis.o [1]
chassis_PID_Angle_Control
                        0x08003ead   0x54  Code  Gb  chassis.o [1]
chassis_PID_Angle_Control::angle_last_err
                        0x20000a50    0x4  Data  Lc  chassis.o [1]
chassis_angle_subtract  0x08003e39   0x74  Code  Gb  chassis.o [1]
chassis_calculate_dis_matrix
                        0x080040b5  0x1ba  Code  Gb  chassis.o [1]
chassis_calculate_speed1
                        0x08004281  0x25a  Code  Gb  chassis.o [1]
chassis_dis_to_bgn      0x20000a30    0x4  Data  Gb  chassis.o [1]
chassis_dis_to_end      0x20000a34    0x4  Data  Gb  chassis.o [1]
chassis_exe             0x08004515  0x196  Code  Gb  chassis.o [1]
chassis_go_route        0x08004091   0x16  Code  Gb  chassis.o [1]
chassis_gostraight      0x08003f01  0x190  Code  Gb  chassis.o [1]
chassis_init            0x08003d59   0x52  Code  Gb  chassis.o [1]
chassis_poscnt          0x20000058    0x4  Data  Lc  chassis.o [1]
chassis_posnum          0x2000005c    0x4  Data  Lc  chassis.o [1]
chassis_speed           0x20000028   0x28  Data  Gb  chassis.o [1]
chassis_update          0x08003dad   0x8c  Code  Gb  chassis.o [1]
chassis_xpos            0x20000000   0x28  Data  Gb  chassis.o [1]
chassis_ypos            0x200009a0   0x28  Data  Gb  chassis.o [1]
cmd_angle_pid           0x08008309   0x2c  Code  Gb  cmd_func.o [1]
cmd_argv                0x20000944   0x30  Data  Gb  cmd.o [1]
cmd_chassis_acc         0x08008335   0x12  Code  Gb  cmd_func.o [1]
cmd_exec                0x08003c9d   0x68  Code  Gb  cmd.o [1]
cmd_go_route_func       0x0800825f   0x42  Code  Gb  cmd_func.o [1]
cmd_go_straight_func    0x08008229   0x36  Code  Gb  cmd_func.o [1]
cmd_hello_func          0x080081c9    0xe  Code  Gb  cmd_func.o [1]
cmd_help_func           0x08003d05   0x3e  Code  Gb  cmd.o [1]
cmd_init                0x08003bf9   0x1a  Code  Gb  cmd.o [1]
cmd_modify_angle        0x080082ad   0x5c  Code  Gb  cmd_func.o [1]
cmd_parse               0x08003c13   0x8a  Code  Gb  cmd.o [1]
cmd_reset_vega          0x080082a1    0xc  Code  Gb  cmd_func.o [1]
cmd_set_speed_func      0x080081d7   0x32  Code  Gb  cmd_func.o [1]
cmd_stop_func           0x08008209   0x20  Code  Gb  cmd_func.o [1]
cmd_tbl                 0x20000064  0x348  Data  Lc  cmd.o [1]
cos                     0x08007675    0x4  Code  Gb  cos_sin64.o [4]
cosl                    0x08007675    0x4  Code  Gb  cos_sin64.o [4]
ddiv                    0x080060e5   0xd0  Code  Lc  strto64.o [4]
digits                  0x080084bc   0x28  Data  Lc  iar_Stoulx.o [3]
dmul                    0x08006011   0xd2  Code  Lc  strto64.o [4]
exit                    0x08008757    0x4  Code  Gb  exit.o [3]
flag                    0x20000a54    0x4  Data  Gb  main.o [1]
g_fangle                0x20000a44    0x4  Data  Gb  chassis.o [1]
g_fturn                 0x20000a48    0x4  Data  Gb  chassis.o [1]
g_ispeed                0x20000a40    0x4  Data  Gb  chassis.o [1]
g_vega_angle            0x20000a68    0x4  Data  Lc  vega.o [1]
g_vega_pos_x            0x20000a60    0x4  Data  Lc  vega.o [1]
g_vega_pos_y            0x20000a64    0x4  Data  Lc  vega.o [1]
hcan1                   0x20000748   0x44  Data  Gb  can.o [1]
htim1                   0x200008cc   0x3c  Data  Gb  tim.o [1]
htim2                   0x20000908   0x3c  Data  Gb  tim.o [1]
huart1                  0x2000080c   0x40  Data  Gb  usart.o [1]
huart2                  0x2000084c   0x40  Data  Gb  usart.o [1]
huart3                  0x2000088c   0x40  Data  Gb  usart.o [1]
huart4                  0x2000078c   0x40  Data  Gb  usart.o [1]
huart5                  0x200007cc   0x40  Data  Gb  usart.o [1]
isalpha                 0x080081b5   0x14  Code  Gb  isalpha.o [3]
isspace                 0x080081a1   0x14  Code  Gb  isspace.o [3]
ldexp                   0x080018bd         Code  Gb  ldexp.o [4]
ldexpl                  0x080018bd         Code  Gb  ldexp.o [4]
lnbias                  0x08006e10  0x420  Data  Lc  pow64.o [4]
localeconv              0x0800123d    0x4  Code  Gb  xlocale_c.o [3]
main                    0x08002dd1   0x4c  Code  Gb  main.o [1]
maxon_setSpeed          0x08005ce9   0x4e  Code  Gb  maxon.o [1]
memchr                  0x0800130d         Code  Gb  memchr.o [5]
ndigs                   0x080084e4   0x28  Data  Lc  iar_Stoulx.o [3]
param_a                 0x20000a08    0x8  Data  Gb  chassis.o [1]
param_b                 0x20000a10    0x8  Data  Gb  chassis.o [1]
pow                     0x08006dfd   0x14  Code  Gb  pow64.o [4]
powl                    0x08006dfd   0x14  Code  Gb  pow64.o [4]
pows                    0x08006568   0x48  Data  Lc  strto64.o [4]
qs                      0x20000a70    0x4  Data  Lc  no_free_heap0.o [3]
routeflag               0x20000a2c    0x4  Data  Lc  chassis.o [1]
sFilterConfig           0x20000974   0x28  Data  Gb  can.o [1]
scalbln                 0x080018bd         Code  Gb  ldexp.o [4]
scalblnl                0x080018bd         Code  Gb  ldexp.o [4]
scalbn                  0x080018bd         Code  Gb  ldexp.o [4]
scalbnl                 0x080018bd         Code  Gb  ldexp.o [4]
scale                   0x08000987   0x46  Code  Lc  xprintffull.o [3]
sec_hand                0x20000a6c    0x4  Data  Lc  xfail_s.o [3]
sendToSetSpeed          0x200003ac    0xc  Data  Gb  maxon.o [1]
sqrt                    0x08005e39         Code  Gb  sqrt.o [4]
sqrtl                   0x08005e39         Code  Gb  sqrt.o [4]
start_flag              0x20000a4c    0x4  Data  Gb  chassis.o [1]
strchr                  0x08001249         Code  Gb  strchr.o [5]
strcmp                  0x08005abd         Code  Gb  strcmp.o [5]
strlen                  0x080012bd         Code  Gb  strlen.o [5]
tolower                 0x0800850d   0x14  Code  Gb  tolower.o [3]
turn_output             0x20000a3c    0x4  Data  Gb  chassis.o [1]
uart_buffer             0x20000694   0x68  Data  Gb  usart.o [1]
uprintf                 0x080036ef   0x2e  Code  Gb  usart.o [1]
usart_exc               0x080037b3   0xbc  Code  Gb  usart.o [1]
uwTick                  0x20000a5c    0x4  Data  Gb  stm32f4xx_hal.o [1]
vega_init               0x08005b71   0x3e  Code  Gb  vega.o [1]
vega_msg_rcv_callback   0x08005baf   0x98  Code  Gb  vega.o [1]
vega_reset              0x08005caf   0x1a  Code  Gb  vega.o [1]
vega_set_pos            0x08005c61   0x4e  Code  Gb  vega.o [1]
vsnprintf               0x080054dd   0x3c  Code  Gb  vsnprint.o [3]


[1] = C:\Users\–Ï√˙‘∂\Desktop\chassis\EWARM\chassis\Obj
[2] = command line
[3] = dl7M_tlf.a
[4] = m7M_tls.a
[5] = rt7M_tl.a
[6] = shb_l.a

  34 656 bytes of readonly  code memory
     996 bytes of readonly  data memory
   4 219 bytes of readwrite data memory

Errors: none
Warnings: none
