###############################################################################
#
# IAR ELF Linker V8.22.1.15669/W32 for ARM                25/Nov/2018  20:51:55
# Copyright 2007-2018 IAR Systems AB.
#
#    Output file  =  
#        C:\Users\wangyunxuan\Desktop\Robocon\chassis\chassis11_25快速转向\EWARM\chassis\Exe\chassis.out
#    Map file     =  
#        C:\Users\wangyunxuan\Desktop\Robocon\chassis\chassis11_25快速转向\EWARM\chassis\List\chassis.map
#    Command line =  
#        -f C:\Users\WANGYU~1\AppData\Local\Temp\EW33A9.tmp
#        (C:\Users\wangyunxuan\Desktop\Robocon\chassis\chassis11_25快速转向\EWARM\chassis\Obj\can.o
#        C:\Users\wangyunxuan\Desktop\Robocon\chassis\chassis11_25快速转向\EWARM\chassis\Obj\chassis.o
#        C:\Users\wangyunxuan\Desktop\Robocon\chassis\chassis11_25快速转向\EWARM\chassis\Obj\cmd.o
#        C:\Users\wangyunxuan\Desktop\Robocon\chassis\chassis11_25快速转向\EWARM\chassis\Obj\cmd_func.o
#        C:\Users\wangyunxuan\Desktop\Robocon\chassis\chassis11_25快速转向\EWARM\chassis\Obj\gpio.o
#        C:\Users\wangyunxuan\Desktop\Robocon\chassis\chassis11_25快速转向\EWARM\chassis\Obj\main.o
#        C:\Users\wangyunxuan\Desktop\Robocon\chassis\chassis11_25快速转向\EWARM\chassis\Obj\maxon.o
#        C:\Users\wangyunxuan\Desktop\Robocon\chassis\chassis11_25快速转向\EWARM\chassis\Obj\startup_stm32f407xx.o
#        C:\Users\wangyunxuan\Desktop\Robocon\chassis\chassis11_25快速转向\EWARM\chassis\Obj\stm32f4xx_hal.o
#        C:\Users\wangyunxuan\Desktop\Robocon\chassis\chassis11_25快速转向\EWARM\chassis\Obj\stm32f4xx_hal_can.o
#        C:\Users\wangyunxuan\Desktop\Robocon\chassis\chassis11_25快速转向\EWARM\chassis\Obj\stm32f4xx_hal_cortex.o
#        C:\Users\wangyunxuan\Desktop\Robocon\chassis\chassis11_25快速转向\EWARM\chassis\Obj\stm32f4xx_hal_dma.o
#        C:\Users\wangyunxuan\Desktop\Robocon\chassis\chassis11_25快速转向\EWARM\chassis\Obj\stm32f4xx_hal_dma_ex.o
#        C:\Users\wangyunxuan\Desktop\Robocon\chassis\chassis11_25快速转向\EWARM\chassis\Obj\stm32f4xx_hal_flash.o
#        C:\Users\wangyunxuan\Desktop\Robocon\chassis\chassis11_25快速转向\EWARM\chassis\Obj\stm32f4xx_hal_flash_ex.o
#        C:\Users\wangyunxuan\Desktop\Robocon\chassis\chassis11_25快速转向\EWARM\chassis\Obj\stm32f4xx_hal_flash_ramfunc.o
#        C:\Users\wangyunxuan\Desktop\Robocon\chassis\chassis11_25快速转向\EWARM\chassis\Obj\stm32f4xx_hal_gpio.o
#        C:\Users\wangyunxuan\Desktop\Robocon\chassis\chassis11_25快速转向\EWARM\chassis\Obj\stm32f4xx_hal_msp.o
#        C:\Users\wangyunxuan\Desktop\Robocon\chassis\chassis11_25快速转向\EWARM\chassis\Obj\stm32f4xx_hal_pwr.o
#        C:\Users\wangyunxuan\Desktop\Robocon\chassis\chassis11_25快速转向\EWARM\chassis\Obj\stm32f4xx_hal_pwr_ex.o
#        C:\Users\wangyunxuan\Desktop\Robocon\chassis\chassis11_25快速转向\EWARM\chassis\Obj\stm32f4xx_hal_rcc.o
#        C:\Users\wangyunxuan\Desktop\Robocon\chassis\chassis11_25快速转向\EWARM\chassis\Obj\stm32f4xx_hal_rcc_ex.o
#        C:\Users\wangyunxuan\Desktop\Robocon\chassis\chassis11_25快速转向\EWARM\chassis\Obj\stm32f4xx_hal_tim.o
#        C:\Users\wangyunxuan\Desktop\Robocon\chassis\chassis11_25快速转向\EWARM\chassis\Obj\stm32f4xx_hal_tim_ex.o
#        C:\Users\wangyunxuan\Desktop\Robocon\chassis\chassis11_25快速转向\EWARM\chassis\Obj\stm32f4xx_hal_uart.o
#        C:\Users\wangyunxuan\Desktop\Robocon\chassis\chassis11_25快速转向\EWARM\chassis\Obj\stm32f4xx_it.o
#        C:\Users\wangyunxuan\Desktop\Robocon\chassis\chassis11_25快速转向\EWARM\chassis\Obj\system_stm32f4xx.o
#        C:\Users\wangyunxuan\Desktop\Robocon\chassis\chassis11_25快速转向\EWARM\chassis\Obj\tim.o
#        C:\Users\wangyunxuan\Desktop\Robocon\chassis\chassis11_25快速转向\EWARM\chassis\Obj\track.o
#        C:\Users\wangyunxuan\Desktop\Robocon\chassis\chassis11_25快速转向\EWARM\chassis\Obj\usart.o
#        C:\Users\wangyunxuan\Desktop\Robocon\chassis\chassis11_25快速转向\EWARM\chassis\Obj\vega.o
#        --redirect _Printf=_PrintfFull --redirect _Scanf=_ScanfFull -o
#        C:\Users\wangyunxuan\Desktop\Robocon\chassis\chassis11_25快速转向\EWARM\chassis\Exe\chassis.out
#        --map
#        C:\Users\wangyunxuan\Desktop\Robocon\chassis\chassis11_25快速转向\EWARM\chassis\List\chassis.map
#        --config
#        C:\Users\wangyunxuan\Desktop\Robocon\chassis\chassis11_25快速转向\EWARM/stm32f407xx_flash.icf
#        --semihosting --entry __iar_program_start --vfe --text_out locale)
#
###############################################################################

*******************************************************************************
*** RUNTIME MODEL ATTRIBUTES
***

CppFlavor       = *
__Heap_Handler  = NoFree
__SystemLibrary = DLib
__dlib_version  = 6


*******************************************************************************
*** HEAP SELECTION
***

The no free heap was selected because no calls to memory
deallocation functions were found in the application.


*******************************************************************************
*** PLACEMENT SUMMARY
***

"A0":  place at 0x08000000 { ro section .intvec };
"P1":  place in [from 0x08000000 to 0x080fffff] { ro };
define block CSTACK with size = 1K, alignment = 8 { };
define block HEAP with size = 512, alignment = 8 { };
"P2":  place in [from 0x20000000 to 0x2001ffff] {
          rw, block CSTACK, block HEAP };
initialize by copy { rw };

  Section            Kind        Address     Size  Object
  -------            ----        -------     ----  ------
"A0":                                       0x188
  .intvec            ro code  0x08000000    0x188  startup_stm32f407xx.o [1]
                            - 0x08000188    0x188

"P1":                                      0x9593
  .text              ro code  0x08000188    0xf96  xprintffull.o [3]
  .text              ro code  0x0800111e     0x7a  lz77_init_single.o [5]
  .text              ro code  0x08001198     0xb0  xlocale_c.o [3]
  .text              ro code  0x08001248     0x16  strchr.o [5]
  .text              ro code  0x0800125e     0x1e  xencoding_8859_1.o [3]
  .text              ro code  0x0800127c     0x40  xfail_s.o [3]
  .text              ro code  0x080012bc     0x36  strlen.o [5]
  .text              ro code  0x080012f2     0x1a  xsnprout.o [3]
  .text              ro code  0x0800130c     0x58  memchr.o [5]
  .text              ro code  0x08001364      0xa  xmbcurmax.o [3]
  .text              ro code  0x08001370     0xa6  ABImemcpy.o [5]
  .text              ro code  0x08001418    0x22e  I64DivMod.o [5]
  .text              ro code  0x08001648    0x1a2  DblMul.o [4]
  .text              ro code  0x080017ec     0x70  frexp.o [4]
  .text              ro code  0x0800185c     0x2e  DblCmpLe.o [4]
  .text              ro code  0x0800188c     0x2e  DblCmpGe.o [4]
  .text              ro code  0x080018bc    0x13a  ldexp.o [4]
  .text              ro code  0x080019f8     0x3a  DblToS32.o [4]
  .text              ro code  0x08001a34     0x22  S32ToDbl.o [4]
  .text              ro code  0x08001a58     0xe2  DblSub.o [4]
  .text              ro code  0x08001b3c    0x246  DblDiv.o [4]
  .text              ro code  0x08001d84     0x28  DblToU32.o [4]
  .text              ro code  0x08001dac     0x1a  U32ToDbl.o [4]
  .text              ro code  0x08001dc6      0x6  abort.o [3]
  .text              ro code  0x08001dcc      0x2  I64DivZer.o [5]
  .text              ro code  0x08001dd0    0x178  DblAdd.o [4]
  .text              ro code  0x08001f48     0x14  exit.o [6]
  .text              ro code  0x08001f5c    0xf84  chassis.o [1]
  .text              ro code  0x08002ee0    0x29c  can.o [1]
  .text              ro code  0x0800317c    0x490  track.o [1]
  .text              ro code  0x0800360c    0x158  vega.o [1]
  .text              ro code  0x08003764     0x1e  stm32f4xx_hal.o [1]
  .text              ro code  0x08003784     0x54  maxon.o [1]
  .text              ro code  0x080037d8    0x594  usart.o [1]
  .text              ro code  0x08003d6c     0x68  DblToFlt.o [4]
  .text              ro code  0x08003dd4     0x48  FltToDbl.o [4]
  .text              ro code  0x08003e1c     0x52  math_wrappers64.o [4]
  .text              ro code  0x08003e70    0x102  sqrt.o [4]
  .text              ro code  0x08003f72      0x8  abs.o [3]
  .text              ro code  0x08003f7c    0xbc6  stm32f4xx_hal_can.o [1]
  .text              ro code  0x08004b44    0x1c2  main.o [1]
  .text              ro code  0x08004d08    0x254  stm32f4xx_hal_gpio.o [1]
  .text              ro code  0x08004f5c    0x174  stm32f4xx_hal_cortex.o [1]
  .text              ro code  0x080050d0     0x24  ABIassert.o [6]
  .text              ro code  0x080050f4      0xc  stm32f4xx_hal.o [1]
  .text              ro code  0x08005100    0x7e8  stm32f4xx_hal_uart.o [1]
  .text              ro code  0x080058e8     0x3c  vsnprint.o [3]
  .text              ro code  0x08005924    0x160  cmd.o [1]
  .text              ro code  0x08005a84     0x6c  system_stm32f4xx.o [1]
  .text              ro code  0x08005af0    0x5a0  strto64.o [4]
  .text              ro code  0x08006090    0x13c  atan2_64.o [4]
  .text              ro code  0x080061cc     0x4c  exp64.o [4]
  .text              ro code  0x08006218    0xb28  pow64.o [4]
  .text              ro code  0x08006d40    0x44c  cos_sin64.o [4]
  .text              ro code  0x0800718c      0x2  stm32f4xx_hal_can.o [1]
  .text              ro code  0x08007190     0x40  stm32f4xx_hal.o [1]
  .text              ro code  0x080071d0     0xb4  gpio.o [1]
  .text              ro code  0x08007284    0x20c  tim.o [1]
  .text              ro code  0x08007490    0x390  stm32f4xx_hal_rcc.o [1]
  .text              ro code  0x08007820    0x228  stm32f4xx_hal_rcc.o [1]
  .text              ro code  0x08007a48     0x28  stm32f4xx_hal_dma.o [1]
  .text              ro code  0x08007a70      0x2  stm32f4xx_hal_uart.o [1]
  .text              ro code  0x08007a74     0x44  no_free_heap0.o [3]
  .text              ro code  0x08007ab8     0x4a  strcmp.o [5]
  .text              ro code  0x08007b04     0x66  ABImemset.o [5]
  .text              ro code  0x08007b6a    0x122  iar_Stopfx.o [3]
  .text              ro code  0x08007c8c    0x1c8  iar_Stoflt.o [3]
  .text              ro code  0x08007e54    0x21c  iar_Stoxflt.o [3]
  .text              ro code  0x08008070    0x208  iar_Atan64.o [4]
  .text              ro code  0x08008278    0x418  iar_Exp64.o [4]
  .text              ro code  0x08008690     0x20  DblCmpEq.o [4]
  .text              ro code  0x080086b0     0x28  stm32f4xx_hal.o [1]
  .text              ro code  0x080086d8     0x5e  stm32f4xx_hal_msp.o [1]
  .text              ro code  0x08008738    0x418  stm32f4xx_hal_tim.o [1]
  .text              ro code  0x08008b50     0xbe  stm32f4xx_hal_tim_ex.o [1]
  .text              ro code  0x08008c10     0x2c  xgetmemchunk.o [3]
  .text              ro code  0x08008c3c     0x14  isspace.o [3]
  .text              ro code  0x08008c50     0x14  isalpha.o [3]
  .text              ro code  0x08008c64    0x200  cmd_func.o [1]
  .text              ro code  0x08008e64    0x174  iar_Stoulx.o [3]
  .text              ro code  0x08008fd8     0x14  tolower.o [3]
  .rodata            const    0x08008fec     0x54  main.o [1]
  .rodata            const    0x08009040     0x54  usart.o [1]
  .rodata            const    0x08009094     0x50  can.o [1]
  .rodata            const    0x080090e4     0x50  tim.o [1]
  .text              ro code  0x08009134     0x40  zero_init3.o [5]
  .text              ro code  0x08009174     0x38  stm32f4xx_it.o [1]
  .text              ro code  0x080091ac     0x10  stm32f4xx_hal.o [1]
  .text              ro code  0x080091bc     0x28  data_init.o [5]
  .text              ro code  0x080091e4     0x22  fpinit_M.o [4]
  .iar.init_table    const    0x08009208     0x20  - Linker created -
  .rodata            const    0x08009228     0x20  chassis.o [1]
  .rodata            const    0x08009248     0x20  cmd_func.o [1]
  .rodata            const    0x08009268     0x20  cmd_func.o [1]
  .text              ro code  0x08009288     0x1e  cmain.o [5]
  .text              ro code  0x080092a6      0x4  low_level_init.o [3]
  .text              ro code  0x080092aa      0x4  exit.o [3]
  .text              ro code  0x080092b0      0xa  cexit.o [5]
  .rodata            const    0x080092bc     0x1c  cmd.o [1]
  .rodata            const    0x080092d8     0x18  chassis.o [1]
  .rodata            const    0x080092f0     0x14  cmd.o [1]
  .rodata            const    0x08009304     0x14  usart.o [1]
  .rodata            const    0x08009318     0x14  vega.o [1]
  .rodata            const    0x0800932c     0x14  vega.o [1]
  .rodata            const    0x08009340     0x14  vega.o [1]
  .rodata            const    0x08009354     0x10  can.o [1]
  .rodata            const    0x08009364     0x10  system_stm32f4xx.o [1]
  .rodata            const    0x08009374     0x10  usart.o [1]
  .rodata            const    0x08009384     0x10  usart.o [1]
  .text              ro code  0x08009394     0x10  startup_stm32f407xx.o [1]
  .rodata            const    0x080093a4      0xc  cmd_func.o [1]
  .rodata            const    0x080093b0      0xc  cmd_func.o [1]
  .text              ro code  0x080093bc      0xc  cstartup_M.o [5]
  .rodata            const    0x080093c8      0x8  can.o [1]
  .rodata            const    0x080093d0      0x8  chassis.o [1]
  .rodata            const    0x080093d8      0x8  chassis.o [1]
  .rodata            const    0x080093e0      0x8  chassis.o [1]
  .rodata            const    0x080093e8      0x8  chassis.o [1]
  .rodata            const    0x080093f0      0x8  chassis.o [1]
  .rodata            const    0x080093f8      0x8  chassis.o [1]
  .rodata            const    0x08009400      0x8  chassis.o [1]
  .rodata            const    0x08009408      0x8  chassis.o [1]
  .rodata            const    0x08009410      0x8  chassis.o [1]
  .rodata            const    0x08009418      0x8  chassis.o [1]
  .rodata            const    0x08009420      0x8  chassis.o [1]
  .rodata            const    0x08009428      0x8  chassis.o [1]
  .rodata            const    0x08009430      0x8  chassis.o [1]
  .rodata            const    0x08009438      0x8  main.o [1]
  .rodata            const    0x08009440      0x8  system_stm32f4xx.o [1]
  .rodata            const    0x08009448      0x6  xlocale_c.o [3]
  .text              ro code  0x0800944e      0x4  startup_stm32f407xx.o [1]
  .text              ro code  0x08009452      0x4  startup_stm32f407xx.o [1]
  .text              ro code  0x08009456      0x4  startup_stm32f407xx.o [1]
  .text              ro code  0x0800945a      0x4  startup_stm32f407xx.o [1]
  .text              ro code  0x0800945e      0x4  startup_stm32f407xx.o [1]
  .text              ro code  0x08009462      0x4  startup_stm32f407xx.o [1]
  .text              ro code  0x08009466      0x4  startup_stm32f407xx.o [1]
  .text              ro code  0x0800946a      0x4  startup_stm32f407xx.o [1]
  .text              ro code  0x0800946e      0x4  startup_stm32f407xx.o [1]
  .text              ro code  0x08009472      0x4  startup_stm32f407xx.o [1]
  .text              ro code  0x08009476      0x4  startup_stm32f407xx.o [1]
  .text              ro code  0x0800947a      0x4  startup_stm32f407xx.o [1]
  .text              ro code  0x0800947e      0x4  startup_stm32f407xx.o [1]
  .text              ro code  0x08009482      0x4  startup_stm32f407xx.o [1]
  .text              ro code  0x08009486      0x4  startup_stm32f407xx.o [1]
  .text              ro code  0x0800948a      0x4  startup_stm32f407xx.o [1]
  .text              ro code  0x0800948e      0x4  startup_stm32f407xx.o [1]
  .text              ro code  0x08009492      0x4  startup_stm32f407xx.o [1]
  .text              ro code  0x08009496      0x4  startup_stm32f407xx.o [1]
  .text              ro code  0x0800949a      0x4  startup_stm32f407xx.o [1]
  .text              ro code  0x0800949e      0x4  startup_stm32f407xx.o [1]
  .text              ro code  0x080094a2      0x4  startup_stm32f407xx.o [1]
  .text              ro code  0x080094a6      0x4  startup_stm32f407xx.o [1]
  .text              ro code  0x080094aa      0x4  startup_stm32f407xx.o [1]
  .text              ro code  0x080094ae      0x4  startup_stm32f407xx.o [1]
  .text              ro code  0x080094b2      0x4  startup_stm32f407xx.o [1]
  .text              ro code  0x080094b6      0x4  startup_stm32f407xx.o [1]
  .text              ro code  0x080094ba      0x4  startup_stm32f407xx.o [1]
  .text              ro code  0x080094be      0x4  startup_stm32f407xx.o [1]
  .text              ro code  0x080094c2      0x4  startup_stm32f407xx.o [1]
  .text              ro code  0x080094c6      0x4  startup_stm32f407xx.o [1]
  .text              ro code  0x080094ca      0x4  startup_stm32f407xx.o [1]
  .text              ro code  0x080094ce      0x4  startup_stm32f407xx.o [1]
  .text              ro code  0x080094d2      0x4  startup_stm32f407xx.o [1]
  .text              ro code  0x080094d6      0x4  startup_stm32f407xx.o [1]
  .text              ro code  0x080094da      0x4  startup_stm32f407xx.o [1]
  .text              ro code  0x080094de      0x4  startup_stm32f407xx.o [1]
  .text              ro code  0x080094e2      0x4  startup_stm32f407xx.o [1]
  .text              ro code  0x080094e6      0x4  startup_stm32f407xx.o [1]
  .text              ro code  0x080094ea      0x4  startup_stm32f407xx.o [1]
  .text              ro code  0x080094ee      0x4  startup_stm32f407xx.o [1]
  .text              ro code  0x080094f2      0x4  startup_stm32f407xx.o [1]
  .text              ro code  0x080094f6      0x4  startup_stm32f407xx.o [1]
  .text              ro code  0x080094fa      0x4  startup_stm32f407xx.o [1]
  .text              ro code  0x080094fe      0x4  startup_stm32f407xx.o [1]
  .text              ro code  0x08009502      0x4  startup_stm32f407xx.o [1]
  .text              ro code  0x08009506      0x4  startup_stm32f407xx.o [1]
  .text              ro code  0x0800950a      0x4  startup_stm32f407xx.o [1]
  .text              ro code  0x0800950e      0x4  startup_stm32f407xx.o [1]
  .text              ro code  0x08009512      0x4  startup_stm32f407xx.o [1]
  .text              ro code  0x08009516      0x4  startup_stm32f407xx.o [1]
  .text              ro code  0x0800951a      0x4  startup_stm32f407xx.o [1]
  .text              ro code  0x0800951e      0x4  startup_stm32f407xx.o [1]
  .text              ro code  0x08009522      0x4  startup_stm32f407xx.o [1]
  .text              ro code  0x08009526      0x4  startup_stm32f407xx.o [1]
  .text              ro code  0x0800952a      0x4  startup_stm32f407xx.o [1]
  .text              ro code  0x0800952e      0x4  startup_stm32f407xx.o [1]
  .text              ro code  0x08009532      0x4  startup_stm32f407xx.o [1]
  .text              ro code  0x08009536      0x4  startup_stm32f407xx.o [1]
  .text              ro code  0x0800953a      0x4  startup_stm32f407xx.o [1]
  .text              ro code  0x0800953e      0x4  startup_stm32f407xx.o [1]
  .text              ro code  0x08009542      0x4  startup_stm32f407xx.o [1]
  .text              ro code  0x08009546      0x4  startup_stm32f407xx.o [1]
  .text              ro code  0x0800954a      0x4  startup_stm32f407xx.o [1]
  .text              ro code  0x0800954e      0x4  startup_stm32f407xx.o [1]
  .text              ro code  0x08009552      0x4  startup_stm32f407xx.o [1]
  .text              ro code  0x08009556      0x4  startup_stm32f407xx.o [1]
  .text              ro code  0x0800955a      0x4  startup_stm32f407xx.o [1]
  .text              ro code  0x0800955e      0x4  startup_stm32f407xx.o [1]
  .text              ro code  0x08009562      0x4  startup_stm32f407xx.o [1]
  .text              ro code  0x08009566      0x4  startup_stm32f407xx.o [1]
  .text              ro code  0x0800956a      0x4  startup_stm32f407xx.o [1]
  .text              ro code  0x0800956e      0x4  startup_stm32f407xx.o [1]
  .text              ro code  0x08009572      0x4  startup_stm32f407xx.o [1]
  .text              ro code  0x08009576      0x4  startup_stm32f407xx.o [1]
  .text              ro code  0x0800957a      0x4  startup_stm32f407xx.o [1]
  .text              ro code  0x0800957e      0x4  startup_stm32f407xx.o [1]
  .text              ro code  0x08009582      0x4  startup_stm32f407xx.o [1]
  .text              ro code  0x08009586      0x4  startup_stm32f407xx.o [1]
  .rodata            const    0x0800958a      0x0  zero_init3.o [5]
  .rodata            const    0x0800958a      0x0  lz77_init_single.o [5]
  Initializer bytes  const    0x0800958a    0x191  <for P2-1>
                            - 0x0800971b   0x9593

"P2", part 1 of 3:                          0x444
  P2-1                        0x20000000    0x444  <Init block>
    .data            inited   0x20000000      0x8  track.o [1]
    .data            inited   0x20000008      0x4  chassis.o [1]
    .data            inited   0x2000000c      0x4  chassis.o [1]
    .data            inited   0x20000010      0x4  chassis.o [1]
    .data            inited   0x20000014    0x39c  cmd.o [1]
    .data            inited   0x200003b0      0xc  maxon.o [1]
    .data            inited   0x200003bc      0x4  system_stm32f4xx.o [1]
    .data            inited   0x200003c0      0x4  track.o [1]
    .data            inited   0x200003c4     0x38  xlocale_c.o [3]
    .data            inited   0x200003fc     0x48  xlocale_c.o [3]
                            - 0x20000444    0x444

"P2", part 2 of 3:                        0x1daf4
  .bss               zero     0x20000448   0x5dc0  chassis.o [1]
  .bss               zero     0x20006208   0x5dc0  chassis.o [1]
  .bss               zero     0x2000bfc8   0x5dc0  track.o [1]
  .bss               zero     0x20011d88   0x5dc0  track.o [1]
  .bss               zero     0x20017b48   0x5dc0  track.o [1]
  .bss               zero     0x2001d908    0x190  can.o [1]
  .bss               zero     0x2001da98     0xc8  usart.o [1]
  .bss               zero     0x2001db60     0x68  usart.o [1]
  .bss               zero     0x2001dbc8     0x4c  chassis.o [1]
  .bss               zero     0x2001dc14     0x44  can.o [1]
  .bss               zero     0x2001dc58     0x40  usart.o [1]
  .bss               zero     0x2001dc98     0x40  usart.o [1]
  .bss               zero     0x2001dcd8     0x40  usart.o [1]
  .bss               zero     0x2001dd18     0x40  usart.o [1]
  .bss               zero     0x2001dd58     0x40  usart.o [1]
  .bss               zero     0x2001dd98     0x3c  tim.o [1]
  .bss               zero     0x2001ddd4     0x3c  tim.o [1]
  .bss               zero     0x2001de10     0x30  cmd.o [1]
  .bss               zero     0x2001de40     0x28  can.o [1]
  .bss               zero     0x2001de68     0x24  can.o [1]
  .bss               zero     0x2001de8c     0x1c  can.o [1]
  .bss               zero     0x2001dea8      0x8  chassis.o [1]
  .bss               zero     0x2001deb0      0x8  chassis.o [1]
  .bss               zero     0x2001deb8      0x4  can.o [1]
  .bss               zero     0x2001debc      0x4  chassis.o [1]
  .bss               zero     0x2001dec0      0x4  chassis.o [1]
  .bss               zero     0x2001dec4      0x4  chassis.o [1]
  .bss               zero     0x2001dec8      0x4  chassis.o [1]
  .bss               zero     0x2001decc      0x4  chassis.o [1]
  .bss               zero     0x2001ded0      0x4  chassis.o [1]
  .bss               zero     0x2001ded4      0x4  chassis.o [1]
  .bss               zero     0x2001ded8      0x4  chassis.o [1]
  .bss               zero     0x2001dedc      0x4  chassis.o [1]
  .bss               zero     0x2001dee0      0x4  chassis.o [1]
  .bss               zero     0x2001dee4      0x4  chassis.o [1]
  .bss               zero     0x2001dee8      0x4  chassis.o [1]
  .bss               zero     0x2001deec      0x4  chassis.o [1]
  .bss               zero     0x2001def0      0x4  chassis.o [1]
  .bss               zero     0x2001def4      0x4  chassis.o [1]
  .bss               zero     0x2001def8      0x4  chassis.o [1]
  .bss               zero     0x2001defc      0x4  chassis.o [1]
  .bss               zero     0x2001df00      0x4  chassis.o [1]
  .bss               zero     0x2001df04      0x4  main.o [1]
  .bss               zero     0x2001df08      0x4  main.o [1]
  .bss               zero     0x2001df0c      0x4  main.o [1]
  .bss               zero     0x2001df10      0x4  stm32f4xx_hal.o [1]
  .bss               zero     0x2001df14      0x4  vega.o [1]
  .bss               zero     0x2001df18      0x4  vega.o [1]
  .bss               zero     0x2001df1c      0x4  vega.o [1]
  .bss               zero     0x2001df20      0x4  xfail_s.o [3]
  .bss               zero     0x2001df24      0x4  no_free_heap0.o [3]
  .bss               zero     0x2001df28      0x4  xgetmemchunk.o [3]
  .bss               zero     0x2001df2c      0x2  usart.o [1]
  .bss               zero     0x2001df2e      0x1  chassis.o [1]
  .bss               zero     0x2001df2f      0x1  chassis.o [1]
  .bss               zero     0x2001df30      0x1  chassis.o [1]
  .bss               zero     0x2001df31      0x1  chassis.o [1]
  .bss               zero     0x2001df32      0x1  chassis.o [1]
  .bss               zero     0x2001df33      0x1  chassis.o [1]
  .bss               zero     0x2001df34      0x1  usart.o [1]
                            - 0x2001df35  0x1daf1

"P2", part 3 of 3:                          0x600
  CSTACK                      0x2001df38    0x400  <Block>
    CSTACK           uninit   0x2001df38    0x400  <Block tail>
  HEAP                        0x2001e338    0x200  <Block>
    HEAP             uninit   0x2001e338    0x200  <Block tail>
                            - 0x2001e538    0x600


*******************************************************************************
*** INIT TABLE
***

          Address     Size
          -------     ----
Zero (__iar_zero_init3)
    1 destination range, total size 0x1daed:
          0x20000448  0x1daed

Copy/lz77 (__iar_lz77_init_single3)
    1 source range, total size 0x191 (36% of destination):
          0x0800958a    0x191
    1 destination range, total size 0x444:
          0x20000000    0x444



*******************************************************************************
*** MODULE SUMMARY
***

    Module                  ro code  ro data  rw data
    ------                  -------  -------  -------
C:\Users\wangyunxuan\Desktop\Robocon\chassis\chassis11_25快速转向\EWARM\chassis\Obj: [1]
    can.o                       668      104      576
    chassis.o                 3 972      165   48 182
    cmd.o                       352      387      972
    cmd_func.o                  512       88
    gpio.o                      180
    main.o                      450       92       12
    maxon.o                      84        5       12
    startup_stm32f407xx.o       724
    stm32f4xx_hal.o             162                 4
    stm32f4xx_hal_can.o       3 016
    stm32f4xx_hal_cortex.o      372
    stm32f4xx_hal_dma.o          40
    stm32f4xx_hal_gpio.o        596
    stm32f4xx_hal_msp.o          94
    stm32f4xx_hal_rcc.o       1 464
    stm32f4xx_hal_tim.o       1 048
    stm32f4xx_hal_tim_ex.o      190
    stm32f4xx_hal_uart.o      2 026
    stm32f4xx_it.o               56
    system_stm32f4xx.o          108       25        4
    tim.o                       524       80      120
    track.o                   1 168        3   72 012
    usart.o                   1 428      136      627
    vega.o                      344       60       12
    -------------------------------------------------
    Total:                   19 578    1 145  122 533

command line: [2]
    -------------------------------------------------
    Total:

dl7M_tlf.a: [3]
    abort.o                       6
    abs.o                         8
    exit.o                        4
    iar_Stoflt.o                456
    iar_Stopfx.o                290
    iar_Stoulx.o                372
    iar_Stoxflt.o               540
    isalpha.o                    20
    isspace.o                    20
    low_level_init.o              4
    no_free_heap0.o              68                 4
    tolower.o                    20
    vsnprint.o                   60
    xencoding_8859_1.o           30
    xfail_s.o                    64                 4
    xgetmemchunk.o               44                 4
    xlocale_c.o                 176       54      128
    xmbcurmax.o                  10
    xprintffull.o             3 990
    xsnprout.o                   26
    -------------------------------------------------
    Total:                    6 208       54      140

m7M_tls.a: [4]
    DblAdd.o                    376
    DblCmpEq.o                   32
    DblCmpGe.o                   46
    DblCmpLe.o                   46
    DblDiv.o                    582
    DblMul.o                    418
    DblSub.o                    226
    DblToFlt.o                  104
    DblToS32.o                   58
    DblToU32.o                   40
    FltToDbl.o                   72
    S32ToDbl.o                   34
    U32ToDbl.o                   26
    atan2_64.o                  316
    cos_sin64.o               1 100
    exp64.o                      76
    fpinit_M.o                   34
    frexp.o                     112
    iar_Atan64.o                520
    iar_Exp64.o               1 048
    ldexp.o                     314
    math_wrappers64.o            82
    pow64.o                   2 856
    sqrt.o                      258
    strto64.o                 1 440
    -------------------------------------------------
    Total:                   10 216

rt7M_tl.a: [5]
    ABImemcpy.o                 166
    ABImemset.o                 102
    I64DivMod.o                 558
    I64DivZer.o                   2
    cexit.o                      10
    cmain.o                      30
    cstartup_M.o                 12
    data_init.o                  40
    lz77_init_single.o          122
    memchr.o                     88
    strchr.o                     22
    strcmp.o                     74
    strlen.o                     54
    zero_init3.o                 64
    -------------------------------------------------
    Total:                    1 344

shb_l.a: [6]
    ABIassert.o                  36
    exit.o                       20
    -------------------------------------------------
    Total:                       56

    Gaps                         46        4        4
    Linker created                        32    1 536
-----------------------------------------------------
    Grand Total:             37 448    1 235  124 213


*******************************************************************************
*** ENTRY LIST
***

Entry                      Address    Size  Type      Object
-----                      -------    ----  ----      ------
.iar.init_table$$Base   0x08009208           --   Gb  - Linker created -
.iar.init_table$$Limit  0x08009228           --   Gb  - Linker created -
?main                   0x08009289          Code  Gb  cmain.o [5]
AHBPrescTable           0x08009364    0x10  Data  Gb  system_stm32f4xx.o [1]
APBPrescTable           0x08009440     0x8  Data  Gb  system_stm32f4xx.o [1]
BusFault_Handler        0x0800917b     0x2  Code  Gb  stm32f4xx_it.o [1]
CAN1_RX0_IRQHandler     0x08009191     0xa  Code  Gb  stm32f4xx_it.o [1]
CAN_LIST_MATCH          0x080030c7    0x32  Code  Gb  can.o [1]
CAN_Receive_IT          0x08004963   0x1e0  Code  Lc  stm32f4xx_hal_can.o [1]
CAN_Transmit_IT         0x08004905    0x5e  Code  Lc  stm32f4xx_hal_can.o [1]
CSTACK$$Base            0x2001df38           --   Gb  - Linker created -
CSTACK$$Limit           0x2001e338           --   Gb  - Linker created -
CacheMore               0x080011d9    0x24  Code  Lc  xlocale_c.o [3]
Configure_Filter        0x08002fdd    0x48  Code  Gb  can.o [1]
DebugMon_Handler        0x08009181     0x2  Code  Gb  stm32f4xx_it.o [1]
Dtentox                 0x08005ca5   0x19a  Code  Lc  strto64.o [4]
ERR_angle_m0            0x2000000c     0x4  Data  Gb  chassis.o [1]
ERR_angle_m1            0x20000008     0x4  Data  Gb  chassis.o [1]
ERR_angle_m3            0x2001debc     0x4  Data  Gb  chassis.o [1]
HAL_CAN_ConfigFilter    0x08004125   0x108  Code  Gb  stm32f4xx_hal_can.o [1]
HAL_CAN_ErrorCallback   0x08003121    0x26  Code  Gb  can.o [1]
HAL_CAN_IRQHandler      0x080045c3   0x32c  Code  Gb  stm32f4xx_hal_can.o [1]
HAL_CAN_Init            0x08003f7d   0x1a8  Code  Gb  stm32f4xx_hal_can.o [1]
HAL_CAN_MspInit         0x08002f43    0x5c  Code  Gb  can.o [1]
HAL_CAN_Receive_IT      0x080044ad   0x116  Code  Gb  stm32f4xx_hal_can.o [1]
HAL_CAN_RxCpltCallback  0x080030f9    0x28  Code  Gb  can.o [1]
HAL_CAN_Transmit        0x0800422d   0x27c  Code  Gb  stm32f4xx_hal_can.o [1]
HAL_DMA_Abort_IT        0x08007a49    0x28  Code  Gb  stm32f4xx_hal_dma.o [1]
HAL_Delay               0x08003765    0x1e  Code  Wk  stm32f4xx_hal.o [1]
HAL_GPIO_Init           0x08004d09   0x21c  Code  Gb  stm32f4xx_hal_gpio.o [1]
HAL_GetTick             0x080050f5     0xc  Code  Wk  stm32f4xx_hal.o [1]
HAL_IncTick             0x080091ad    0x10  Code  Wk  stm32f4xx_hal.o [1]
HAL_Init                0x08007191    0x3a  Code  Gb  stm32f4xx_hal.o [1]
HAL_InitTick            0x080086b1    0x28  Code  Wk  stm32f4xx_hal.o [1]
HAL_MspInit             0x080086d9    0x5e  Code  Gb  stm32f4xx_hal_msp.o [1]
HAL_NVIC_EnableIRQ      0x0800506d     0xe  Code  Gb  stm32f4xx_hal_cortex.o [1]
HAL_NVIC_SetPriority    0x08005043    0x2a  Code  Gb  stm32f4xx_hal_cortex.o [1]
HAL_NVIC_SetPriorityGrouping
                        0x08005037     0xc  Code  Gb  stm32f4xx_hal_cortex.o [1]
HAL_RCC_ClockConfig     0x08007821   0x14a  Code  Gb  stm32f4xx_hal_rcc.o [1]
HAL_RCC_GetHCLKFreq     0x0800796b     0x6  Code  Gb  stm32f4xx_hal_rcc.o [1]
HAL_RCC_GetPCLK1Freq    0x08007971    0x16  Code  Gb  stm32f4xx_hal_rcc.o [1]
HAL_RCC_GetPCLK2Freq    0x08007987    0x16  Code  Gb  stm32f4xx_hal_rcc.o [1]
HAL_RCC_OscConfig       0x08007491   0x390  Code  Wk  stm32f4xx_hal_rcc.o [1]
HAL_SYSTICK_CLKSourceConfig
                        0x08005087    0x20  Code  Gb  stm32f4xx_hal_cortex.o [1]
HAL_SYSTICK_Callback    0x08004c59    0x86  Code  Gb  main.o [1]
HAL_SYSTICK_Callback::time_1ms_cnt
                        0x2001df0c     0x4  Data  Lc  main.o [1]
HAL_SYSTICK_Config      0x0800507b     0xc  Code  Gb  stm32f4xx_hal_cortex.o [1]
HAL_SYSTICK_IRQHandler  0x080050c9     0x8  Code  Gb  stm32f4xx_hal_cortex.o [1]
HAL_TIMEx_ConfigBreakDeadTime
                        0x08008bab    0x64  Code  Gb  stm32f4xx_hal_tim_ex.o [1]
HAL_TIMEx_MasterConfigSynchronization
                        0x08008b51    0x5a  Code  Gb  stm32f4xx_hal_tim_ex.o [1]
HAL_TIM_MspPostInit     0x0800741b    0x56  Code  Gb  tim.o [1]
HAL_TIM_PWM_ConfigChannel
                        0x08008771   0x100  Code  Gb  stm32f4xx_hal_tim.o [1]
HAL_TIM_PWM_Init        0x08008739    0x38  Code  Gb  stm32f4xx_hal_tim.o [1]
HAL_TIM_PWM_MspInit     0x080073cb    0x50  Code  Gb  tim.o [1]
HAL_UART_ErrorCallback  0x08003c49     0x2  Code  Gb  usart.o [1]
HAL_UART_IRQHandler     0x080052bd   0x14a  Code  Gb  stm32f4xx_hal_uart.o [1]
HAL_UART_Init           0x08005101    0x76  Code  Gb  stm32f4xx_hal_uart.o [1]
HAL_UART_MspInit        0x080039cd   0x1ba  Code  Gb  usart.o [1]
HAL_UART_Receive_IT     0x08005257    0x66  Code  Gb  stm32f4xx_hal_uart.o [1]
HAL_UART_RxCpltCallback
                        0x08003bb5    0x94  Code  Gb  usart.o [1]
HAL_UART_Transmit       0x08005177    0xe0  Code  Gb  stm32f4xx_hal_uart.o [1]
HEAP$$Base              0x2001e338           --   Gb  - Linker created -
HEAP$$Limit             0x2001e538           --   Gb  - Linker created -
HardFault_Handler       0x08009177     0x2  Code  Gb  stm32f4xx_it.o [1]
LoadInt                 0x08000377    0x7a  Code  Lc  xprintffull.o [3]
MX_CAN1_Init            0x08002ee1    0x62  Code  Gb  can.o [1]
MX_GPIO_Init            0x080071d1    0xb4  Code  Gb  gpio.o [1]
MX_TIM1_Init            0x08007285    0xc4  Code  Gb  tim.o [1]
MX_TIM2_Init            0x08007349    0x82  Code  Gb  tim.o [1]
MX_UART4_Init           0x080037d9    0x5e  Code  Gb  usart.o [1]
MX_UART5_Init           0x08003837    0x7c  Code  Gb  usart.o [1]
MX_USART1_UART_Init     0x080038b3    0x5e  Code  Gb  usart.o [1]
MX_USART2_UART_Init     0x08003911    0x5e  Code  Gb  usart.o [1]
MX_USART3_UART_Init     0x0800396f    0x5e  Code  Gb  usart.o [1]
MemManage_Handler       0x08009179     0x2  Code  Gb  stm32f4xx_it.o [1]
NMI_Handler             0x08009175     0x2  Code  Gb  stm32f4xx_it.o [1]
NVIC_EnableIRQ          0x08004f83    0x16  Code  Lc  stm32f4xx_hal_cortex.o [1]
NVIC_EncodePriority     0x08004fc5    0x42  Code  Lc  stm32f4xx_hal_cortex.o [1]
NVIC_GetPriorityGrouping
                        0x08004f79     0xa  Code  Lc  stm32f4xx_hal_cortex.o [1]
NVIC_SetPriority        0x08004f99    0x2c  Code  Lc  stm32f4xx_hal_cortex.o [1]
NVIC_SetPriorityGrouping
                        0x08004f5d    0x1c  Code  Lc  stm32f4xx_hal_cortex.o [1]
PendSV_Handler          0x08009183     0x2  Code  Gb  stm32f4xx_it.o [1]
Region$$Table$$Base     0x08009208           --   Gb  - Linker created -
Region$$Table$$Limit    0x08009228           --   Gb  - Linker created -
RxMessage               0x2001de68    0x24  Data  Lc  can.o [1]
SVC_Handler             0x0800917f     0x2  Code  Gb  stm32f4xx_it.o [1]
SysTick_Config          0x08005007    0x30  Code  Lc  stm32f4xx_hal_cortex.o [1]
SysTick_Handler         0x08009185     0xc  Code  Gb  stm32f4xx_it.o [1]
SystemClock_Config      0x08004b95    0xc4  Code  Gb  main.o [1]
SystemCoreClock         0x200003bc     0x4  Data  Gb  system_stm32f4xx.o [1]
SystemInit              0x08005a85    0x4c  Code  Gb  system_stm32f4xx.o [1]
TIM_Base_SetConfig      0x08008871    0xec  Code  Gb  stm32f4xx_hal_tim.o [1]
TIM_OC1_SetConfig       0x080089db    0x6e  Code  Lc  stm32f4xx_hal_tim.o [1]
TIM_OC2_SetConfig       0x0800895d    0x7c  Code  Gb  stm32f4xx_hal_tim.o [1]
TIM_OC3_SetConfig       0x08008a49    0x76  Code  Lc  stm32f4xx_hal_tim.o [1]
TIM_OC4_SetConfig       0x08008abf    0x64  Code  Lc  stm32f4xx_hal_tim.o [1]
TxMessage               0x2001de8c    0x1c  Data  Lc  can.o [1]
UART5_IRQHandler        0x0800919b     0xa  Code  Gb  stm32f4xx_it.o [1]
UART_DMAAbortOnError    0x08005499    0x16  Code  Lc  stm32f4xx_hal_uart.o [1]
UART_EndRxTransfer      0x08005475    0x20  Code  Lc  stm32f4xx_hal_uart.o [1]
UART_EndTransmit_IT     0x0800551f    0x20  Code  Lc  stm32f4xx_hal_uart.o [1]
UART_Receive_IT         0x0800553f    0xa2  Code  Lc  stm32f4xx_hal_uart.o [1]
UART_SetConfig          0x080055e1   0x2fc  Code  Lc  stm32f4xx_hal_uart.o [1]
UART_Transmit_IT        0x080054b1    0x6e  Code  Lc  stm32f4xx_hal_uart.o [1]
UART_WaitOnFlagUntilTimeout
                        0x08005407    0x6e  Code  Lc  stm32f4xx_hal_uart.o [1]
USART_RX_BUF            0x2001da98    0xc8  Data  Gb  usart.o [1]
USART_RX_STA            0x2001df2c     0x2  Data  Gb  usart.o [1]
UsageFault_Handler      0x0800917d     0x2  Code  Gb  stm32f4xx_it.o [1]
_Encoding_8859_1_Mbrlen
                        0x08001271     0x2  Code  Gb  xencoding_8859_1.o [3]
_Encoding_8859_1_Wctomb
                        0x0800125f    0x12  Code  Gb  xencoding_8859_1.o [3]
_Error_Handler          0x08004d05     0x2  Code  Gb  main.o [1]
_GenldFull              0x08000df9   0x274  Code  Lc  xprintffull.o [3]
_LdtobFull              0x080009cd   0x3fe  Code  Lc  xprintffull.o [3]
_LitobFull              0x08000875   0x112  Code  Lc  xprintffull.o [3]
_LocaleC_isalpha        0x0800119f     0xc  Code  Gb  xlocale_c.o [3]
_LocaleC_islower        0x08001199     0x4  Code  Gb  xlocale_c.o [3]
_LocaleC_isspace        0x080011b5    0x14  Code  Gb  xlocale_c.o [3]
_LocaleC_isupper        0x0800119d     0x2  Code  Gb  xlocale_c.o [3]
_LocaleC_tolower        0x080011c9     0xc  Code  Gb  xlocale_c.o [3]
_Locale_lconv           0x200003c4    0x38  Data  Lc  xlocale_c.o [3]
_PrintfFull             0x08000189   0x1d6  Code  Gb  xprintffull.o [3]
_PutcharsFull           0x0800106d    0x2e  Code  Lc  xprintffull.o [3]
_PutfldFull             0x080003f1   0x2d0  Code  Lc  xprintffull.o [3]
_PutstrFull             0x080007b7    0xbe  Code  Lc  xprintffull.o [3]
_PuttxtFull             0x080006c1    0xf6  Code  Lc  xprintffull.o [3]
_SNProut                0x080012f3    0x1a  Code  Gb  xsnprout.o [3]
__aeabi_assert          0x080050d1    0x24  Code  Gb  ABIassert.o [6]
__aeabi_cdcmpeq         0x08008691          Code  Gb  DblCmpEq.o [4]
__aeabi_cdcmple         0x0800185d          Code  Gb  DblCmpLe.o [4]
__aeabi_cdrcmple        0x0800188d          Code  Gb  DblCmpGe.o [4]
__aeabi_d2f             0x08003d6d          Code  Gb  DblToFlt.o [4]
__aeabi_d2iz            0x080019f9          Code  Gb  DblToS32.o [4]
__aeabi_d2uiz           0x08001d85          Code  Gb  DblToU32.o [4]
__aeabi_dadd            0x08001dd1          Code  Gb  DblAdd.o [4]
__aeabi_ddiv            0x08001b3d          Code  Gb  DblDiv.o [4]
__aeabi_dmul            0x08001649          Code  Gb  DblMul.o [4]
__aeabi_dsub            0x08001a59          Code  Gb  DblSub.o [4]
__aeabi_f2d             0x08003dd5          Code  Gb  FltToDbl.o [4]
__aeabi_i2d             0x08001a35          Code  Gb  S32ToDbl.o [4]
__aeabi_ldiv0           0x08001dcd          Code  Gb  I64DivZer.o [5]
__aeabi_memcpy          0x08001371          Code  Gb  ABImemcpy.o [5]
__aeabi_memcpy4         0x08001391          Code  Gb  ABImemcpy.o [5]
__aeabi_memcpy8         0x08001391          Code  Gb  ABImemcpy.o [5]
__aeabi_memset          0x08007b05          Code  Gb  ABImemset.o [5]
__aeabi_ui2d            0x08001dad          Code  Gb  U32ToDbl.o [4]
__aeabi_uldivmod        0x08001419          Code  Gb  I64DivMod.o [5]
__cmain                 0x08009289          Code  Gb  cmain.o [5]
__data_GetMemChunk      0x08008c11    0x2c  Code  Gb  xgetmemchunk.o [3]
__data_GetMemChunk::start
                        0x2001df28     0x4  Data  Lc  xgetmemchunk.o [3]
__exit                  0x08001f49    0x14  Code  Gb  exit.o [6]
__iar_Atan64            0x08008071   0x170  Code  Gb  iar_Atan64.o [4]
__iar_Exp64             0x08008279   0x3b8  Code  Gb  iar_Exp64.o [4]
__iar_Fail_s            0x0800127d    0x1c  Code  Gb  xfail_s.o [3]
__iar_Mbcurmax          0x08001365     0xa  Code  Gb  xmbcurmax.o [3]
__iar_Memchr            0x0800130d          Code  Gb  memchr.o [5]
__iar_Memset            0x08007b05          Code  Gb  ABImemset.o [5]
__iar_Memset_word       0x08007b0d          Code  Gb  ABImemset.o [5]
__iar_Pow64             0x08006219   0x654  Code  Lc  pow64.o [4]
__iar_Sin64             0x08006d41   0x3b2  Code  Lc  cos_sin64.o [4]
__iar_Sto64             0x08005e51   0x1a6  Code  Gb  strto64.o [4]
__iar_Stoflt            0x08007c8d   0x1c8  Code  Gb  iar_Stoflt.o [3]
__iar_Stopfx            0x08007b6b   0x122  Code  Gb  iar_Stopfx.o [3]
__iar_Stoulx            0x08008e65   0x112  Code  Gb  iar_Stoulx.o [3]
__iar_Stoxflt           0x08007e55   0x1e6  Code  Gb  iar_Stoxflt.o [3]
__iar_Stoxflt::digits   0x08008040    0x18  Data  Lc  iar_Stoxflt.o [3]
__iar_Stoxflt::vals     0x08008058    0x18  Data  Lc  iar_Stoxflt.o [3]
__iar_Strchr            0x08001249          Code  Gb  strchr.o [5]
__iar_atan2_64          0x08006091   0x13c  Code  Gb  atan2_64.o [4]
__iar_cos64             0x08007185     0x4  Code  Gb  cos_sin64.o [4]
__iar_cos_medium        0x08007185     0x4  Code  Gb  cos_sin64.o [4]
__iar_cos_medium64      0x08007185     0x4  Code  Gb  cos_sin64.o [4]
__iar_cos_mediuml       0x08007185     0x4  Code  Gb  cos_sin64.o [4]
__iar_dadd              0x08001a69          Code  Gb  DblSub.o [4]
__iar_data_init3        0x080091bd    0x28  Code  Gb  data_init.o [5]
__iar_dsub              0x08001de1          Code  Gb  DblAdd.o [4]
__iar_dsubStart         0x08001df3          Code  Gb  DblAdd.o [4]
__iar_exp64             0x080061cd    0x4c  Code  Gb  exp64.o [4]
__iar_exp_medium        0x080061cd    0x4c  Code  Gb  exp64.o [4]
__iar_exp_medium64      0x080061cd    0x4c  Code  Gb  exp64.o [4]
__iar_exp_mediuml       0x080061cd    0x4c  Code  Gb  exp64.o [4]
__iar_frexp             0x080017f9          Code  Gb  frexp.o [4]
__iar_frexpl            0x080017f9          Code  Gb  frexp.o [4]
__iar_globLocale        0x200003fc    0x48  Data  Lc  xlocale_c.o [3]
__iar_global_Locale     0x080011d5     0x4  Code  Gb  xlocale_c.o [3]
__iar_init_vfp          0x080091e5          Code  Gb  fpinit_M.o [4]
__iar_ldexp64           0x080018bd          Code  Gb  ldexp.o [4]
__iar_lz77_init_single3
                        0x0800111f    0x7a  Code  Gb  lz77_init_single.o [5]
__iar_pow64             0x0800690d    0x14  Code  Gb  pow64.o [4]
__iar_pow_medium        0x0800690d    0x14  Code  Gb  pow64.o [4]
__iar_pow_medium64      0x0800690d    0x14  Code  Gb  pow64.o [4]
__iar_pow_mediuml       0x0800690d    0x14  Code  Gb  pow64.o [4]
__iar_program_start     0x080093bd          Code  Gb  cstartup_M.o [5]
__iar_scalbln64         0x080018bd          Code  Gb  ldexp.o [4]
__iar_scalbn64          0x080018bd          Code  Gb  ldexp.o [4]
__iar_sin64             0x08007189     0x4  Code  Gb  cos_sin64.o [4]
__iar_sin_medium        0x08007189     0x4  Code  Gb  cos_sin64.o [4]
__iar_sin_medium64      0x08007189     0x4  Code  Gb  cos_sin64.o [4]
__iar_sin_mediuml       0x08007189     0x4  Code  Gb  cos_sin64.o [4]
__iar_softfp___iar_frexp64
                        0x080017ed          Code  Gb  frexp.o [4]
__iar_softfp_frexp      0x080017ed          Code  Gb  frexp.o [4]
__iar_softfp_frexpl     0x080017ed          Code  Gb  frexp.o [4]
__iar_sqrt64            0x08003e81          Code  Gb  sqrt.o [4]
__iar_systems$$module {Abs}
                        0x00000001          Data  Gb  command line/config [2]
__iar_vfp___iar_sqrt64  0x08003e71          Code  Gb  sqrt.o [4]
__iar_vfp_atan2         0x08003e2b    0x10  Code  Gb  math_wrappers64.o [4]
__iar_vfp_atof          0x08003e23     0x8  Code  Gb  math_wrappers64.o [4]
__iar_vfp_cos           0x08003e57     0xc  Code  Gb  math_wrappers64.o [4]
__iar_vfp_exp           0x08003e3b     0xc  Code  Gb  math_wrappers64.o [4]
__iar_vfp_pow           0x08003e47    0x10  Code  Gb  math_wrappers64.o [4]
__iar_vfp_sin           0x08003e63     0xc  Code  Gb  math_wrappers64.o [4]
__iar_vfp_sqrt          0x08003e71          Code  Gb  sqrt.o [4]
__iar_vfp_sqrtl         0x08003e71          Code  Gb  sqrt.o [4]
__iar_zero_init3        0x08009135    0x40  Code  Gb  zero_init3.o [5]
__low_level_init        0x080092a7     0x4  Code  Gb  low_level_init.o [3]
__no_free_malloc        0x08007a75    0x40  Code  Gb  no_free_heap0.o [3]
__vector_table          0x08000000          Data  Gb  startup_stm32f407xx.o [1]
_call_main              0x08009295          Code  Gb  cmain.o [5]
_exit                   0x080092b1          Code  Gb  cexit.o [5]
_gLocale_mblen          0x08001235     0x4  Code  Gb  xlocale_c.o [3]
_gLocale_mblenInt       0x080011fd    0x34  Code  Gb  xlocale_c.o [3]
_gLocale_wctomb         0x08001239     0x4  Code  Gb  xlocale_c.o [3]
_gLocale_wctombInt      0x08001231     0x4  Code  Gb  xlocale_c.o [3]
_main                   0x080092a3          Code  Gb  cmain.o [5]
a                       0x08008238    0x40  Data  Lc  iar_Atan64.o [4]
aRxBuffer               0x2001df34     0x1  Data  Gb  usart.o [1]
abort                   0x08001dc7     0x6  Code  Gb  abort.o [3]
abs                     0x08003f73     0x8  Code  Gb  abs.o [3]
atan2                   0x08006091   0x13c  Code  Gb  atan2_64.o [4]
atan2l                  0x08006091   0x13c  Code  Gb  atan2_64.o [4]
atof                    0x0800603d     0x8  Code  Gb  strto64.o [4]
atoi                    0x08008f7d     0x2  Code  Gb  iar_Stoulx.o [3]
btime                   0x2001ded0     0x4  Data  Gb  chassis.o [1]
canList                 0x2001d908   0x190  Data  Gb  can.o [1]
can_add_callback        0x08003071    0x56  Code  Gb  can.o [1]
can_init                0x08002f9f    0x3e  Code  Gb  can.o [1]
can_send_msg            0x08003025    0x4c  Code  Gb  can.o [1]
canlistnum              0x2001deb8     0x4  Data  Lc  can.o [1]
chassis                 0x2001dbc8    0x4c  Data  Gb  chassis.o [1]
chassis_PID_Angle_Control
                        0x080020bd    0x54  Code  Gb  chassis.o [1]
chassis_PID_Angle_Control::angle_last_err
                        0x2001def4     0x4  Data  Lc  chassis.o [1]
chassis_angle_subtract  0x0800204d    0x70  Code  Gb  chassis.o [1]
chassis_calculate_dis_matrix
                        0x080023f1   0x18a  Code  Gb  chassis.o [1]
chassis_calculate_speed
                        0x0800258d   0x18e  Code  Gb  chassis.o [1]
chassis_dis_to_bgn      0x20000448  0x5dc0  Data  Gb  chassis.o [1]
chassis_dis_to_end      0x20006208  0x5dc0  Data  Gb  chassis.o [1]
chassis_exe             0x0800272d   0x1f8  Code  Gb  chassis.o [1]
chassis_flag            0x2001df08     0x4  Data  Gb  main.o [1]
chassis_go_route        0x080023d1    0x16  Code  Gb  chassis.o [1]
chassis_gostraight      0x08002171   0x260  Code  Gb  chassis.o [1]
chassis_gostraight::lastxpos
                        0x2001defc     0x4  Data  Lc  chassis.o [1]
chassis_gostraight::lastypos
                        0x2001df00     0x4  Data  Lc  chassis.o [1]
chassis_handle          0x08002bd1   0x230  Code  Gb  chassis.o [1]
chassis_handle_control  0x08002a31   0x14e  Code  Gb  chassis.o [1]
chassis_handle_get_speed
                        0x08002925    0x58  Code  Gb  chassis.o [1]
chassis_handle_speed_control
                        0x0800297d    0x98  Code  Gb  chassis.o [1]
chassis_init            0x08001f5d    0x62  Code  Gb  chassis.o [1]
chassis_poscnt          0x2001dec0     0x4  Data  Lc  chassis.o [1]
chassis_posnum          0x200003c0     0x4  Data  Gb  track.o [1]
chassis_quickturn_pid   0x08002111    0x54  Code  Gb  chassis.o [1]
chassis_quickturn_pid::last_err
                        0x2001def8     0x4  Data  Lc  chassis.o [1]
chassis_speed_max       0x20000000     0x8  Data  Gb  track.o [1]
chassis_turn            0x20017b48  0x5dc0  Data  Gb  track.o [1]
chassis_turn_angle_KD   0x2001dedc     0x4  Data  Gb  chassis.o [1]
chassis_turn_angle_KP   0x20000010     0x4  Data  Gb  chassis.o [1]
chassis_update          0x08001fc1    0x8c  Code  Gb  chassis.o [1]
chassis_xpos            0x2000bfc8  0x5dc0  Data  Gb  track.o [1]
chassis_ypos            0x20011d88  0x5dc0  Data  Gb  track.o [1]
cmd_angle_pid           0x08008dad    0x2c  Code  Gb  cmd_func.o [1]
cmd_argv                0x2001de10    0x30  Data  Gb  cmd.o [1]
cmd_chassis_acc         0x08008dd9     0x2  Code  Gb  cmd_func.o [1]
cmd_exec                0x080059c9    0x68  Code  Gb  cmd.o [1]
cmd_go_route_func       0x08008cfb    0x4a  Code  Gb  cmd_func.o [1]
cmd_go_straight_func    0x08008cc5    0x36  Code  Gb  cmd_func.o [1]
cmd_hello_func          0x08008c65     0xe  Code  Gb  cmd_func.o [1]
cmd_help_func           0x08005a31    0x3e  Code  Gb  cmd.o [1]
cmd_init                0x08005925    0x1a  Code  Gb  cmd.o [1]
cmd_modify_angle        0x08008d51    0x5c  Code  Gb  cmd_func.o [1]
cmd_parse               0x0800593f    0x8a  Code  Gb  cmd.o [1]
cmd_quickturn_pid       0x08008ddb    0x32  Code  Gb  cmd_func.o [1]
cmd_reset_vega          0x08008d45     0xc  Code  Gb  cmd_func.o [1]
cmd_set_speed_func      0x08008c73    0x32  Code  Gb  cmd_func.o [1]
cmd_stop_func           0x08008ca5    0x20  Code  Gb  cmd_func.o [1]
cmd_tbl                 0x20000014   0x39c  Data  Lc  cmd.o [1]
cos                     0x08007185     0x4  Code  Gb  cos_sin64.o [4]
cosl                    0x08007185     0x4  Code  Gb  cos_sin64.o [4]
ddiv                    0x08005bc5    0xd0  Code  Lc  strto64.o [4]
digits                  0x08008f88    0x28  Data  Lc  iar_Stoulx.o [3]
dmul                    0x08005af1    0xd2  Code  Lc  strto64.o [4]
exit                    0x080092ab     0x4  Code  Gb  exit.o [3]
exp                     0x080061cd    0x4c  Code  Gb  exp64.o [4]
expl                    0x080061cd    0x4c  Code  Gb  exp64.o [4]
ftime                   0x2001decc     0x4  Data  Gb  chassis.o [1]
g_fangle                0x2001deec     0x4  Data  Gb  chassis.o [1]
g_fturn                 0x2001def0     0x4  Data  Gb  chassis.o [1]
g_ispeed                0x2001dee8     0x4  Data  Gb  chassis.o [1]
g_vega_angle            0x2001df1c     0x4  Data  Lc  vega.o [1]
g_vega_pos_x            0x2001df14     0x4  Data  Lc  vega.o [1]
g_vega_pos_y            0x2001df18     0x4  Data  Lc  vega.o [1]
go_b                    0x2001df2f     0x1  Data  Gb  chassis.o [1]
go_f                    0x2001df2e     0x1  Data  Gb  chassis.o [1]
go_l                    0x2001df31     0x1  Data  Gb  chassis.o [1]
go_r                    0x2001df30     0x1  Data  Gb  chassis.o [1]
handleflag              0x2001dec8     0x4  Data  Lc  chassis.o [1]
hcan1                   0x2001dc14    0x44  Data  Gb  can.o [1]
htim1                   0x2001dd98    0x3c  Data  Gb  tim.o [1]
htim2                   0x2001ddd4    0x3c  Data  Gb  tim.o [1]
huart1                  0x2001dcd8    0x40  Data  Gb  usart.o [1]
huart2                  0x2001dd18    0x40  Data  Gb  usart.o [1]
huart3                  0x2001dd58    0x40  Data  Gb  usart.o [1]
huart4                  0x2001dc58    0x40  Data  Gb  usart.o [1]
huart5                  0x2001dc98    0x40  Data  Gb  usart.o [1]
isalpha                 0x08008c51    0x14  Code  Gb  isalpha.o [3]
isspace                 0x08008c3d    0x14  Code  Gb  isspace.o [3]
ldexp                   0x080018bd          Code  Gb  ldexp.o [4]
ldexpl                  0x080018bd          Code  Gb  ldexp.o [4]
lnbias                  0x08006920   0x420  Data  Lc  pow64.o [4]
localeconv              0x0800123d     0x4  Code  Gb  xlocale_c.o [3]
ltime                   0x2001ded4     0x4  Data  Gb  chassis.o [1]
main                    0x08004b45    0x50  Code  Gb  main.o [1]
main_flag               0x2001df04     0x4  Data  Gb  main.o [1]
maxon_setSpeed          0x08003785    0x4e  Code  Gb  maxon.o [1]
memchr                  0x0800130d          Code  Gb  memchr.o [5]
ndigs                   0x08008fb0    0x28  Data  Lc  iar_Stoulx.o [3]
param_a                 0x2001dea8     0x8  Data  Gb  chassis.o [1]
param_b                 0x2001deb0     0x8  Data  Gb  chassis.o [1]
pow                     0x0800690d    0x14  Code  Gb  pow64.o [4]
powl                    0x0800690d    0x14  Code  Gb  pow64.o [4]
pows                    0x08006048    0x48  Data  Lc  strto64.o [4]
qs                      0x2001df24     0x4  Data  Lc  no_free_heap0.o [3]
quickturn_KD            0x2001dee4     0x4  Data  Gb  chassis.o [1]
quickturn_KP            0x2001dee0     0x4  Data  Gb  chassis.o [1]
routeflag               0x2001dec4     0x4  Data  Lc  chassis.o [1]
rtime                   0x2001ded8     0x4  Data  Gb  chassis.o [1]
sFilterConfig           0x2001de40    0x28  Data  Gb  can.o [1]
scalbln                 0x080018bd          Code  Gb  ldexp.o [4]
scalblnl                0x080018bd          Code  Gb  ldexp.o [4]
scalbn                  0x080018bd          Code  Gb  ldexp.o [4]
scalbnl                 0x080018bd          Code  Gb  ldexp.o [4]
scale                   0x08000987    0x46  Code  Lc  xprintffull.o [3]
sec_hand                0x2001df20     0x4  Data  Lc  xfail_s.o [3]
sendToSetSpeed          0x200003b0     0xc  Data  Gb  maxon.o [1]
sin                     0x08007189     0x4  Code  Gb  cos_sin64.o [4]
sinl                    0x08007189     0x4  Code  Gb  cos_sin64.o [4]
sqrt                    0x08003e81          Code  Gb  sqrt.o [4]
sqrtl                   0x08003e81          Code  Gb  sqrt.o [4]
strchr                  0x08001249          Code  Gb  strchr.o [5]
strcmp                  0x08007ab9          Code  Gb  strcmp.o [5]
strlen                  0x080012bd          Code  Gb  strlen.o [5]
tolower                 0x08008fd9    0x14  Code  Gb  tolower.o [3]
track_goarc             0x08003299   0x206  Code  Gb  track.o [1]
track_goline            0x0800317d   0x11c  Code  Gb  track.o [1]
track_init              0x080034a1    0xe8  Code  Gb  track.o [1]
turn_l                  0x2001df32     0x1  Data  Gb  chassis.o [1]
turn_r                  0x2001df33     0x1  Data  Gb  chassis.o [1]
uart_buffer             0x2001db60    0x68  Data  Gb  usart.o [1]
uprintf                 0x08003b87    0x2e  Code  Gb  usart.o [1]
usart_exc               0x08003c4b    0xbc  Code  Gb  usart.o [1]
uwTick                  0x2001df10     0x4  Data  Gb  stm32f4xx_hal.o [1]
vega_init               0x0800360d    0x3e  Code  Gb  vega.o [1]
vega_msg_rcv_callback   0x0800364b    0x98  Code  Gb  vega.o [1]
vega_reset              0x0800374b    0x1a  Code  Gb  vega.o [1]
vega_set_pos            0x080036fd    0x4e  Code  Gb  vega.o [1]
vsnprintf               0x080058e9    0x3c  Code  Gb  vsnprint.o [3]


[1] = C:\Users\wangyunxuan\Desktop\Robocon\chassis\chassis11_25快速转向\EWARM\chassis\Obj
[2] = command line
[3] = dl7M_tlf.a
[4] = m7M_tls.a
[5] = rt7M_tl.a
[6] = shb_l.a

   37 448 bytes of readonly  code memory
    1 235 bytes of readonly  data memory
  124 213 bytes of readwrite data memory

Errors: none
Warnings: none
