###############################################################################
#
# IAR ELF Linker V8.22.1.15669/W32 for ARM                14/Nov/2018  22:57:34
# Copyright 2007-2018 IAR Systems AB.
#
#    Output file  =  
#        C:\Users\–Ï√˙‘∂\Desktop\chassis\chassis1.0\chassis5.0\chassis\EWARM\chassis\Exe\chassis.out
#    Map file     =  
#        C:\Users\–Ï√˙‘∂\Desktop\chassis\chassis1.0\chassis5.0\chassis\EWARM\chassis\List\chassis.map
#    Command line =  
#        -f C:\user\default\AppData\Local\Temp\EWDBBC.tmp
#        (C:\Users\–Ï√˙‘∂\Desktop\chassis\chassis1.0\chassis5.0\chassis\EWARM\chassis\Obj\can.o
#        C:\Users\–Ï√˙‘∂\Desktop\chassis\chassis1.0\chassis5.0\chassis\EWARM\chassis\Obj\chassis.o
#        C:\Users\–Ï√˙‘∂\Desktop\chassis\chassis1.0\chassis5.0\chassis\EWARM\chassis\Obj\cmd.o
#        C:\Users\–Ï√˙‘∂\Desktop\chassis\chassis1.0\chassis5.0\chassis\EWARM\chassis\Obj\cmd_func.o
#        C:\Users\–Ï√˙‘∂\Desktop\chassis\chassis1.0\chassis5.0\chassis\EWARM\chassis\Obj\gpio.o
#        C:\Users\–Ï√˙‘∂\Desktop\chassis\chassis1.0\chassis5.0\chassis\EWARM\chassis\Obj\main.o
#        C:\Users\–Ï√˙‘∂\Desktop\chassis\chassis1.0\chassis5.0\chassis\EWARM\chassis\Obj\maxon.o
#        C:\Users\–Ï√˙‘∂\Desktop\chassis\chassis1.0\chassis5.0\chassis\EWARM\chassis\Obj\startup_stm32f407xx.o
#        C:\Users\–Ï√˙‘∂\Desktop\chassis\chassis1.0\chassis5.0\chassis\EWARM\chassis\Obj\stm32f4xx_hal.o
#        C:\Users\–Ï√˙‘∂\Desktop\chassis\chassis1.0\chassis5.0\chassis\EWARM\chassis\Obj\stm32f4xx_hal_can.o
#        C:\Users\–Ï√˙‘∂\Desktop\chassis\chassis1.0\chassis5.0\chassis\EWARM\chassis\Obj\stm32f4xx_hal_cortex.o
#        C:\Users\–Ï√˙‘∂\Desktop\chassis\chassis1.0\chassis5.0\chassis\EWARM\chassis\Obj\stm32f4xx_hal_dma.o
#        C:\Users\–Ï√˙‘∂\Desktop\chassis\chassis1.0\chassis5.0\chassis\EWARM\chassis\Obj\stm32f4xx_hal_dma_ex.o
#        C:\Users\–Ï√˙‘∂\Desktop\chassis\chassis1.0\chassis5.0\chassis\EWARM\chassis\Obj\stm32f4xx_hal_flash.o
#        C:\Users\–Ï√˙‘∂\Desktop\chassis\chassis1.0\chassis5.0\chassis\EWARM\chassis\Obj\stm32f4xx_hal_flash_ex.o
#        C:\Users\–Ï√˙‘∂\Desktop\chassis\chassis1.0\chassis5.0\chassis\EWARM\chassis\Obj\stm32f4xx_hal_flash_ramfunc.o
#        C:\Users\–Ï√˙‘∂\Desktop\chassis\chassis1.0\chassis5.0\chassis\EWARM\chassis\Obj\stm32f4xx_hal_gpio.o
#        C:\Users\–Ï√˙‘∂\Desktop\chassis\chassis1.0\chassis5.0\chassis\EWARM\chassis\Obj\stm32f4xx_hal_msp.o
#        C:\Users\–Ï√˙‘∂\Desktop\chassis\chassis1.0\chassis5.0\chassis\EWARM\chassis\Obj\stm32f4xx_hal_pwr.o
#        C:\Users\–Ï√˙‘∂\Desktop\chassis\chassis1.0\chassis5.0\chassis\EWARM\chassis\Obj\stm32f4xx_hal_pwr_ex.o
#        C:\Users\–Ï√˙‘∂\Desktop\chassis\chassis1.0\chassis5.0\chassis\EWARM\chassis\Obj\stm32f4xx_hal_rcc.o
#        C:\Users\–Ï√˙‘∂\Desktop\chassis\chassis1.0\chassis5.0\chassis\EWARM\chassis\Obj\stm32f4xx_hal_rcc_ex.o
#        C:\Users\–Ï√˙‘∂\Desktop\chassis\chassis1.0\chassis5.0\chassis\EWARM\chassis\Obj\stm32f4xx_hal_tim.o
#        C:\Users\–Ï√˙‘∂\Desktop\chassis\chassis1.0\chassis5.0\chassis\EWARM\chassis\Obj\stm32f4xx_hal_tim_ex.o
#        C:\Users\–Ï√˙‘∂\Desktop\chassis\chassis1.0\chassis5.0\chassis\EWARM\chassis\Obj\stm32f4xx_hal_uart.o
#        C:\Users\–Ï√˙‘∂\Desktop\chassis\chassis1.0\chassis5.0\chassis\EWARM\chassis\Obj\stm32f4xx_it.o
#        C:\Users\–Ï√˙‘∂\Desktop\chassis\chassis1.0\chassis5.0\chassis\EWARM\chassis\Obj\system_stm32f4xx.o
#        C:\Users\–Ï√˙‘∂\Desktop\chassis\chassis1.0\chassis5.0\chassis\EWARM\chassis\Obj\tim.o
#        C:\Users\–Ï√˙‘∂\Desktop\chassis\chassis1.0\chassis5.0\chassis\EWARM\chassis\Obj\usart.o
#        C:\Users\–Ï√˙‘∂\Desktop\chassis\chassis1.0\chassis5.0\chassis\EWARM\chassis\Obj\vega.o
#        --redirect _Printf=_PrintfFull --redirect _Scanf=_ScanfFull -o
#        C:\Users\–Ï√˙‘∂\Desktop\chassis\chassis1.0\chassis5.0\chassis\EWARM\chassis\Exe\chassis.out
#        --map
#        C:\Users\–Ï√˙‘∂\Desktop\chassis\chassis1.0\chassis5.0\chassis\EWARM\chassis\List\chassis.map
#        --config
#        C:\Users\–Ï√˙‘∂\Desktop\chassis\chassis1.0\chassis5.0\chassis\EWARM/stm32f407xx_flash.icf
#        --semihosting --entry __iar_program_start --vfe --text_out locale)
#
###############################################################################

*******************************************************************************
*** RUNTIME MODEL ATTRIBUTES
***

CppFlavor       = *
__Heap_Handler  = NoFree
__SystemLibrary = DLib
__dlib_version  = 6


*******************************************************************************
*** HEAP SELECTION
***

The no free heap was selected because no calls to memory
deallocation functions were found in the application.


*******************************************************************************
*** PLACEMENT SUMMARY
***

"A0":  place at 0x08000000 { ro section .intvec };
"P1":  place in [from 0x08000000 to 0x080fffff] { ro };
define block CSTACK with size = 1K, alignment = 8 { };
define block HEAP with size = 512, alignment = 8 { };
"P2":  place in [from 0x20000000 to 0x2001ffff] {
          rw, block CSTACK, block HEAP };
initialize by copy { rw };

  Section            Kind        Address    Size  Object
  -------            ----        -------    ----  ------
"A0":                                      0x188
  .intvec            ro code  0x08000000   0x188  startup_stm32f407xx.o [1]
                            - 0x08000188   0x188

"P1":                                     0x7b0c
  .text              ro code  0x08000188   0xf96  xprintffull.o [3]
  .text              ro code  0x0800111e    0x7a  lz77_init_single.o [5]
  .text              ro code  0x08001198    0xb0  xlocale_c.o [3]
  .text              ro code  0x08001248    0x16  strchr.o [5]
  .text              ro code  0x0800125e    0x1e  xencoding_8859_1.o [3]
  .text              ro code  0x0800127c    0x40  xfail_s.o [3]
  .text              ro code  0x080012bc    0x36  strlen.o [5]
  .text              ro code  0x080012f2    0x1a  xsnprout.o [3]
  .text              ro code  0x0800130c    0x58  memchr.o [5]
  .text              ro code  0x08001364     0xa  xmbcurmax.o [3]
  .text              ro code  0x08001370    0xa6  ABImemcpy.o [5]
  .text              ro code  0x08001418   0x22e  I64DivMod.o [5]
  .text              ro code  0x08001648   0x1a2  DblMul.o [4]
  .text              ro code  0x080017ec    0x70  frexp.o [4]
  .text              ro code  0x0800185c    0x2e  DblCmpLe.o [4]
  .text              ro code  0x0800188c    0x2e  DblCmpGe.o [4]
  .text              ro code  0x080018bc   0x13a  ldexp.o [4]
  .text              ro code  0x080019f8    0x3a  DblToS32.o [4]
  .text              ro code  0x08001a34    0x22  S32ToDbl.o [4]
  .text              ro code  0x08001a58    0xe2  DblSub.o [4]
  .text              ro code  0x08001b3c   0x246  DblDiv.o [4]
  .text              ro code  0x08001d84    0x28  DblToU32.o [4]
  .text              ro code  0x08001dac    0x1a  U32ToDbl.o [4]
  .text              ro code  0x08001dc6     0x6  abort.o [3]
  .text              ro code  0x08001dcc     0x2  I64DivZer.o [5]
  .text              ro code  0x08001dd0   0x178  DblAdd.o [4]
  .text              ro code  0x08001f48    0x14  exit.o [6]
  .text              ro code  0x08001f60   0xb28  pow64.o [4]
  .text              ro code  0x08002a88    0x20  DblCmpEq.o [4]
  .text              ro code  0x08002aa8   0x418  iar_Exp64.o [4]
  .text              ro code  0x08002ec0   0x7c8  stm32f4xx_hal_can.o [1]
  .text              ro code  0x08003688   0x25c  can.o [1]
  .text              ro code  0x080038e4     0xc  stm32f4xx_hal.o [1]
  .text              ro code  0x080038f0     0x2  stm32f4xx_hal_can.o [1]
  .text              ro code  0x080038f4   0x184  main.o [1]
  .text              ro code  0x08003a78   0x1e0  stm32f4xx_hal_gpio.o [1]
  .text              ro code  0x08003c58    0xe4  stm32f4xx_hal_cortex.o [1]
  .text              ro code  0x08003d3c   0x3fc  usart.o [1]
  .text              ro code  0x08004138    0x24  ABIassert.o [6]
  .text              ro code  0x0800415c    0x34  stm32f4xx_hal.o [1]
  .text              ro code  0x08004190    0x88  gpio.o [1]
  .text              ro code  0x08004218   0x1e0  tim.o [1]
  .text              ro code  0x080043f8   0x130  cmd.o [1]
  .text              ro code  0x08004528   0x6dc  chassis.o [1]
  .text              ro code  0x08004c04   0x2d0  stm32f4xx_hal_rcc.o [1]
  .text              ro code  0x08004ed4   0x1a4  stm32f4xx_hal_rcc.o [1]
  .text              ro code  0x08005078   0x572  stm32f4xx_hal_uart.o [1]
  .text              ro code  0x080055ec    0x3c  vsnprint.o [3]
  .text              ro code  0x08005628    0x28  stm32f4xx_hal.o [1]
  .text              ro code  0x08005650    0x60  stm32f4xx_hal_msp.o [1]
  .text              ro code  0x080056b0   0x328  stm32f4xx_hal_tim.o [1]
  .text              ro code  0x080059d8    0xa4  stm32f4xx_hal_tim_ex.o [1]
  .text              ro code  0x08005a7c    0x44  no_free_heap0.o [3]
  .text              ro code  0x08005ac0     0x6  ABImemclr.o [5]
  .text              ro code  0x08005ac8    0x4a  strcmp.o [5]
  .text              ro code  0x08005b14   0x128  vega.o [1]
  .text              ro code  0x08005c3c    0x1e  stm32f4xx_hal.o [1]
  .text              ro code  0x08005c5c    0x40  maxon.o [1]
  .text              ro code  0x08005c9c    0x68  DblToFlt.o [4]
  .text              ro code  0x08005d04    0x48  FltToDbl.o [4]
  .text              ro code  0x08005d4c    0x46  math_wrappers64.o [4]
  .text              ro code  0x08005d94   0x102  sqrt.o [4]
  .text              ro code  0x08005e98    0x24  stm32f4xx_hal_dma.o [1]
  .text              ro code  0x08005ebc     0x2  stm32f4xx_hal_uart.o [1]
  .text              ro code  0x08005ec0    0x2c  xgetmemchunk.o [3]
  .text              ro code  0x08005eec    0x5e  ABImemset.o [5]
  .text              ro code  0x08005f50   0x5a0  strto64.o [4]
  .text              ro code  0x080064f0   0x13c  atan2_64.o [4]
  .text              ro code  0x0800662c   0x320  logx64.o [4]
  .text              ro code  0x0800694c   0x448  cos_sin64.o [4]
  .text              ro code  0x08006d94   0x122  iar_Stopfx.o [3]
  .text              ro code  0x08006eb8   0x1c8  iar_Stoflt.o [3]
  .text              ro code  0x08007080   0x21c  iar_Stoxflt.o [3]
  .text              ro code  0x080072a0   0x208  iar_Atan64.o [4]
  .text              ro code  0x080074a8    0x14  isspace.o [3]
  .text              ro code  0x080074bc    0x14  isalpha.o [3]
  .text              ro code  0x080074d0   0x1b0  cmd_func.o [1]
  .text              ro code  0x08007680   0x174  iar_Stoulx.o [3]
  .text              ro code  0x080077f4    0x14  tolower.o [3]
  .text              ro code  0x08007808    0x60  system_stm32f4xx.o [1]
  .text              ro code  0x08007868    0x40  zero_init3.o [5]
  .text              ro code  0x080078a8    0x34  stm32f4xx_it.o [1]
  .text              ro code  0x080078dc    0x10  stm32f4xx_hal.o [1]
  .text              ro code  0x080078ec    0x28  data_init.o [5]
  .text              ro code  0x08007914    0x22  fpinit_M.o [4]
  .iar.init_table    const    0x08007938    0x20  - Linker created -
  .text              ro code  0x08007958    0x1e  cmain.o [5]
  .text              ro code  0x08007976     0x4  low_level_init.o [3]
  .text              ro code  0x0800797a     0x4  exit.o [3]
  .text              ro code  0x08007980     0xa  cexit.o [5]
  .text              ro code  0x0800798c    0x10  startup_stm32f407xx.o [1]
  .text              ro code  0x0800799c     0xc  cstartup_M.o [5]
  .rodata            const    0x080079a8     0x8  system_stm32f4xx.o [1]
  .rodata            const    0x080079b0     0x6  xlocale_c.o [3]
  .text              ro code  0x080079b6     0x4  startup_stm32f407xx.o [1]
  .text              ro code  0x080079ba     0x4  startup_stm32f407xx.o [1]
  .text              ro code  0x080079be     0x4  startup_stm32f407xx.o [1]
  .text              ro code  0x080079c2     0x4  startup_stm32f407xx.o [1]
  .text              ro code  0x080079c6     0x4  startup_stm32f407xx.o [1]
  .text              ro code  0x080079ca     0x4  startup_stm32f407xx.o [1]
  .text              ro code  0x080079ce     0x4  startup_stm32f407xx.o [1]
  .text              ro code  0x080079d2     0x4  startup_stm32f407xx.o [1]
  .text              ro code  0x080079d6     0x4  startup_stm32f407xx.o [1]
  .text              ro code  0x080079da     0x4  startup_stm32f407xx.o [1]
  .text              ro code  0x080079de     0x4  startup_stm32f407xx.o [1]
  .text              ro code  0x080079e2     0x4  startup_stm32f407xx.o [1]
  .text              ro code  0x080079e6     0x4  startup_stm32f407xx.o [1]
  .text              ro code  0x080079ea     0x4  startup_stm32f407xx.o [1]
  .text              ro code  0x080079ee     0x4  startup_stm32f407xx.o [1]
  .text              ro code  0x080079f2     0x4  startup_stm32f407xx.o [1]
  .text              ro code  0x080079f6     0x4  startup_stm32f407xx.o [1]
  .text              ro code  0x080079fa     0x4  startup_stm32f407xx.o [1]
  .text              ro code  0x080079fe     0x4  startup_stm32f407xx.o [1]
  .text              ro code  0x08007a02     0x4  startup_stm32f407xx.o [1]
  .text              ro code  0x08007a06     0x4  startup_stm32f407xx.o [1]
  .text              ro code  0x08007a0a     0x4  startup_stm32f407xx.o [1]
  .text              ro code  0x08007a0e     0x4  startup_stm32f407xx.o [1]
  .text              ro code  0x08007a12     0x4  startup_stm32f407xx.o [1]
  .text              ro code  0x08007a16     0x4  startup_stm32f407xx.o [1]
  .text              ro code  0x08007a1a     0x4  startup_stm32f407xx.o [1]
  .text              ro code  0x08007a1e     0x4  startup_stm32f407xx.o [1]
  .text              ro code  0x08007a22     0x4  startup_stm32f407xx.o [1]
  .text              ro code  0x08007a26     0x4  startup_stm32f407xx.o [1]
  .text              ro code  0x08007a2a     0x4  startup_stm32f407xx.o [1]
  .text              ro code  0x08007a2e     0x4  startup_stm32f407xx.o [1]
  .text              ro code  0x08007a32     0x4  startup_stm32f407xx.o [1]
  .text              ro code  0x08007a36     0x4  startup_stm32f407xx.o [1]
  .text              ro code  0x08007a3a     0x4  startup_stm32f407xx.o [1]
  .text              ro code  0x08007a3e     0x4  startup_stm32f407xx.o [1]
  .text              ro code  0x08007a42     0x4  startup_stm32f407xx.o [1]
  .text              ro code  0x08007a46     0x4  startup_stm32f407xx.o [1]
  .text              ro code  0x08007a4a     0x4  startup_stm32f407xx.o [1]
  .text              ro code  0x08007a4e     0x4  startup_stm32f407xx.o [1]
  .text              ro code  0x08007a52     0x4  startup_stm32f407xx.o [1]
  .text              ro code  0x08007a56     0x4  startup_stm32f407xx.o [1]
  .text              ro code  0x08007a5a     0x4  startup_stm32f407xx.o [1]
  .text              ro code  0x08007a5e     0x4  startup_stm32f407xx.o [1]
  .text              ro code  0x08007a62     0x4  startup_stm32f407xx.o [1]
  .text              ro code  0x08007a66     0x4  startup_stm32f407xx.o [1]
  .text              ro code  0x08007a6a     0x4  startup_stm32f407xx.o [1]
  .text              ro code  0x08007a6e     0x4  startup_stm32f407xx.o [1]
  .text              ro code  0x08007a72     0x4  startup_stm32f407xx.o [1]
  .text              ro code  0x08007a76     0x4  startup_stm32f407xx.o [1]
  .text              ro code  0x08007a7a     0x4  startup_stm32f407xx.o [1]
  .text              ro code  0x08007a7e     0x4  startup_stm32f407xx.o [1]
  .text              ro code  0x08007a82     0x4  startup_stm32f407xx.o [1]
  .text              ro code  0x08007a86     0x4  startup_stm32f407xx.o [1]
  .text              ro code  0x08007a8a     0x4  startup_stm32f407xx.o [1]
  .text              ro code  0x08007a8e     0x4  startup_stm32f407xx.o [1]
  .text              ro code  0x08007a92     0x4  startup_stm32f407xx.o [1]
  .text              ro code  0x08007a96     0x4  startup_stm32f407xx.o [1]
  .text              ro code  0x08007a9a     0x4  startup_stm32f407xx.o [1]
  .text              ro code  0x08007a9e     0x4  startup_stm32f407xx.o [1]
  .text              ro code  0x08007aa2     0x4  startup_stm32f407xx.o [1]
  .text              ro code  0x08007aa6     0x4  startup_stm32f407xx.o [1]
  .text              ro code  0x08007aaa     0x4  startup_stm32f407xx.o [1]
  .text              ro code  0x08007aae     0x4  startup_stm32f407xx.o [1]
  .text              ro code  0x08007ab2     0x4  startup_stm32f407xx.o [1]
  .text              ro code  0x08007ab6     0x4  startup_stm32f407xx.o [1]
  .text              ro code  0x08007aba     0x4  startup_stm32f407xx.o [1]
  .text              ro code  0x08007abe     0x4  startup_stm32f407xx.o [1]
  .text              ro code  0x08007ac2     0x4  startup_stm32f407xx.o [1]
  .text              ro code  0x08007ac6     0x4  startup_stm32f407xx.o [1]
  .text              ro code  0x08007aca     0x4  startup_stm32f407xx.o [1]
  .text              ro code  0x08007ace     0x4  startup_stm32f407xx.o [1]
  .text              ro code  0x08007ad2     0x4  startup_stm32f407xx.o [1]
  .text              ro code  0x08007ad6     0x4  startup_stm32f407xx.o [1]
  .text              ro code  0x08007ada     0x4  startup_stm32f407xx.o [1]
  .text              ro code  0x08007ade     0x4  startup_stm32f407xx.o [1]
  .text              ro code  0x08007ae2     0x4  startup_stm32f407xx.o [1]
  .text              ro code  0x08007ae6     0x4  startup_stm32f407xx.o [1]
  .text              ro code  0x08007aea     0x4  startup_stm32f407xx.o [1]
  .text              ro code  0x08007aee     0x4  startup_stm32f407xx.o [1]
  .rodata            const    0x08007af2     0x0  zero_init3.o [5]
  .rodata            const    0x08007af2     0x0  lz77_init_single.o [5]
  Initializer bytes  const    0x08007af2   0x1a2  <for P2-1>
                            - 0x08007c94  0x7b0c

"P2", part 1 of 3:                         0x5cc
  P2-1                        0x20000000   0x5cc  <Init block>
    .data            inited   0x20000000    0x6c  chassis.o [1]
    .data            inited   0x20000070    0x50  chassis.o [1]
    .data            inited   0x200000c0    0x58  chassis.o [1]
    .data            inited   0x20000118    0x18  chassis.o [1]
    .data            inited   0x20000130   0x348  cmd.o [1]
    .data            inited   0x20000478     0xc  maxon.o [1]
    .data            inited   0x20000484     0x4  system_stm32f4xx.o [1]
    .data            inited   0x20000488    0xc4  usart.o [1]
    .data            inited   0x2000054c    0x38  xlocale_c.o [3]
    .data            inited   0x20000584    0x48  xlocale_c.o [3]
                            - 0x200005cc   0x5cc

"P2", part 2 of 3:                         0x4dc
  .bss               zero     0x200005cc   0x190  can.o [1]
  .bss               zero     0x2000075c    0xc8  usart.o [1]
  .bss               zero     0x20000824    0xac  can.o [1]
  .bss               zero     0x200008d0    0x40  usart.o [1]
  .bss               zero     0x20000910    0x40  usart.o [1]
  .bss               zero     0x20000950    0x40  usart.o [1]
  .bss               zero     0x20000990    0x40  usart.o [1]
  .bss               zero     0x200009d0    0x3c  tim.o [1]
  .bss               zero     0x20000a0c    0x3c  tim.o [1]
  .bss               zero     0x20000a48    0x30  cmd.o [1]
  .bss               zero     0x20000a78     0xc  vega.o [1]
  .bss               zero     0x20000a84     0x8  main.o [1]
  .bss               zero     0x20000a8c     0x4  can.o [1]
  .bss               zero     0x20000a90     0x4  chassis.o [1]
  .bss               zero     0x20000a94     0x4  main.o [1]
  .bss               zero     0x20000a98     0x4  stm32f4xx_hal.o [1]
  .bss               zero     0x20000a9c     0x4  xfail_s.o [3]
  .bss               zero     0x20000aa0     0x4  no_free_heap0.o [3]
  .bss               zero     0x20000aa4     0x4  xgetmemchunk.o [3]
                            - 0x20000aa8   0x4dc

"P2", part 3 of 3:                         0x600
  CSTACK                      0x20000aa8   0x400  <Block>
    CSTACK           uninit   0x20000aa8   0x400  <Block tail>
  HEAP                        0x20000ea8   0x200  <Block>
    HEAP             uninit   0x20000ea8   0x200  <Block tail>
                            - 0x200010a8   0x600


*******************************************************************************
*** INIT TABLE
***

          Address     Size
          -------     ----
Zero (__iar_zero_init3)
    1 destination range, total size 0x4dc:
          0x200005cc  0x4dc

Copy/lz77 (__iar_lz77_init_single3)
    1 source range, total size 0x1a2 (28% of destination):
          0x08007af2  0x1a2
    1 destination range, total size 0x5cc:
          0x20000000  0x5cc



*******************************************************************************
*** MODULE SUMMARY
***

    Module                  ro code  ro data  rw data
    ------                  -------  -------  -------
C:\Users\–Ï√˙‘∂\Desktop\chassis\chassis1.0\chassis5.0\chassis\EWARM\chassis\Obj: [1]
    can.o                       604               576
    chassis.o                 1 756       85      304
    cmd.o                       304      237      888
    cmd_func.o                  432
    gpio.o                      136
    main.o                      388                12
    maxon.o                      64        3       12
    startup_stm32f407xx.o       724
    stm32f4xx_hal.o             150                 4
    stm32f4xx_hal_can.o       1 994
    stm32f4xx_hal_cortex.o      228
    stm32f4xx_hal_dma.o          36
    stm32f4xx_hal_gpio.o        480
    stm32f4xx_hal_msp.o          96
    stm32f4xx_hal_rcc.o       1 140
    stm32f4xx_hal_tim.o         808
    stm32f4xx_hal_tim_ex.o      164
    stm32f4xx_hal_uart.o      1 396
    stm32f4xx_it.o               52
    system_stm32f4xx.o           96        9        4
    tim.o                       480               120
    usart.o                   1 020       55      652
    vega.o                      296                12
    -------------------------------------------------
    Total:                   12 844      389    2 584

command line: [2]
    -------------------------------------------------
    Total:

dl7M_tlf.a: [3]
    abort.o                       6
    exit.o                        4
    iar_Stoflt.o                456
    iar_Stopfx.o                290
    iar_Stoulx.o                372
    iar_Stoxflt.o               540
    isalpha.o                    20
    isspace.o                    20
    low_level_init.o              4
    no_free_heap0.o              68                 4
    tolower.o                    20
    vsnprint.o                   60
    xencoding_8859_1.o           30
    xfail_s.o                    64                 4
    xgetmemchunk.o               44                 4
    xlocale_c.o                 176       43      128
    xmbcurmax.o                  10
    xprintffull.o             3 990
    xsnprout.o                   26
    -------------------------------------------------
    Total:                    6 200       43      140

m7M_tls.a: [4]
    DblAdd.o                    376
    DblCmpEq.o                   32
    DblCmpGe.o                   46
    DblCmpLe.o                   46
    DblDiv.o                    582
    DblMul.o                    418
    DblSub.o                    226
    DblToFlt.o                  104
    DblToS32.o                   58
    DblToU32.o                   40
    FltToDbl.o                   72
    S32ToDbl.o                   34
    U32ToDbl.o                   26
    atan2_64.o                  316
    cos_sin64.o               1 096
    fpinit_M.o                   34
    frexp.o                     112
    iar_Atan64.o                520
    iar_Exp64.o               1 048
    ldexp.o                     314
    logx64.o                    800
    math_wrappers64.o            70
    pow64.o                   2 856
    sqrt.o                      258
    strto64.o                 1 440
    -------------------------------------------------
    Total:                   10 924

rt7M_tl.a: [5]
    ABImemclr.o                   6
    ABImemcpy.o                 166
    ABImemset.o                  94
    I64DivMod.o                 558
    I64DivZer.o                   2
    cexit.o                      10
    cmain.o                      30
    cstartup_M.o                 12
    data_init.o                  40
    lz77_init_single.o          122
    memchr.o                     88
    strchr.o                     22
    strcmp.o                     74
    strlen.o                     54
    zero_init3.o                 64
    -------------------------------------------------
    Total:                    1 342

shb_l.a: [6]
    ABIassert.o                  36
    exit.o                       20
    -------------------------------------------------
    Total:                       56

    Gaps                         60        2        4
    Linker created                        32    1 536
-----------------------------------------------------
    Grand Total:             31 426      466    4 264


*******************************************************************************
*** ENTRY LIST
***

Entry                      Address   Size  Type      Object
-----                      -------   ----  ----      ------
.iar.init_table$$Base   0x08007938          --   Gb  - Linker created -
.iar.init_table$$Limit  0x08007958          --   Gb  - Linker created -
?main                   0x08007959         Code  Gb  cmain.o [5]
AHBPrescTable           0x08007858   0x10  Data  Gb  system_stm32f4xx.o [1]
APBPrescTable           0x080079a8    0x8  Data  Gb  system_stm32f4xx.o [1]
Angle_KD                0x20000110    0x4  Data  Gb  chassis.o [1]
Angle_KP                0x2000010c    0x4  Data  Gb  chassis.o [1]
BusFault_Handler        0x080078af    0x2  Code  Gb  stm32f4xx_it.o [1]
CAN1_RX0_IRQHandler     0x080078c7    0x6  Code  Gb  stm32f4xx_it.o [1]
CAN_LIST_MATCH          0x08003801   0x2c  Code  Gb  can.o [1]
CAN_Receive_IT          0x08003555  0x12a  Code  Lc  stm32f4xx_hal_can.o [1]
CSTACK$$Base            0x20000aa8          --   Gb  - Linker created -
CSTACK$$Limit           0x20000ea8          --   Gb  - Linker created -
CacheMore               0x080011d9   0x24  Code  Lc  xlocale_c.o [3]
Chassis_motor1          0x20000124    0x4  Data  Lc  chassis.o [1]
Chassis_motor3          0x20000128    0x4  Data  Lc  chassis.o [1]
Configure_Filter        0x08003755   0x28  Code  Gb  can.o [1]
DebugMon_Handler        0x080078b5    0x2  Code  Gb  stm32f4xx_it.o [1]
Dtentox                 0x08006105  0x19a  Code  Lc  strto64.o [4]
ERR_angle_m0            0x20000120    0x4  Data  Gb  chassis.o [1]
ERR_angle_m1            0x2000011c    0x4  Data  Gb  chassis.o [1]
ERR_angle_m3            0x20000118    0x4  Data  Gb  chassis.o [1]
HAL_CAN_ConfigFilter    0x08002ff9   0xbe  Code  Gb  stm32f4xx_hal_can.o [1]
HAL_CAN_ErrorCallback   0x0800383b    0xc  Code  Gb  can.o [1]
HAL_CAN_IRQHandler      0x08003345  0x1f2  Code  Gb  stm32f4xx_hal_can.o [1]
HAL_CAN_Init            0x08002ec1  0x138  Code  Gb  stm32f4xx_hal_can.o [1]
HAL_CAN_MspInit         0x080036cd   0x58  Code  Gb  can.o [1]
HAL_CAN_Receive_IT      0x08003277   0xb2  Code  Gb  stm32f4xx_hal_can.o [1]
HAL_CAN_RxCpltCallback  0x0800382d    0xe  Code  Gb  can.o [1]
HAL_CAN_Transmit        0x080030c5  0x1a6  Code  Gb  stm32f4xx_hal_can.o [1]
HAL_DMA_Abort_IT        0x08005e99   0x24  Code  Gb  stm32f4xx_hal_dma.o [1]
HAL_Delay               0x08005c3d   0x1e  Code  Wk  stm32f4xx_hal.o [1]
HAL_GPIO_Init           0x08003a79  0x1b2  Code  Gb  stm32f4xx_hal_gpio.o [1]
HAL_GetTick             0x080038e5    0xc  Code  Wk  stm32f4xx_hal.o [1]
HAL_IncTick             0x080078dd   0x10  Code  Wk  stm32f4xx_hal.o [1]
HAL_Init                0x0800415d   0x30  Code  Gb  stm32f4xx_hal.o [1]
HAL_InitTick            0x08005629   0x28  Code  Wk  stm32f4xx_hal.o [1]
HAL_MspInit             0x08005651   0x60  Code  Gb  stm32f4xx_hal_msp.o [1]
HAL_NVIC_EnableIRQ      0x08003ccb    0xa  Code  Gb  stm32f4xx_hal_cortex.o [1]
HAL_NVIC_SetPriority    0x08003c91   0x3a  Code  Gb  stm32f4xx_hal_cortex.o [1]
HAL_NVIC_SetPriorityGrouping
                        0x08003c77   0x1a  Code  Gb  stm32f4xx_hal_cortex.o [1]
HAL_RCC_ClockConfig     0x08004ed5   0xfe  Code  Gb  stm32f4xx_hal_rcc.o [1]
HAL_RCC_GetHCLKFreq     0x08004fdf    0x6  Code  Gb  stm32f4xx_hal_rcc.o [1]
HAL_RCC_GetPCLK1Freq    0x08004fe5   0x10  Code  Gb  stm32f4xx_hal_rcc.o [1]
HAL_RCC_GetPCLK2Freq    0x08004ff5    0xe  Code  Gb  stm32f4xx_hal_rcc.o [1]
HAL_RCC_OscConfig       0x08004c05  0x2d0  Code  Wk  stm32f4xx_hal_rcc.o [1]
HAL_SYSTICK_CLKSourceConfig
                        0x08003d07   0x1a  Code  Gb  stm32f4xx_hal_cortex.o [1]
HAL_SYSTICK_Callback    0x080039ed   0x5c  Code  Gb  main.o [1]
HAL_SYSTICK_Callback::num_points
                        0x20000a88    0x4  Data  Lc  main.o [1]
HAL_SYSTICK_Callback::time_1ms_cnt
                        0x20000a84    0x4  Data  Lc  main.o [1]
HAL_SYSTICK_Config      0x08003cdf   0x28  Code  Gb  stm32f4xx_hal_cortex.o [1]
HAL_SYSTICK_IRQHandler  0x08003d39    0x4  Code  Gb  stm32f4xx_hal_cortex.o [1]
HAL_TIMEx_ConfigBreakDeadTime
                        0x08005a23   0x5a  Code  Gb  stm32f4xx_hal_tim_ex.o [1]
HAL_TIMEx_MasterConfigSynchronization
                        0x080059d9   0x4a  Code  Gb  stm32f4xx_hal_tim_ex.o [1]
HAL_TIM_MspPostInit     0x08004349   0x4a  Code  Gb  tim.o [1]
HAL_TIM_PWM_ConfigChannel
                        0x080056ef   0xc0  Code  Gb  stm32f4xx_hal_tim.o [1]
HAL_TIM_PWM_Init        0x080056c5   0x1a  Code  Gb  stm32f4xx_hal_tim.o [1]
HAL_TIM_PWM_MspInit     0x0800430d   0x3c  Code  Gb  tim.o [1]
HAL_UART_ErrorCallback  0x08003fef    0x2  Code  Gb  usart.o [1]
HAL_UART_IRQHandler     0x080051ff  0x152  Code  Gb  stm32f4xx_hal_uart.o [1]
HAL_UART_Init           0x08005079   0x1e  Code  Gb  stm32f4xx_hal_uart.o [1]
HAL_UART_MspInit        0x08003e25  0x12c  Code  Gb  usart.o [1]
HAL_UART_Receive_IT     0x080051a3   0x4a  Code  Gb  stm32f4xx_hal_uart.o [1]
HAL_UART_RxCpltCallback
                        0x08003f97   0x58  Code  Gb  usart.o [1]
HAL_UART_Transmit       0x080050f1   0xaa  Code  Gb  stm32f4xx_hal_uart.o [1]
HEAP$$Base              0x20000ea8          --   Gb  - Linker created -
HEAP$$Limit             0x200010a8          --   Gb  - Linker created -
HardFault_Handler       0x080078ab    0x2  Code  Gb  stm32f4xx_it.o [1]
LoadInt                 0x08000377   0x7a  Code  Lc  xprintffull.o [3]
MX_CAN1_Init            0x08003689   0x44  Code  Gb  can.o [1]
MX_GPIO_Init            0x08004191   0x88  Code  Gb  gpio.o [1]
MX_TIM1_Init            0x08004219   0x80  Code  Gb  tim.o [1]
MX_TIM2_Init            0x08004299   0x54  Code  Gb  tim.o [1]
MX_UART4_Init           0x08003d3d   0x1a  Code  Gb  usart.o [1]
MX_UART5_Init           0x08003d57   0x5a  Code  Gb  usart.o [1]
MX_USART1_UART_Init     0x08003db1   0x1a  Code  Gb  usart.o [1]
MX_USART2_UART_Init     0x08003dd3   0x1a  Code  Gb  usart.o [1]
MX_USART3_UART_Init     0x08003e0b   0x1a  Code  Gb  usart.o [1]
MemManage_Handler       0x080078ad    0x2  Code  Gb  stm32f4xx_it.o [1]
NMI_Handler             0x080078a9    0x2  Code  Gb  stm32f4xx_it.o [1]
NVIC_SetPriority        0x08003c59   0x1e  Code  Lc  stm32f4xx_hal_cortex.o [1]
PendSV_Handler          0x080078b7    0x2  Code  Gb  stm32f4xx_it.o [1]
Region$$Table$$Base     0x08007938          --   Gb  - Linker created -
Region$$Table$$Limit    0x08007958          --   Gb  - Linker created -
RxMessage               0x200008ac   0x24  Data  Lc  can.o [1]
SVC_Handler             0x080078b3    0x2  Code  Gb  stm32f4xx_it.o [1]
SysTick_Handler         0x080078b9    0xe  Code  Gb  stm32f4xx_it.o [1]
SystemClock_Config      0x08003941   0xac  Code  Gb  main.o [1]
SystemCoreClock         0x20000484    0x4  Data  Gb  system_stm32f4xx.o [1]
SystemInit              0x08007809   0x3a  Code  Gb  system_stm32f4xx.o [1]
TIM_Base_SetConfig      0x080057d7   0x8e  Code  Gb  stm32f4xx_hal_tim.o [1]
TIM_OC1_SetConfig       0x080058c1   0x4a  Code  Lc  stm32f4xx_hal_tim.o [1]
TIM_OC2_SetConfig       0x08005867   0x58  Code  Gb  stm32f4xx_hal_tim.o [1]
TIM_OC3_SetConfig       0x0800590b   0x50  Code  Lc  stm32f4xx_hal_tim.o [1]
TIM_OC4_SetConfig       0x08005967   0x46  Code  Lc  stm32f4xx_hal_tim.o [1]
TxMessage               0x20000890   0x1c  Data  Lc  can.o [1]
UART5_IRQHandler        0x080078cd    0x6  Code  Gb  stm32f4xx_it.o [1]
UART_DMAAbortOnError    0x080053d1    0xc  Code  Lc  stm32f4xx_hal_uart.o [1]
UART_EndRxTransfer      0x080053b5   0x1c  Code  Lc  stm32f4xx_hal_uart.o [1]
UART_Receive_IT         0x080053dd   0x8c  Code  Lc  stm32f4xx_hal_uart.o [1]
UART_SetConfig          0x08005469  0x13a  Code  Lc  stm32f4xx_hal_uart.o [1]
UART_WaitOnFlagUntilTimeout
                        0x08005351   0x56  Code  Lc  stm32f4xx_hal_uart.o [1]
USART_RX_BUF            0x2000075c   0xc8  Data  Gb  usart.o [1]
USART_RX_STA            0x200004a2    0x2  Data  Gb  usart.o [1]
UsageFault_Handler      0x080078b1    0x2  Code  Gb  stm32f4xx_it.o [1]
_Encoding_8859_1_Mbrlen
                        0x08001271    0x2  Code  Gb  xencoding_8859_1.o [3]
_Encoding_8859_1_Wctomb
                        0x0800125f   0x12  Code  Gb  xencoding_8859_1.o [3]
_Error_Handler          0x08003a69    0x2  Code  Gb  main.o [1]
_GenldFull              0x08000df9  0x274  Code  Lc  xprintffull.o [3]
_LdtobFull              0x080009cd  0x3fe  Code  Lc  xprintffull.o [3]
_LitobFull              0x08000875  0x112  Code  Lc  xprintffull.o [3]
_LocaleC_isalpha        0x0800119f    0xc  Code  Gb  xlocale_c.o [3]
_LocaleC_islower        0x08001199    0x4  Code  Gb  xlocale_c.o [3]
_LocaleC_isspace        0x080011b5   0x14  Code  Gb  xlocale_c.o [3]
_LocaleC_isupper        0x0800119d    0x2  Code  Gb  xlocale_c.o [3]
_LocaleC_tolower        0x080011c9    0xc  Code  Gb  xlocale_c.o [3]
_Locale_lconv           0x2000054c   0x38  Data  Lc  xlocale_c.o [3]
_PrintfFull             0x08000189  0x1d6  Code  Gb  xprintffull.o [3]
_PutcharsFull           0x0800106d   0x2e  Code  Lc  xprintffull.o [3]
_PutfldFull             0x080003f1  0x2d0  Code  Lc  xprintffull.o [3]
_PutstrFull             0x080007b7   0xbe  Code  Lc  xprintffull.o [3]
_PuttxtFull             0x080006c1   0xf6  Code  Lc  xprintffull.o [3]
_SNProut                0x080012f3   0x1a  Code  Gb  xsnprout.o [3]
__aeabi_assert          0x08004139   0x24  Code  Gb  ABIassert.o [6]
__aeabi_cdcmpeq         0x08002a89         Code  Gb  DblCmpEq.o [4]
__aeabi_cdcmple         0x0800185d         Code  Gb  DblCmpLe.o [4]
__aeabi_cdrcmple        0x0800188d         Code  Gb  DblCmpGe.o [4]
__aeabi_d2f             0x08005c9d         Code  Gb  DblToFlt.o [4]
__aeabi_d2iz            0x080019f9         Code  Gb  DblToS32.o [4]
__aeabi_d2uiz           0x08001d85         Code  Gb  DblToU32.o [4]
__aeabi_dadd            0x08001dd1         Code  Gb  DblAdd.o [4]
__aeabi_ddiv            0x08001b3d         Code  Gb  DblDiv.o [4]
__aeabi_dmul            0x08001649         Code  Gb  DblMul.o [4]
__aeabi_dsub            0x08001a59         Code  Gb  DblSub.o [4]
__aeabi_f2d             0x08005d05         Code  Gb  FltToDbl.o [4]
__aeabi_i2d             0x08001a35         Code  Gb  S32ToDbl.o [4]
__aeabi_ldiv0           0x08001dcd         Code  Gb  I64DivZer.o [5]
__aeabi_memclr          0x08005ac1         Code  Gb  ABImemclr.o [5]
__aeabi_memcpy          0x08001371         Code  Gb  ABImemcpy.o [5]
__aeabi_memcpy4         0x08001391         Code  Gb  ABImemcpy.o [5]
__aeabi_memcpy8         0x08001391         Code  Gb  ABImemcpy.o [5]
__aeabi_ui2d            0x08001dad         Code  Gb  U32ToDbl.o [4]
__aeabi_uldivmod        0x08001419         Code  Gb  I64DivMod.o [5]
__cmain                 0x08007959         Code  Gb  cmain.o [5]
__data_GetMemChunk      0x08005ec1   0x2c  Code  Gb  xgetmemchunk.o [3]
__data_GetMemChunk::start
                        0x20000aa4    0x4  Data  Lc  xgetmemchunk.o [3]
__exit                  0x08001f49   0x14  Code  Gb  exit.o [6]
__iar_Atan64            0x080072a1  0x170  Code  Gb  iar_Atan64.o [4]
__iar_Exp64             0x08002aa9  0x3b8  Code  Gb  iar_Exp64.o [4]
__iar_Fail_s            0x0800127d   0x1c  Code  Gb  xfail_s.o [3]
__iar_Log64             0x0800662d  0x284  Code  Lc  logx64.o [4]
__iar_Mbcurmax          0x08001365    0xa  Code  Gb  xmbcurmax.o [3]
__iar_Memchr            0x0800130d         Code  Gb  memchr.o [5]
__iar_Memset_word       0x08005eed         Code  Gb  ABImemset.o [5]
__iar_Pow64             0x08001f61  0x654  Code  Lc  pow64.o [4]
__iar_Sin64             0x0800694d  0x3b2  Code  Lc  cos_sin64.o [4]
__iar_Sto64             0x080062b1  0x1a6  Code  Gb  strto64.o [4]
__iar_Stoflt            0x08006eb9  0x1c8  Code  Gb  iar_Stoflt.o [3]
__iar_Stopfx            0x08006d95  0x122  Code  Gb  iar_Stopfx.o [3]
__iar_Stoulx            0x08007681  0x112  Code  Gb  iar_Stoulx.o [3]
__iar_Stoxflt           0x08007081  0x1e6  Code  Gb  iar_Stoxflt.o [3]
__iar_Stoxflt::digits   0x0800726c   0x18  Data  Lc  iar_Stoxflt.o [3]
__iar_Stoxflt::vals     0x08007284   0x18  Data  Lc  iar_Stoxflt.o [3]
__iar_Strchr            0x08001249         Code  Gb  strchr.o [5]
__iar_atan2_64          0x080064f1  0x13c  Code  Gb  atan2_64.o [4]
__iar_cos64             0x08006d91    0x4  Code  Gb  cos_sin64.o [4]
__iar_cos_medium        0x08006d91    0x4  Code  Gb  cos_sin64.o [4]
__iar_cos_medium64      0x08006d91    0x4  Code  Gb  cos_sin64.o [4]
__iar_cos_mediuml       0x08006d91    0x4  Code  Gb  cos_sin64.o [4]
__iar_dadd              0x08001a69         Code  Gb  DblSub.o [4]
__iar_data_init3        0x080078ed   0x28  Code  Gb  data_init.o [5]
__iar_dsub              0x08001de1         Code  Gb  DblAdd.o [4]
__iar_dsubStart         0x08001df3         Code  Gb  DblAdd.o [4]
__iar_frexp             0x080017f9         Code  Gb  frexp.o [4]
__iar_frexpl            0x080017f9         Code  Gb  frexp.o [4]
__iar_globLocale        0x20000584   0x48  Data  Lc  xlocale_c.o [3]
__iar_global_Locale     0x080011d5    0x4  Code  Gb  xlocale_c.o [3]
__iar_init_vfp          0x08007915         Code  Gb  fpinit_M.o [4]
__iar_ldexp64           0x080018bd         Code  Gb  ldexp.o [4]
__iar_log64             0x08006949    0x4  Code  Gb  logx64.o [4]
__iar_log_medium        0x08006949    0x4  Code  Gb  logx64.o [4]
__iar_log_medium64      0x08006949    0x4  Code  Gb  logx64.o [4]
__iar_log_mediuml       0x08006949    0x4  Code  Gb  logx64.o [4]
__iar_lz77_init_single3
                        0x0800111f   0x7a  Code  Gb  lz77_init_single.o [5]
__iar_pow64             0x08002655   0x14  Code  Gb  pow64.o [4]
__iar_pow_medium        0x08002655   0x14  Code  Gb  pow64.o [4]
__iar_pow_medium64      0x08002655   0x14  Code  Gb  pow64.o [4]
__iar_pow_mediuml       0x08002655   0x14  Code  Gb  pow64.o [4]
__iar_program_start     0x0800799d         Code  Gb  cstartup_M.o [5]
__iar_scalbln64         0x080018bd         Code  Gb  ldexp.o [4]
__iar_scalbn64          0x080018bd         Code  Gb  ldexp.o [4]
__iar_softfp___iar_frexp64
                        0x080017ed         Code  Gb  frexp.o [4]
__iar_softfp_frexp      0x080017ed         Code  Gb  frexp.o [4]
__iar_softfp_frexpl     0x080017ed         Code  Gb  frexp.o [4]
__iar_sqrt64            0x08005da5         Code  Gb  sqrt.o [4]
__iar_systems$$module {Abs}
                        0x00000001         Data  Gb  command line/config [2]
__iar_vfp___iar_sqrt64  0x08005d95         Code  Gb  sqrt.o [4]
__iar_vfp_atan2         0x08005d5b   0x10  Code  Gb  math_wrappers64.o [4]
__iar_vfp_atof          0x08005d53    0x8  Code  Gb  math_wrappers64.o [4]
__iar_vfp_cos           0x08005d87    0xc  Code  Gb  math_wrappers64.o [4]
__iar_vfp_log           0x08005d6b    0xc  Code  Gb  math_wrappers64.o [4]
__iar_vfp_pow           0x08005d77   0x10  Code  Gb  math_wrappers64.o [4]
__iar_vfp_sqrt          0x08005d95         Code  Gb  sqrt.o [4]
__iar_vfp_sqrtl         0x08005d95         Code  Gb  sqrt.o [4]
__iar_zero_init3        0x08007869   0x40  Code  Gb  zero_init3.o [5]
__low_level_init        0x08007977    0x4  Code  Gb  low_level_init.o [3]
__no_free_malloc        0x08005a7d   0x40  Code  Gb  no_free_heap0.o [3]
__vector_table          0x08000000         Data  Gb  startup_stm32f407xx.o [1]
_call_main              0x08007965         Code  Gb  cmain.o [5]
_exit                   0x08007981         Code  Gb  cexit.o [5]
_gLocale_mblen          0x08001235    0x4  Code  Gb  xlocale_c.o [3]
_gLocale_mblenInt       0x080011fd   0x34  Code  Gb  xlocale_c.o [3]
_gLocale_wctomb         0x08001239    0x4  Code  Gb  xlocale_c.o [3]
_gLocale_wctombInt      0x08001231    0x4  Code  Gb  xlocale_c.o [3]
_main                   0x08007973         Code  Gb  cmain.o [5]
a                       0x08007468   0x40  Data  Lc  iar_Atan64.o [4]
aRxBuffer               0x200004a0    0x1  Data  Gb  usart.o [1]
abort                   0x08001dc7    0x6  Code  Gb  abort.o [3]
atan2                   0x080064f1  0x13c  Code  Gb  atan2_64.o [4]
atan2l                  0x080064f1  0x13c  Code  Gb  atan2_64.o [4]
atof                    0x0800649d    0x8  Code  Gb  strto64.o [4]
atoi                    0x08007799    0x2  Code  Gb  iar_Stoulx.o [3]
canList                 0x200005cc  0x190  Data  Gb  can.o [1]
can_add_callback        0x080037ad   0x54  Code  Gb  can.o [1]
can_init                0x08003725   0x30  Code  Gb  can.o [1]
can_send_msg            0x0800377d   0x2e  Code  Gb  can.o [1]
canlistnum              0x20000a8c    0x4  Data  Lc  can.o [1]
chassis                 0x200000c0   0x4c  Data  Gb  chassis.o [1]
chassis_PID_Angle_Control
                        0x0800463d   0x30  Code  Gb  chassis.o [1]
chassis_PID_Angle_Control::angle_last_err
                        0x20000114    0x4  Data  Lc  chassis.o [1]
chassis_angle_subtract  0x080045f1   0x4c  Code  Gb  chassis.o [1]
chassis_calculate_dis_matrix
                        0x0800479d  0x10e  Code  Gb  chassis.o [1]
chassis_calculate_speed
                        0x080048e1  0x1fc  Code  Gb  chassis.o [1]
chassis_dis_to_bgn      0x20000058    0x4  Data  Gb  chassis.o [1]
chassis_dis_to_end      0x2000005c    0x4  Data  Gb  chassis.o [1]
chassis_go_route        0x08004783   0x10  Code  Gb  chassis.o [1]
chassis_gostraight      0x0800466d   0xea  Code  Gb  chassis.o [1]
chassis_init            0x08004529   0x46  Code  Gb  chassis.o [1]
chassis_poscnt          0x20000050    0x4  Data  Lc  chassis.o [1]
chassis_speed           0x20000070   0x28  Data  Gb  chassis.o [1]
chassis_stop            0x08004b49   0x1c  Code  Gb  chassis.o [1]
chassis_turn            0x20000098   0x28  Data  Gb  chassis.o [1]
chassis_update          0x08004579   0x78  Code  Gb  chassis.o [1]
chassis_xpos            0x20000000   0x28  Data  Gb  chassis.o [1]
chassis_ypos            0x20000028   0x28  Data  Gb  chassis.o [1]
cmd_angle_pid           0x080075c7   0x1e  Code  Gb  cmd_func.o [1]
cmd_argv                0x20000a48   0x30  Data  Gb  cmd.o [1]
cmd_chassis_acc         0x080075ed    0xe  Code  Gb  cmd_func.o [1]
cmd_exec                0x08004473   0x3c  Code  Gb  cmd.o [1]
cmd_go_route_func       0x0800754f   0x10  Code  Gb  cmd_func.o [1]
cmd_go_straight_func    0x08007527   0x28  Code  Gb  cmd_func.o [1]
cmd_hello_func          0x080074d1    0x6  Code  Gb  cmd_func.o [1]
cmd_help_func           0x080044bd   0x30  Code  Gb  cmd.o [1]
cmd_init                0x080043f9   0x18  Code  Gb  cmd.o [1]
cmd_modify_angle        0x08007565   0x5a  Code  Gb  cmd_func.o [1]
cmd_parse               0x08004411   0x62  Code  Gb  cmd.o [1]
cmd_reset_vega          0x0800755f    0x4  Code  Gb  cmd_func.o [1]
cmd_set_speed_func      0x080074d7   0x32  Code  Gb  cmd_func.o [1]
cmd_stop_func           0x08007509   0x1e  Code  Gb  cmd_func.o [1]
cmd_tbl                 0x20000130  0x348  Data  Lc  cmd.o [1]
cos                     0x08006d91    0x4  Code  Gb  cos_sin64.o [4]
cosl                    0x08006d91    0x4  Code  Gb  cos_sin64.o [4]
ddiv                    0x08006025   0xd0  Code  Lc  strto64.o [4]
digits                  0x080077a4   0x28  Data  Lc  iar_Stoulx.o [3]
dmul                    0x08005f51   0xd2  Code  Lc  strto64.o [4]
exit                    0x0800797b    0x4  Code  Gb  exit.o [3]
flag                    0x20000a94    0x4  Data  Gb  main.o [1]
g_fangle                0x20000064    0x4  Data  Gb  chassis.o [1]
g_fturn                 0x20000068    0x4  Data  Gb  chassis.o [1]
g_ispeed                0x20000060    0x4  Data  Gb  chassis.o [1]
g_vega_angle            0x20000a80    0x4  Data  Lc  vega.o [1]
g_vega_pos_x            0x20000a78    0x4  Data  Lc  vega.o [1]
g_vega_pos_y            0x20000a7c    0x4  Data  Lc  vega.o [1]
hcan1                   0x20000824   0x44  Data  Gb  can.o [1]
htim1                   0x200009d0   0x3c  Data  Gb  tim.o [1]
htim2                   0x20000a0c   0x3c  Data  Gb  tim.o [1]
huart1                  0x20000910   0x40  Data  Gb  usart.o [1]
huart2                  0x20000950   0x40  Data  Gb  usart.o [1]
huart3                  0x20000990   0x40  Data  Gb  usart.o [1]
huart4                  0x200008d0   0x40  Data  Gb  usart.o [1]
huart5                  0x200004a4   0x40  Data  Gb  usart.o [1]
isalpha                 0x080074bd   0x14  Code  Gb  isalpha.o [3]
isspace                 0x080074a9   0x14  Code  Gb  isspace.o [3]
ldexp                   0x080018bd         Code  Gb  ldexp.o [4]
ldexpl                  0x080018bd         Code  Gb  ldexp.o [4]
lnbias                  0x08002668  0x420  Data  Lc  pow64.o [4]
localeconv              0x0800123d    0x4  Code  Gb  xlocale_c.o [3]
log                     0x08006949    0x4  Code  Gb  logx64.o [4]
logl                    0x08006949    0x4  Code  Gb  logx64.o [4]
main                    0x080038f5   0x4c  Code  Gb  main.o [1]
maxon_setSpeed          0x08005c5d   0x2a  Code  Gb  maxon.o [1]
memchr                  0x0800130d         Code  Gb  memchr.o [5]
ndigs                   0x080077cc   0x28  Data  Lc  iar_Stoulx.o [3]
pow                     0x08002655   0x14  Code  Gb  pow64.o [4]
powl                    0x08002655   0x14  Code  Gb  pow64.o [4]
pows                    0x080064a8   0x48  Data  Lc  strto64.o [4]
qs                      0x20000aa0    0x4  Data  Lc  no_free_heap0.o [3]
routeflag               0x20000054    0x4  Data  Lc  chassis.o [1]
s                       0x20000488   0x18  Data  Gb  usart.o [1]
sFilterConfig           0x20000868   0x28  Data  Gb  can.o [1]
scalbln                 0x080018bd         Code  Gb  ldexp.o [4]
scalblnl                0x080018bd         Code  Gb  ldexp.o [4]
scalbn                  0x080018bd         Code  Gb  ldexp.o [4]
scalbnl                 0x080018bd         Code  Gb  ldexp.o [4]
scale                   0x08000987   0x46  Code  Lc  xprintffull.o [3]
sec_hand                0x20000a9c    0x4  Data  Lc  xfail_s.o [3]
sendToSetSpeed          0x20000478    0xc  Data  Gb  maxon.o [1]
sqrt                    0x08005da5         Code  Gb  sqrt.o [4]
sqrtl                   0x08005da5         Code  Gb  sqrt.o [4]
start_flag              0x20000a90    0x4  Data  Gb  chassis.o [1]
strchr                  0x08001249         Code  Gb  strchr.o [5]
strcmp                  0x08005ac9         Code  Gb  strcmp.o [5]
strlen                  0x080012bd         Code  Gb  strlen.o [5]
tolower                 0x080077f5   0x14  Code  Gb  tolower.o [3]
turn_output             0x2000012c    0x4  Data  Gb  chassis.o [1]
uart_buffer             0x200004e4   0x68  Data  Gb  usart.o [1]
uprintf                 0x08003f6b   0x2c  Code  Gb  usart.o [1]
usart_exc               0x08003ff1   0x70  Code  Gb  usart.o [1]
uwTick                  0x20000a98    0x4  Data  Gb  stm32f4xx_hal.o [1]
vega_init               0x08005b15   0x2e  Code  Gb  vega.o [1]
vega_msg_rcv_callback   0x08005b43   0x54  Code  Gb  vega.o [1]
vega_reset              0x08005be5   0x10  Code  Gb  vega.o [1]
vega_set_pos            0x08005bab   0x3a  Code  Gb  vega.o [1]
vsnprintf               0x080055ed   0x3c  Code  Gb  vsnprint.o [3]


[1] = C:\Users\–Ï√˙‘∂\Desktop\chassis\chassis1.0\chassis5.0\chassis\EWARM\chassis\Obj
[2] = command line
[3] = dl7M_tlf.a
[4] = m7M_tls.a
[5] = rt7M_tl.a
[6] = shb_l.a

  31 426 bytes of readonly  code memory
     466 bytes of readonly  data memory
   4 264 bytes of readwrite data memory

Errors: none
Warnings: none
