###############################################################################
#
# IAR ELF Linker V8.22.1.15669/W32 for ARM                13/Nov/2018  21:58:52
# Copyright 2007-2018 IAR Systems AB.
#
#    Output file  =  
#        C:\Users\–Ï√˙‘∂\Desktop\chassis\chassis1.0\chassis5.0\chassis\EWARM\chassis\Exe\chassis.out
#    Map file     =  
#        C:\Users\–Ï√˙‘∂\Desktop\chassis\chassis1.0\chassis5.0\chassis\EWARM\chassis\List\chassis.map
#    Command line =  
#        -f C:\user\default\AppData\Local\Temp\EW7190.tmp
#        (C:\Users\–Ï√˙‘∂\Desktop\chassis\chassis1.0\chassis5.0\chassis\EWARM\chassis\Obj\can.o
#        C:\Users\–Ï√˙‘∂\Desktop\chassis\chassis1.0\chassis5.0\chassis\EWARM\chassis\Obj\chassis.o
#        C:\Users\–Ï√˙‘∂\Desktop\chassis\chassis1.0\chassis5.0\chassis\EWARM\chassis\Obj\cmd.o
#        C:\Users\–Ï√˙‘∂\Desktop\chassis\chassis1.0\chassis5.0\chassis\EWARM\chassis\Obj\cmd_func.o
#        C:\Users\–Ï√˙‘∂\Desktop\chassis\chassis1.0\chassis5.0\chassis\EWARM\chassis\Obj\gpio.o
#        C:\Users\–Ï√˙‘∂\Desktop\chassis\chassis1.0\chassis5.0\chassis\EWARM\chassis\Obj\main.o
#        C:\Users\–Ï√˙‘∂\Desktop\chassis\chassis1.0\chassis5.0\chassis\EWARM\chassis\Obj\maxon.o
#        C:\Users\–Ï√˙‘∂\Desktop\chassis\chassis1.0\chassis5.0\chassis\EWARM\chassis\Obj\startup_stm32f407xx.o
#        C:\Users\–Ï√˙‘∂\Desktop\chassis\chassis1.0\chassis5.0\chassis\EWARM\chassis\Obj\stm32f4xx_hal.o
#        C:\Users\–Ï√˙‘∂\Desktop\chassis\chassis1.0\chassis5.0\chassis\EWARM\chassis\Obj\stm32f4xx_hal_can.o
#        C:\Users\–Ï√˙‘∂\Desktop\chassis\chassis1.0\chassis5.0\chassis\EWARM\chassis\Obj\stm32f4xx_hal_cortex.o
#        C:\Users\–Ï√˙‘∂\Desktop\chassis\chassis1.0\chassis5.0\chassis\EWARM\chassis\Obj\stm32f4xx_hal_dma.o
#        C:\Users\–Ï√˙‘∂\Desktop\chassis\chassis1.0\chassis5.0\chassis\EWARM\chassis\Obj\stm32f4xx_hal_dma_ex.o
#        C:\Users\–Ï√˙‘∂\Desktop\chassis\chassis1.0\chassis5.0\chassis\EWARM\chassis\Obj\stm32f4xx_hal_flash.o
#        C:\Users\–Ï√˙‘∂\Desktop\chassis\chassis1.0\chassis5.0\chassis\EWARM\chassis\Obj\stm32f4xx_hal_flash_ex.o
#        C:\Users\–Ï√˙‘∂\Desktop\chassis\chassis1.0\chassis5.0\chassis\EWARM\chassis\Obj\stm32f4xx_hal_flash_ramfunc.o
#        C:\Users\–Ï√˙‘∂\Desktop\chassis\chassis1.0\chassis5.0\chassis\EWARM\chassis\Obj\stm32f4xx_hal_gpio.o
#        C:\Users\–Ï√˙‘∂\Desktop\chassis\chassis1.0\chassis5.0\chassis\EWARM\chassis\Obj\stm32f4xx_hal_msp.o
#        C:\Users\–Ï√˙‘∂\Desktop\chassis\chassis1.0\chassis5.0\chassis\EWARM\chassis\Obj\stm32f4xx_hal_pwr.o
#        C:\Users\–Ï√˙‘∂\Desktop\chassis\chassis1.0\chassis5.0\chassis\EWARM\chassis\Obj\stm32f4xx_hal_pwr_ex.o
#        C:\Users\–Ï√˙‘∂\Desktop\chassis\chassis1.0\chassis5.0\chassis\EWARM\chassis\Obj\stm32f4xx_hal_rcc.o
#        C:\Users\–Ï√˙‘∂\Desktop\chassis\chassis1.0\chassis5.0\chassis\EWARM\chassis\Obj\stm32f4xx_hal_rcc_ex.o
#        C:\Users\–Ï√˙‘∂\Desktop\chassis\chassis1.0\chassis5.0\chassis\EWARM\chassis\Obj\stm32f4xx_hal_tim.o
#        C:\Users\–Ï√˙‘∂\Desktop\chassis\chassis1.0\chassis5.0\chassis\EWARM\chassis\Obj\stm32f4xx_hal_tim_ex.o
#        C:\Users\–Ï√˙‘∂\Desktop\chassis\chassis1.0\chassis5.0\chassis\EWARM\chassis\Obj\stm32f4xx_hal_uart.o
#        C:\Users\–Ï√˙‘∂\Desktop\chassis\chassis1.0\chassis5.0\chassis\EWARM\chassis\Obj\stm32f4xx_it.o
#        C:\Users\–Ï√˙‘∂\Desktop\chassis\chassis1.0\chassis5.0\chassis\EWARM\chassis\Obj\system_stm32f4xx.o
#        C:\Users\–Ï√˙‘∂\Desktop\chassis\chassis1.0\chassis5.0\chassis\EWARM\chassis\Obj\tim.o
#        C:\Users\–Ï√˙‘∂\Desktop\chassis\chassis1.0\chassis5.0\chassis\EWARM\chassis\Obj\usart.o
#        C:\Users\–Ï√˙‘∂\Desktop\chassis\chassis1.0\chassis5.0\chassis\EWARM\chassis\Obj\vega.o
#        --redirect _Printf=_PrintfFull --redirect _Scanf=_ScanfFull -o
#        C:\Users\–Ï√˙‘∂\Desktop\chassis\chassis1.0\chassis5.0\chassis\EWARM\chassis\Exe\chassis.out
#        --map
#        C:\Users\–Ï√˙‘∂\Desktop\chassis\chassis1.0\chassis5.0\chassis\EWARM\chassis\List\chassis.map
#        --config
#        C:\Users\–Ï√˙‘∂\Desktop\chassis\chassis1.0\chassis5.0\chassis\EWARM/stm32f407xx_flash.icf
#        --semihosting --entry __iar_program_start --vfe --text_out locale)
#
###############################################################################

*******************************************************************************
*** RUNTIME MODEL ATTRIBUTES
***

CppFlavor       = *
__Heap_Handler  = NoFree
__SystemLibrary = DLib
__dlib_version  = 6


*******************************************************************************
*** HEAP SELECTION
***

The no free heap was selected because no calls to memory
deallocation functions were found in the application.


*******************************************************************************
*** PLACEMENT SUMMARY
***

"A0":  place at 0x08000000 { ro section .intvec };
"P1":  place in [from 0x08000000 to 0x080fffff] { ro };
define block CSTACK with size = 1K, alignment = 8 { };
define block HEAP with size = 512, alignment = 8 { };
"P2":  place in [from 0x20000000 to 0x2001ffff] {
          rw, block CSTACK, block HEAP };
initialize by copy { rw };

  Section            Kind        Address    Size  Object
  -------            ----        -------    ----  ------
"A0":                                      0x188
  .intvec            ro code  0x08000000   0x188  startup_stm32f407xx.o [1]
                            - 0x08000188   0x188

"P1":                                     0x7b99
  .text              ro code  0x08000188   0xf96  xprintffull.o [3]
  .text              ro code  0x0800111e    0x7a  lz77_init_single.o [5]
  .text              ro code  0x08001198    0xb0  xlocale_c.o [3]
  .text              ro code  0x08001248    0x16  strchr.o [5]
  .text              ro code  0x0800125e    0x1e  xencoding_8859_1.o [3]
  .text              ro code  0x0800127c    0x40  xfail_s.o [3]
  .text              ro code  0x080012bc    0x36  strlen.o [5]
  .text              ro code  0x080012f2    0x1a  xsnprout.o [3]
  .text              ro code  0x0800130c    0x58  memchr.o [5]
  .text              ro code  0x08001364     0xa  xmbcurmax.o [3]
  .text              ro code  0x08001370    0xa6  ABImemcpy.o [5]
  .text              ro code  0x08001418   0x22e  I64DivMod.o [5]
  .text              ro code  0x08001648   0x1a2  DblMul.o [4]
  .text              ro code  0x080017ec    0x70  frexp.o [4]
  .text              ro code  0x0800185c    0x2e  DblCmpLe.o [4]
  .text              ro code  0x0800188c    0x2e  DblCmpGe.o [4]
  .text              ro code  0x080018bc   0x13a  ldexp.o [4]
  .text              ro code  0x080019f8    0x3a  DblToS32.o [4]
  .text              ro code  0x08001a34    0x22  S32ToDbl.o [4]
  .text              ro code  0x08001a58    0xe2  DblSub.o [4]
  .text              ro code  0x08001b3c   0x246  DblDiv.o [4]
  .text              ro code  0x08001d84    0x28  DblToU32.o [4]
  .text              ro code  0x08001dac    0x1a  U32ToDbl.o [4]
  .text              ro code  0x08001dc6     0x6  abort.o [3]
  .text              ro code  0x08001dcc     0x2  I64DivZer.o [5]
  .text              ro code  0x08001dd0   0x178  DblAdd.o [4]
  .text              ro code  0x08001f48    0x14  exit.o [6]
  .text              ro code  0x08001f60   0xb28  pow64.o [4]
  .text              ro code  0x08002a88    0x20  DblCmpEq.o [4]
  .text              ro code  0x08002aa8   0x418  iar_Exp64.o [4]
  .text              ro code  0x08002ec0   0x7c8  stm32f4xx_hal_can.o [1]
  .text              ro code  0x08003688   0x25c  can.o [1]
  .text              ro code  0x080038e4     0xc  stm32f4xx_hal.o [1]
  .text              ro code  0x080038f0     0x2  stm32f4xx_hal_can.o [1]
  .text              ro code  0x080038f4   0x17c  main.o [1]
  .text              ro code  0x08003a70   0x1e0  stm32f4xx_hal_gpio.o [1]
  .text              ro code  0x08003c50    0xe4  stm32f4xx_hal_cortex.o [1]
  .text              ro code  0x08003d34   0x3fc  usart.o [1]
  .text              ro code  0x08004130    0x24  ABIassert.o [6]
  .text              ro code  0x08004154    0x34  stm32f4xx_hal.o [1]
  .text              ro code  0x08004188    0x88  gpio.o [1]
  .text              ro code  0x08004210   0x1e0  tim.o [1]
  .text              ro code  0x080043f0   0x130  cmd.o [1]
  .text              ro code  0x08004520   0x7a8  chassis.o [1]
  .text              ro code  0x08004cc8   0x2d0  stm32f4xx_hal_rcc.o [1]
  .text              ro code  0x08004f98   0x1a4  stm32f4xx_hal_rcc.o [1]
  .text              ro code  0x0800513c   0x572  stm32f4xx_hal_uart.o [1]
  .text              ro code  0x080056b0    0x3c  vsnprint.o [3]
  .text              ro code  0x080056ec    0x28  stm32f4xx_hal.o [1]
  .text              ro code  0x08005714    0x60  stm32f4xx_hal_msp.o [1]
  .text              ro code  0x08005774   0x328  stm32f4xx_hal_tim.o [1]
  .text              ro code  0x08005a9c    0xa4  stm32f4xx_hal_tim_ex.o [1]
  .text              ro code  0x08005b40    0x44  no_free_heap0.o [3]
  .text              ro code  0x08005b84     0x6  ABImemclr.o [5]
  .text              ro code  0x08005b8c    0x4a  strcmp.o [5]
  .text              ro code  0x08005bd8   0x128  vega.o [1]
  .text              ro code  0x08005d00    0x1e  stm32f4xx_hal.o [1]
  .text              ro code  0x08005d20    0x40  maxon.o [1]
  .text              ro code  0x08005d60    0x68  DblToFlt.o [4]
  .text              ro code  0x08005dc8    0x48  FltToDbl.o [4]
  .text              ro code  0x08005e10    0x46  math_wrappers64.o [4]
  .text              ro code  0x08005e58   0x102  sqrt.o [4]
  .text              ro code  0x08005f5c    0x24  stm32f4xx_hal_dma.o [1]
  .text              ro code  0x08005f80     0x2  stm32f4xx_hal_uart.o [1]
  .text              ro code  0x08005f84    0x2c  xgetmemchunk.o [3]
  .text              ro code  0x08005fb0    0x5e  ABImemset.o [5]
  .text              ro code  0x08006010   0x5a0  strto64.o [4]
  .text              ro code  0x080065b0   0x13c  atan2_64.o [4]
  .text              ro code  0x080066ec   0x320  logx64.o [4]
  .text              ro code  0x08006a0c   0x448  cos_sin64.o [4]
  .text              ro code  0x08006e54   0x122  iar_Stopfx.o [3]
  .text              ro code  0x08006f78   0x1c8  iar_Stoflt.o [3]
  .text              ro code  0x08007140   0x21c  iar_Stoxflt.o [3]
  .text              ro code  0x08007360   0x208  iar_Atan64.o [4]
  .text              ro code  0x08007568    0x14  isspace.o [3]
  .text              ro code  0x0800757c    0x14  isalpha.o [3]
  .text              ro code  0x08007590   0x19c  cmd_func.o [1]
  .text              ro code  0x0800772c   0x174  iar_Stoulx.o [3]
  .text              ro code  0x080078a0    0x14  tolower.o [3]
  .text              ro code  0x080078b4    0x60  system_stm32f4xx.o [1]
  .text              ro code  0x08007914    0x40  zero_init3.o [5]
  .text              ro code  0x08007954    0x34  stm32f4xx_it.o [1]
  .text              ro code  0x08007988    0x10  stm32f4xx_hal.o [1]
  .text              ro code  0x08007998    0x28  data_init.o [5]
  .text              ro code  0x080079c0    0x22  fpinit_M.o [4]
  .iar.init_table    const    0x080079e4    0x20  - Linker created -
  .text              ro code  0x08007a04    0x1e  cmain.o [5]
  .text              ro code  0x08007a22     0x4  low_level_init.o [3]
  .text              ro code  0x08007a26     0x4  exit.o [3]
  .text              ro code  0x08007a2c     0xa  cexit.o [5]
  .text              ro code  0x08007a38    0x10  startup_stm32f407xx.o [1]
  .text              ro code  0x08007a48     0xc  cstartup_M.o [5]
  .rodata            const    0x08007a54     0x8  system_stm32f4xx.o [1]
  .rodata            const    0x08007a5c     0x6  xlocale_c.o [3]
  .text              ro code  0x08007a62     0x4  startup_stm32f407xx.o [1]
  .text              ro code  0x08007a66     0x4  startup_stm32f407xx.o [1]
  .text              ro code  0x08007a6a     0x4  startup_stm32f407xx.o [1]
  .text              ro code  0x08007a6e     0x4  startup_stm32f407xx.o [1]
  .text              ro code  0x08007a72     0x4  startup_stm32f407xx.o [1]
  .text              ro code  0x08007a76     0x4  startup_stm32f407xx.o [1]
  .text              ro code  0x08007a7a     0x4  startup_stm32f407xx.o [1]
  .text              ro code  0x08007a7e     0x4  startup_stm32f407xx.o [1]
  .text              ro code  0x08007a82     0x4  startup_stm32f407xx.o [1]
  .text              ro code  0x08007a86     0x4  startup_stm32f407xx.o [1]
  .text              ro code  0x08007a8a     0x4  startup_stm32f407xx.o [1]
  .text              ro code  0x08007a8e     0x4  startup_stm32f407xx.o [1]
  .text              ro code  0x08007a92     0x4  startup_stm32f407xx.o [1]
  .text              ro code  0x08007a96     0x4  startup_stm32f407xx.o [1]
  .text              ro code  0x08007a9a     0x4  startup_stm32f407xx.o [1]
  .text              ro code  0x08007a9e     0x4  startup_stm32f407xx.o [1]
  .text              ro code  0x08007aa2     0x4  startup_stm32f407xx.o [1]
  .text              ro code  0x08007aa6     0x4  startup_stm32f407xx.o [1]
  .text              ro code  0x08007aaa     0x4  startup_stm32f407xx.o [1]
  .text              ro code  0x08007aae     0x4  startup_stm32f407xx.o [1]
  .text              ro code  0x08007ab2     0x4  startup_stm32f407xx.o [1]
  .text              ro code  0x08007ab6     0x4  startup_stm32f407xx.o [1]
  .text              ro code  0x08007aba     0x4  startup_stm32f407xx.o [1]
  .text              ro code  0x08007abe     0x4  startup_stm32f407xx.o [1]
  .text              ro code  0x08007ac2     0x4  startup_stm32f407xx.o [1]
  .text              ro code  0x08007ac6     0x4  startup_stm32f407xx.o [1]
  .text              ro code  0x08007aca     0x4  startup_stm32f407xx.o [1]
  .text              ro code  0x08007ace     0x4  startup_stm32f407xx.o [1]
  .text              ro code  0x08007ad2     0x4  startup_stm32f407xx.o [1]
  .text              ro code  0x08007ad6     0x4  startup_stm32f407xx.o [1]
  .text              ro code  0x08007ada     0x4  startup_stm32f407xx.o [1]
  .text              ro code  0x08007ade     0x4  startup_stm32f407xx.o [1]
  .text              ro code  0x08007ae2     0x4  startup_stm32f407xx.o [1]
  .text              ro code  0x08007ae6     0x4  startup_stm32f407xx.o [1]
  .text              ro code  0x08007aea     0x4  startup_stm32f407xx.o [1]
  .text              ro code  0x08007aee     0x4  startup_stm32f407xx.o [1]
  .text              ro code  0x08007af2     0x4  startup_stm32f407xx.o [1]
  .text              ro code  0x08007af6     0x4  startup_stm32f407xx.o [1]
  .text              ro code  0x08007afa     0x4  startup_stm32f407xx.o [1]
  .text              ro code  0x08007afe     0x4  startup_stm32f407xx.o [1]
  .text              ro code  0x08007b02     0x4  startup_stm32f407xx.o [1]
  .text              ro code  0x08007b06     0x4  startup_stm32f407xx.o [1]
  .text              ro code  0x08007b0a     0x4  startup_stm32f407xx.o [1]
  .text              ro code  0x08007b0e     0x4  startup_stm32f407xx.o [1]
  .text              ro code  0x08007b12     0x4  startup_stm32f407xx.o [1]
  .text              ro code  0x08007b16     0x4  startup_stm32f407xx.o [1]
  .text              ro code  0x08007b1a     0x4  startup_stm32f407xx.o [1]
  .text              ro code  0x08007b1e     0x4  startup_stm32f407xx.o [1]
  .text              ro code  0x08007b22     0x4  startup_stm32f407xx.o [1]
  .text              ro code  0x08007b26     0x4  startup_stm32f407xx.o [1]
  .text              ro code  0x08007b2a     0x4  startup_stm32f407xx.o [1]
  .text              ro code  0x08007b2e     0x4  startup_stm32f407xx.o [1]
  .text              ro code  0x08007b32     0x4  startup_stm32f407xx.o [1]
  .text              ro code  0x08007b36     0x4  startup_stm32f407xx.o [1]
  .text              ro code  0x08007b3a     0x4  startup_stm32f407xx.o [1]
  .text              ro code  0x08007b3e     0x4  startup_stm32f407xx.o [1]
  .text              ro code  0x08007b42     0x4  startup_stm32f407xx.o [1]
  .text              ro code  0x08007b46     0x4  startup_stm32f407xx.o [1]
  .text              ro code  0x08007b4a     0x4  startup_stm32f407xx.o [1]
  .text              ro code  0x08007b4e     0x4  startup_stm32f407xx.o [1]
  .text              ro code  0x08007b52     0x4  startup_stm32f407xx.o [1]
  .text              ro code  0x08007b56     0x4  startup_stm32f407xx.o [1]
  .text              ro code  0x08007b5a     0x4  startup_stm32f407xx.o [1]
  .text              ro code  0x08007b5e     0x4  startup_stm32f407xx.o [1]
  .text              ro code  0x08007b62     0x4  startup_stm32f407xx.o [1]
  .text              ro code  0x08007b66     0x4  startup_stm32f407xx.o [1]
  .text              ro code  0x08007b6a     0x4  startup_stm32f407xx.o [1]
  .text              ro code  0x08007b6e     0x4  startup_stm32f407xx.o [1]
  .text              ro code  0x08007b72     0x4  startup_stm32f407xx.o [1]
  .text              ro code  0x08007b76     0x4  startup_stm32f407xx.o [1]
  .text              ro code  0x08007b7a     0x4  startup_stm32f407xx.o [1]
  .text              ro code  0x08007b7e     0x4  startup_stm32f407xx.o [1]
  .text              ro code  0x08007b82     0x4  startup_stm32f407xx.o [1]
  .text              ro code  0x08007b86     0x4  startup_stm32f407xx.o [1]
  .text              ro code  0x08007b8a     0x4  startup_stm32f407xx.o [1]
  .text              ro code  0x08007b8e     0x4  startup_stm32f407xx.o [1]
  .text              ro code  0x08007b92     0x4  startup_stm32f407xx.o [1]
  .text              ro code  0x08007b96     0x4  startup_stm32f407xx.o [1]
  .text              ro code  0x08007b9a     0x4  startup_stm32f407xx.o [1]
  .rodata            const    0x08007b9e     0x0  zero_init3.o [5]
  .rodata            const    0x08007b9e     0x0  lz77_init_single.o [5]
  Initializer bytes  const    0x08007b9e   0x183  <for P2-1>
                            - 0x08007d21  0x7b99

"P2", part 1 of 3:                         0x554
  P2-1                        0x20000000   0x554  <Init block>
    .data            inited   0x20000000    0x84  chassis.o [1]
    .data            inited   0x20000088    0x6c  chassis.o [1]
    .data            inited   0x200000f4    0x18  chassis.o [1]
    .data            inited   0x2000010c   0x2f4  cmd.o [1]
    .data            inited   0x20000400     0xc  maxon.o [1]
    .data            inited   0x2000040c     0x4  system_stm32f4xx.o [1]
    .data            inited   0x20000410    0xc4  usart.o [1]
    .data            inited   0x200004d4    0x38  xlocale_c.o [3]
    .data            inited   0x2000050c    0x48  xlocale_c.o [3]
                            - 0x20000554   0x554

"P2", part 2 of 3:                         0x4d8
  .bss               zero     0x20000554   0x190  can.o [1]
  .bss               zero     0x200006e4    0xc8  usart.o [1]
  .bss               zero     0x200007ac    0xac  can.o [1]
  .bss               zero     0x20000858    0x40  usart.o [1]
  .bss               zero     0x20000898    0x40  usart.o [1]
  .bss               zero     0x200008d8    0x40  usart.o [1]
  .bss               zero     0x20000918    0x40  usart.o [1]
  .bss               zero     0x20000958    0x3c  tim.o [1]
  .bss               zero     0x20000994    0x3c  tim.o [1]
  .bss               zero     0x200009d0    0x30  cmd.o [1]
  .bss               zero     0x20000a00     0xc  vega.o [1]
  .bss               zero     0x20000a0c     0x8  main.o [1]
  .bss               zero     0x20000a14     0x4  can.o [1]
  .bss               zero     0x20000a18     0x4  main.o [1]
  .bss               zero     0x20000a1c     0x4  stm32f4xx_hal.o [1]
  .bss               zero     0x20000a20     0x4  xfail_s.o [3]
  .bss               zero     0x20000a24     0x4  no_free_heap0.o [3]
  .bss               zero     0x20000a28     0x4  xgetmemchunk.o [3]
                            - 0x20000a2c   0x4d8

"P2", part 3 of 3:                         0x600
  CSTACK                      0x20000a30   0x400  <Block>
    CSTACK           uninit   0x20000a30   0x400  <Block tail>
  HEAP                        0x20000e30   0x200  <Block>
    HEAP             uninit   0x20000e30   0x200  <Block tail>
                            - 0x20001030   0x600


*******************************************************************************
*** INIT TABLE
***

          Address     Size
          -------     ----
Zero (__iar_zero_init3)
    1 destination range, total size 0x4d8:
          0x20000554  0x4d8

Copy/lz77 (__iar_lz77_init_single3)
    1 source range, total size 0x183 (28% of destination):
          0x08007b9e  0x183
    1 destination range, total size 0x554:
          0x20000000  0x554



*******************************************************************************
*** MODULE SUMMARY
***

    Module                  ro code  ro data  rw data
    ------                  -------  -------  -------
C:\Users\–Ï√˙‘∂\Desktop\chassis\chassis1.0\chassis5.0\chassis\EWARM\chassis\Obj: [1]
    can.o                       604               576
    chassis.o                 1 960       76      264
    cmd.o                       304      214      804
    cmd_func.o                  412
    gpio.o                      136
    main.o                      380                12
    maxon.o                      64        3       12
    startup_stm32f407xx.o       724
    stm32f4xx_hal.o             150                 4
    stm32f4xx_hal_can.o       1 994
    stm32f4xx_hal_cortex.o      228
    stm32f4xx_hal_dma.o          36
    stm32f4xx_hal_gpio.o        480
    stm32f4xx_hal_msp.o          96
    stm32f4xx_hal_rcc.o       1 140
    stm32f4xx_hal_tim.o         808
    stm32f4xx_hal_tim_ex.o      164
    stm32f4xx_hal_uart.o      1 396
    stm32f4xx_it.o               52
    system_stm32f4xx.o           96       10        4
    tim.o                       480               120
    usart.o                   1 020       55      652
    vega.o                      296                12
    -------------------------------------------------
    Total:                   13 020      358    2 460

command line: [2]
    -------------------------------------------------
    Total:

dl7M_tlf.a: [3]
    abort.o                       6
    exit.o                        4
    iar_Stoflt.o                456
    iar_Stopfx.o                290
    iar_Stoulx.o                372
    iar_Stoxflt.o               540
    isalpha.o                    20
    isspace.o                    20
    low_level_init.o              4
    no_free_heap0.o              68                 4
    tolower.o                    20
    vsnprint.o                   60
    xencoding_8859_1.o           30
    xfail_s.o                    64                 4
    xgetmemchunk.o               44                 4
    xlocale_c.o                 176       43      128
    xmbcurmax.o                  10
    xprintffull.o             3 990
    xsnprout.o                   26
    -------------------------------------------------
    Total:                    6 200       43      140

m7M_tls.a: [4]
    DblAdd.o                    376
    DblCmpEq.o                   32
    DblCmpGe.o                   46
    DblCmpLe.o                   46
    DblDiv.o                    582
    DblMul.o                    418
    DblSub.o                    226
    DblToFlt.o                  104
    DblToS32.o                   58
    DblToU32.o                   40
    FltToDbl.o                   72
    S32ToDbl.o                   34
    U32ToDbl.o                   26
    atan2_64.o                  316
    cos_sin64.o               1 096
    fpinit_M.o                   34
    frexp.o                     112
    iar_Atan64.o                520
    iar_Exp64.o               1 048
    ldexp.o                     314
    logx64.o                    800
    math_wrappers64.o            70
    pow64.o                   2 856
    sqrt.o                      258
    strto64.o                 1 440
    -------------------------------------------------
    Total:                   10 924

rt7M_tl.a: [5]
    ABImemclr.o                   6
    ABImemcpy.o                 166
    ABImemset.o                  94
    I64DivMod.o                 558
    I64DivZer.o                   2
    cexit.o                      10
    cmain.o                      30
    cstartup_M.o                 12
    data_init.o                  40
    lz77_init_single.o          122
    memchr.o                     88
    strchr.o                     22
    strcmp.o                     74
    strlen.o                     54
    zero_init3.o                 64
    -------------------------------------------------
    Total:                    1 342

shb_l.a: [6]
    ABIassert.o                  36
    exit.o                       20
    -------------------------------------------------
    Total:                       56

    Gaps                         56        2        4
    Linker created                        32    1 536
-----------------------------------------------------
    Grand Total:             31 598      435    4 140


*******************************************************************************
*** ENTRY LIST
***

Entry                      Address   Size  Type      Object
-----                      -------   ----  ----      ------
.iar.init_table$$Base   0x080079e4          --   Gb  - Linker created -
.iar.init_table$$Limit  0x08007a04          --   Gb  - Linker created -
?main                   0x08007a05         Code  Gb  cmain.o [5]
AHBPrescTable           0x08007904   0x10  Data  Gb  system_stm32f4xx.o [1]
APBPrescTable           0x08007a54    0x8  Data  Gb  system_stm32f4xx.o [1]
Angle_KD                0x2000007c    0x4  Data  Gb  chassis.o [1]
Angle_KP                0x20000078    0x4  Data  Gb  chassis.o [1]
BusFault_Handler        0x0800795b    0x2  Code  Gb  stm32f4xx_it.o [1]
CAN1_RX0_IRQHandler     0x08007973    0x6  Code  Gb  stm32f4xx_it.o [1]
CAN_LIST_MATCH          0x08003801   0x2c  Code  Gb  can.o [1]
CAN_Receive_IT          0x08003555  0x12a  Code  Lc  stm32f4xx_hal_can.o [1]
CSTACK$$Base            0x20000a30          --   Gb  - Linker created -
CSTACK$$Limit           0x20000e30          --   Gb  - Linker created -
CacheMore               0x080011d9   0x24  Code  Lc  xlocale_c.o [3]
Chassis_motor1          0x20000100    0x4  Data  Lc  chassis.o [1]
Chassis_motor3          0x20000104    0x4  Data  Lc  chassis.o [1]
Configure_Filter        0x08003755   0x28  Code  Gb  can.o [1]
DebugMon_Handler        0x08007961    0x2  Code  Gb  stm32f4xx_it.o [1]
Dtentox                 0x080061c5  0x19a  Code  Lc  strto64.o [4]
ERR_angle_m0            0x200000fc    0x4  Data  Gb  chassis.o [1]
ERR_angle_m1            0x200000f8    0x4  Data  Gb  chassis.o [1]
ERR_angle_m3            0x200000f4    0x4  Data  Gb  chassis.o [1]
HAL_CAN_ConfigFilter    0x08002ff9   0xbe  Code  Gb  stm32f4xx_hal_can.o [1]
HAL_CAN_ErrorCallback   0x0800383b    0xc  Code  Gb  can.o [1]
HAL_CAN_IRQHandler      0x08003345  0x1f2  Code  Gb  stm32f4xx_hal_can.o [1]
HAL_CAN_Init            0x08002ec1  0x138  Code  Gb  stm32f4xx_hal_can.o [1]
HAL_CAN_MspInit         0x080036cd   0x58  Code  Gb  can.o [1]
HAL_CAN_Receive_IT      0x08003277   0xb2  Code  Gb  stm32f4xx_hal_can.o [1]
HAL_CAN_RxCpltCallback  0x0800382d    0xe  Code  Gb  can.o [1]
HAL_CAN_Transmit        0x080030c5  0x1a6  Code  Gb  stm32f4xx_hal_can.o [1]
HAL_DMA_Abort_IT        0x08005f5d   0x24  Code  Gb  stm32f4xx_hal_dma.o [1]
HAL_Delay               0x08005d01   0x1e  Code  Wk  stm32f4xx_hal.o [1]
HAL_GPIO_Init           0x08003a71  0x1b2  Code  Gb  stm32f4xx_hal_gpio.o [1]
HAL_GetTick             0x080038e5    0xc  Code  Wk  stm32f4xx_hal.o [1]
HAL_IncTick             0x08007989   0x10  Code  Wk  stm32f4xx_hal.o [1]
HAL_Init                0x08004155   0x30  Code  Gb  stm32f4xx_hal.o [1]
HAL_InitTick            0x080056ed   0x28  Code  Wk  stm32f4xx_hal.o [1]
HAL_MspInit             0x08005715   0x60  Code  Gb  stm32f4xx_hal_msp.o [1]
HAL_NVIC_EnableIRQ      0x08003cc3    0xa  Code  Gb  stm32f4xx_hal_cortex.o [1]
HAL_NVIC_SetPriority    0x08003c89   0x3a  Code  Gb  stm32f4xx_hal_cortex.o [1]
HAL_NVIC_SetPriorityGrouping
                        0x08003c6f   0x1a  Code  Gb  stm32f4xx_hal_cortex.o [1]
HAL_RCC_ClockConfig     0x08004f99   0xfe  Code  Gb  stm32f4xx_hal_rcc.o [1]
HAL_RCC_GetHCLKFreq     0x080050a3    0x6  Code  Gb  stm32f4xx_hal_rcc.o [1]
HAL_RCC_GetPCLK1Freq    0x080050a9   0x10  Code  Gb  stm32f4xx_hal_rcc.o [1]
HAL_RCC_GetPCLK2Freq    0x080050b9    0xe  Code  Gb  stm32f4xx_hal_rcc.o [1]
HAL_RCC_OscConfig       0x08004cc9  0x2d0  Code  Wk  stm32f4xx_hal_rcc.o [1]
HAL_SYSTICK_CLKSourceConfig
                        0x08003cff   0x1a  Code  Gb  stm32f4xx_hal_cortex.o [1]
HAL_SYSTICK_Callback    0x080039ed   0x56  Code  Gb  main.o [1]
HAL_SYSTICK_Callback::num_points
                        0x20000a10    0x4  Data  Lc  main.o [1]
HAL_SYSTICK_Callback::time_1ms_cnt
                        0x20000a0c    0x4  Data  Lc  main.o [1]
HAL_SYSTICK_Config      0x08003cd7   0x28  Code  Gb  stm32f4xx_hal_cortex.o [1]
HAL_SYSTICK_IRQHandler  0x08003d31    0x4  Code  Gb  stm32f4xx_hal_cortex.o [1]
HAL_TIMEx_ConfigBreakDeadTime
                        0x08005ae7   0x5a  Code  Gb  stm32f4xx_hal_tim_ex.o [1]
HAL_TIMEx_MasterConfigSynchronization
                        0x08005a9d   0x4a  Code  Gb  stm32f4xx_hal_tim_ex.o [1]
HAL_TIM_MspPostInit     0x08004341   0x4a  Code  Gb  tim.o [1]
HAL_TIM_PWM_ConfigChannel
                        0x080057b3   0xc0  Code  Gb  stm32f4xx_hal_tim.o [1]
HAL_TIM_PWM_Init        0x08005789   0x1a  Code  Gb  stm32f4xx_hal_tim.o [1]
HAL_TIM_PWM_MspInit     0x08004305   0x3c  Code  Gb  tim.o [1]
HAL_UART_ErrorCallback  0x08003fe7    0x2  Code  Gb  usart.o [1]
HAL_UART_IRQHandler     0x080052c3  0x152  Code  Gb  stm32f4xx_hal_uart.o [1]
HAL_UART_Init           0x0800513d   0x1e  Code  Gb  stm32f4xx_hal_uart.o [1]
HAL_UART_MspInit        0x08003e1d  0x12c  Code  Gb  usart.o [1]
HAL_UART_Receive_IT     0x08005267   0x4a  Code  Gb  stm32f4xx_hal_uart.o [1]
HAL_UART_RxCpltCallback
                        0x08003f8f   0x58  Code  Gb  usart.o [1]
HAL_UART_Transmit       0x080051b5   0xaa  Code  Gb  stm32f4xx_hal_uart.o [1]
HEAP$$Base              0x20000e30          --   Gb  - Linker created -
HEAP$$Limit             0x20001030          --   Gb  - Linker created -
HardFault_Handler       0x08007957    0x2  Code  Gb  stm32f4xx_it.o [1]
LoadInt                 0x08000377   0x7a  Code  Lc  xprintffull.o [3]
MX_CAN1_Init            0x08003689   0x44  Code  Gb  can.o [1]
MX_GPIO_Init            0x08004189   0x88  Code  Gb  gpio.o [1]
MX_TIM1_Init            0x08004211   0x80  Code  Gb  tim.o [1]
MX_TIM2_Init            0x08004291   0x54  Code  Gb  tim.o [1]
MX_UART4_Init           0x08003d35   0x1a  Code  Gb  usart.o [1]
MX_UART5_Init           0x08003d4f   0x5a  Code  Gb  usart.o [1]
MX_USART1_UART_Init     0x08003da9   0x1a  Code  Gb  usart.o [1]
MX_USART2_UART_Init     0x08003dcb   0x1a  Code  Gb  usart.o [1]
MX_USART3_UART_Init     0x08003e03   0x1a  Code  Gb  usart.o [1]
MemManage_Handler       0x08007959    0x2  Code  Gb  stm32f4xx_it.o [1]
NMI_Handler             0x08007955    0x2  Code  Gb  stm32f4xx_it.o [1]
NVIC_SetPriority        0x08003c51   0x1e  Code  Lc  stm32f4xx_hal_cortex.o [1]
PendSV_Handler          0x08007963    0x2  Code  Gb  stm32f4xx_it.o [1]
Region$$Table$$Base     0x080079e4          --   Gb  - Linker created -
Region$$Table$$Limit    0x08007a04          --   Gb  - Linker created -
RxMessage               0x20000834   0x24  Data  Lc  can.o [1]
SVC_Handler             0x0800795f    0x2  Code  Gb  stm32f4xx_it.o [1]
SysTick_Handler         0x08007965    0xe  Code  Gb  stm32f4xx_it.o [1]
SystemClock_Config      0x08003941   0xac  Code  Gb  main.o [1]
SystemCoreClock         0x2000040c    0x4  Data  Gb  system_stm32f4xx.o [1]
SystemInit              0x080078b5   0x3a  Code  Gb  system_stm32f4xx.o [1]
TIM_Base_SetConfig      0x0800589b   0x8e  Code  Gb  stm32f4xx_hal_tim.o [1]
TIM_OC1_SetConfig       0x08005985   0x4a  Code  Lc  stm32f4xx_hal_tim.o [1]
TIM_OC2_SetConfig       0x0800592b   0x58  Code  Gb  stm32f4xx_hal_tim.o [1]
TIM_OC3_SetConfig       0x080059cf   0x50  Code  Lc  stm32f4xx_hal_tim.o [1]
TIM_OC4_SetConfig       0x08005a2b   0x46  Code  Lc  stm32f4xx_hal_tim.o [1]
TxMessage               0x20000818   0x1c  Data  Lc  can.o [1]
UART5_IRQHandler        0x08007979    0x6  Code  Gb  stm32f4xx_it.o [1]
UART_DMAAbortOnError    0x08005495    0xc  Code  Lc  stm32f4xx_hal_uart.o [1]
UART_EndRxTransfer      0x08005479   0x1c  Code  Lc  stm32f4xx_hal_uart.o [1]
UART_Receive_IT         0x080054a1   0x8c  Code  Lc  stm32f4xx_hal_uart.o [1]
UART_SetConfig          0x0800552d  0x13a  Code  Lc  stm32f4xx_hal_uart.o [1]
UART_WaitOnFlagUntilTimeout
                        0x08005415   0x56  Code  Lc  stm32f4xx_hal_uart.o [1]
USART_RX_BUF            0x200006e4   0xc8  Data  Gb  usart.o [1]
USART_RX_STA            0x2000042a    0x2  Data  Gb  usart.o [1]
UsageFault_Handler      0x0800795d    0x2  Code  Gb  stm32f4xx_it.o [1]
_Encoding_8859_1_Mbrlen
                        0x08001271    0x2  Code  Gb  xencoding_8859_1.o [3]
_Encoding_8859_1_Wctomb
                        0x0800125f   0x12  Code  Gb  xencoding_8859_1.o [3]
_Error_Handler          0x08003a61    0x2  Code  Gb  main.o [1]
_GenldFull              0x08000df9  0x274  Code  Lc  xprintffull.o [3]
_LdtobFull              0x080009cd  0x3fe  Code  Lc  xprintffull.o [3]
_LitobFull              0x08000875  0x112  Code  Lc  xprintffull.o [3]
_LocaleC_isalpha        0x0800119f    0xc  Code  Gb  xlocale_c.o [3]
_LocaleC_islower        0x08001199    0x4  Code  Gb  xlocale_c.o [3]
_LocaleC_isspace        0x080011b5   0x14  Code  Gb  xlocale_c.o [3]
_LocaleC_isupper        0x0800119d    0x2  Code  Gb  xlocale_c.o [3]
_LocaleC_tolower        0x080011c9    0xc  Code  Gb  xlocale_c.o [3]
_Locale_lconv           0x200004d4   0x38  Data  Lc  xlocale_c.o [3]
_PrintfFull             0x08000189  0x1d6  Code  Gb  xprintffull.o [3]
_PutcharsFull           0x0800106d   0x2e  Code  Lc  xprintffull.o [3]
_PutfldFull             0x080003f1  0x2d0  Code  Lc  xprintffull.o [3]
_PutstrFull             0x080007b7   0xbe  Code  Lc  xprintffull.o [3]
_PuttxtFull             0x080006c1   0xf6  Code  Lc  xprintffull.o [3]
_SNProut                0x080012f3   0x1a  Code  Gb  xsnprout.o [3]
__aeabi_assert          0x08004131   0x24  Code  Gb  ABIassert.o [6]
__aeabi_cdcmpeq         0x08002a89         Code  Gb  DblCmpEq.o [4]
__aeabi_cdcmple         0x0800185d         Code  Gb  DblCmpLe.o [4]
__aeabi_cdrcmple        0x0800188d         Code  Gb  DblCmpGe.o [4]
__aeabi_d2f             0x08005d61         Code  Gb  DblToFlt.o [4]
__aeabi_d2iz            0x080019f9         Code  Gb  DblToS32.o [4]
__aeabi_d2uiz           0x08001d85         Code  Gb  DblToU32.o [4]
__aeabi_dadd            0x08001dd1         Code  Gb  DblAdd.o [4]
__aeabi_ddiv            0x08001b3d         Code  Gb  DblDiv.o [4]
__aeabi_dmul            0x08001649         Code  Gb  DblMul.o [4]
__aeabi_dsub            0x08001a59         Code  Gb  DblSub.o [4]
__aeabi_f2d             0x08005dc9         Code  Gb  FltToDbl.o [4]
__aeabi_i2d             0x08001a35         Code  Gb  S32ToDbl.o [4]
__aeabi_ldiv0           0x08001dcd         Code  Gb  I64DivZer.o [5]
__aeabi_memclr          0x08005b85         Code  Gb  ABImemclr.o [5]
__aeabi_memcpy          0x08001371         Code  Gb  ABImemcpy.o [5]
__aeabi_memcpy4         0x08001391         Code  Gb  ABImemcpy.o [5]
__aeabi_memcpy8         0x08001391         Code  Gb  ABImemcpy.o [5]
__aeabi_ui2d            0x08001dad         Code  Gb  U32ToDbl.o [4]
__aeabi_uldivmod        0x08001419         Code  Gb  I64DivMod.o [5]
__cmain                 0x08007a05         Code  Gb  cmain.o [5]
__data_GetMemChunk      0x08005f85   0x2c  Code  Gb  xgetmemchunk.o [3]
__data_GetMemChunk::start
                        0x20000a28    0x4  Data  Lc  xgetmemchunk.o [3]
__exit                  0x08001f49   0x14  Code  Gb  exit.o [6]
__iar_Atan64            0x08007361  0x170  Code  Gb  iar_Atan64.o [4]
__iar_Exp64             0x08002aa9  0x3b8  Code  Gb  iar_Exp64.o [4]
__iar_Fail_s            0x0800127d   0x1c  Code  Gb  xfail_s.o [3]
__iar_Log64             0x080066ed  0x284  Code  Lc  logx64.o [4]
__iar_Mbcurmax          0x08001365    0xa  Code  Gb  xmbcurmax.o [3]
__iar_Memchr            0x0800130d         Code  Gb  memchr.o [5]
__iar_Memset_word       0x08005fb1         Code  Gb  ABImemset.o [5]
__iar_Pow64             0x08001f61  0x654  Code  Lc  pow64.o [4]
__iar_Sin64             0x08006a0d  0x3b2  Code  Lc  cos_sin64.o [4]
__iar_Sto64             0x08006371  0x1a6  Code  Gb  strto64.o [4]
__iar_Stoflt            0x08006f79  0x1c8  Code  Gb  iar_Stoflt.o [3]
__iar_Stopfx            0x08006e55  0x122  Code  Gb  iar_Stopfx.o [3]
__iar_Stoulx            0x0800772d  0x112  Code  Gb  iar_Stoulx.o [3]
__iar_Stoxflt           0x08007141  0x1e6  Code  Gb  iar_Stoxflt.o [3]
__iar_Stoxflt::digits   0x0800732c   0x18  Data  Lc  iar_Stoxflt.o [3]
__iar_Stoxflt::vals     0x08007344   0x18  Data  Lc  iar_Stoxflt.o [3]
__iar_Strchr            0x08001249         Code  Gb  strchr.o [5]
__iar_atan2_64          0x080065b1  0x13c  Code  Gb  atan2_64.o [4]
__iar_cos64             0x08006e51    0x4  Code  Gb  cos_sin64.o [4]
__iar_cos_medium        0x08006e51    0x4  Code  Gb  cos_sin64.o [4]
__iar_cos_medium64      0x08006e51    0x4  Code  Gb  cos_sin64.o [4]
__iar_cos_mediuml       0x08006e51    0x4  Code  Gb  cos_sin64.o [4]
__iar_dadd              0x08001a69         Code  Gb  DblSub.o [4]
__iar_data_init3        0x08007999   0x28  Code  Gb  data_init.o [5]
__iar_dsub              0x08001de1         Code  Gb  DblAdd.o [4]
__iar_dsubStart         0x08001df3         Code  Gb  DblAdd.o [4]
__iar_frexp             0x080017f9         Code  Gb  frexp.o [4]
__iar_frexpl            0x080017f9         Code  Gb  frexp.o [4]
__iar_globLocale        0x2000050c   0x48  Data  Lc  xlocale_c.o [3]
__iar_global_Locale     0x080011d5    0x4  Code  Gb  xlocale_c.o [3]
__iar_init_vfp          0x080079c1         Code  Gb  fpinit_M.o [4]
__iar_ldexp64           0x080018bd         Code  Gb  ldexp.o [4]
__iar_log64             0x08006a09    0x4  Code  Gb  logx64.o [4]
__iar_log_medium        0x08006a09    0x4  Code  Gb  logx64.o [4]
__iar_log_medium64      0x08006a09    0x4  Code  Gb  logx64.o [4]
__iar_log_mediuml       0x08006a09    0x4  Code  Gb  logx64.o [4]
__iar_lz77_init_single3
                        0x0800111f   0x7a  Code  Gb  lz77_init_single.o [5]
__iar_pow64             0x08002655   0x14  Code  Gb  pow64.o [4]
__iar_pow_medium        0x08002655   0x14  Code  Gb  pow64.o [4]
__iar_pow_medium64      0x08002655   0x14  Code  Gb  pow64.o [4]
__iar_pow_mediuml       0x08002655   0x14  Code  Gb  pow64.o [4]
__iar_program_start     0x08007a49         Code  Gb  cstartup_M.o [5]
__iar_scalbln64         0x080018bd         Code  Gb  ldexp.o [4]
__iar_scalbn64          0x080018bd         Code  Gb  ldexp.o [4]
__iar_softfp___iar_frexp64
                        0x080017ed         Code  Gb  frexp.o [4]
__iar_softfp_frexp      0x080017ed         Code  Gb  frexp.o [4]
__iar_softfp_frexpl     0x080017ed         Code  Gb  frexp.o [4]
__iar_sqrt64            0x08005e69         Code  Gb  sqrt.o [4]
__iar_systems$$module {Abs}
                        0x00000001         Data  Gb  command line/config [2]
__iar_vfp___iar_sqrt64  0x08005e59         Code  Gb  sqrt.o [4]
__iar_vfp_atan2         0x08005e1f   0x10  Code  Gb  math_wrappers64.o [4]
__iar_vfp_atof          0x08005e17    0x8  Code  Gb  math_wrappers64.o [4]
__iar_vfp_cos           0x08005e4b    0xc  Code  Gb  math_wrappers64.o [4]
__iar_vfp_log           0x08005e2f    0xc  Code  Gb  math_wrappers64.o [4]
__iar_vfp_pow           0x08005e3b   0x10  Code  Gb  math_wrappers64.o [4]
__iar_vfp_sqrt          0x08005e59         Code  Gb  sqrt.o [4]
__iar_vfp_sqrtl         0x08005e59         Code  Gb  sqrt.o [4]
__iar_zero_init3        0x08007915   0x40  Code  Gb  zero_init3.o [5]
__low_level_init        0x08007a23    0x4  Code  Gb  low_level_init.o [3]
__no_free_malloc        0x08005b41   0x40  Code  Gb  no_free_heap0.o [3]
__vector_table          0x08000000         Data  Gb  startup_stm32f407xx.o [1]
_call_main              0x08007a11         Code  Gb  cmain.o [5]
_exit                   0x08007a2d         Code  Gb  cexit.o [5]
_gLocale_mblen          0x08001235    0x4  Code  Gb  xlocale_c.o [3]
_gLocale_mblenInt       0x080011fd   0x34  Code  Gb  xlocale_c.o [3]
_gLocale_wctomb         0x08001239    0x4  Code  Gb  xlocale_c.o [3]
_gLocale_wctombInt      0x08001231    0x4  Code  Gb  xlocale_c.o [3]
_main                   0x08007a1f         Code  Gb  cmain.o [5]
a                       0x08007528   0x40  Data  Lc  iar_Atan64.o [4]
aRxBuffer               0x20000428    0x1  Data  Gb  usart.o [1]
abort                   0x08001dc7    0x6  Code  Gb  abort.o [3]
atan2                   0x080065b1  0x13c  Code  Gb  atan2_64.o [4]
atan2l                  0x080065b1  0x13c  Code  Gb  atan2_64.o [4]
atof                    0x0800655d    0x8  Code  Gb  strto64.o [4]
atoi                    0x08007845    0x2  Code  Gb  iar_Stoulx.o [3]
canList                 0x20000554  0x190  Data  Gb  can.o [1]
can_add_callback        0x080037ad   0x54  Code  Gb  can.o [1]
can_init                0x08003725   0x30  Code  Gb  can.o [1]
can_send_msg            0x0800377d   0x2e  Code  Gb  can.o [1]
canlistnum              0x20000a14    0x4  Data  Lc  can.o [1]
chassis                 0x20000000   0x4c  Data  Gb  chassis.o [1]
chassis_PID_Angle_Control
                        0x0800462d   0x30  Code  Gb  chassis.o [1]
chassis_PID_Angle_Control::angle_last_err
                        0x20000080    0x4  Data  Lc  chassis.o [1]
chassis_angle_subtract  0x080045e1   0x4c  Code  Gb  chassis.o [1]
chassis_calculate_dis_matrix
                        0x08004785  0x108  Code  Gb  chassis.o [1]
chassis_calculate_speed
                        0x080048c9  0x1fc  Code  Gb  chassis.o [1]
chassis_dis_to_bgn      0x200000e0    0x4  Data  Gb  chassis.o [1]
chassis_dis_to_end      0x200000e4    0x4  Data  Gb  chassis.o [1]
chassis_exe             0x08004b25  0x100  Code  Gb  chassis.o [1]
chassis_go_route        0x08004773   0x10  Code  Gb  chassis.o [1]
chassis_gostraight      0x0800465d   0xea  Code  Gb  chassis.o [1]
chassis_init            0x08004521   0x46  Code  Gb  chassis.o [1]
chassis_poscnt          0x200000d8    0x4  Data  Lc  chassis.o [1]
chassis_speed           0x20000050   0x28  Data  Gb  chassis.o [1]
chassis_stop            0x08004c31   0x16  Code  Gb  chassis.o [1]
chassis_update          0x08004571   0x70  Code  Gb  chassis.o [1]
chassis_xpos            0x20000088   0x28  Data  Gb  chassis.o [1]
chassis_ypos            0x200000b0   0x28  Data  Gb  chassis.o [1]
cmd_angle_pid           0x08007687   0x1e  Code  Gb  cmd_func.o [1]
cmd_argv                0x200009d0   0x30  Data  Gb  cmd.o [1]
cmd_exec                0x0800446b   0x3c  Code  Gb  cmd.o [1]
cmd_go_route_func       0x0800760f   0x10  Code  Gb  cmd_func.o [1]
cmd_go_straight_func    0x080075e7   0x28  Code  Gb  cmd_func.o [1]
cmd_hello_func          0x08007591    0x6  Code  Gb  cmd_func.o [1]
cmd_help_func           0x080044b5   0x30  Code  Gb  cmd.o [1]
cmd_init                0x080043f1   0x18  Code  Gb  cmd.o [1]
cmd_modify_angle        0x08007625   0x5a  Code  Gb  cmd_func.o [1]
cmd_parse               0x08004409   0x62  Code  Gb  cmd.o [1]
cmd_reset_vega          0x0800761f    0x4  Code  Gb  cmd_func.o [1]
cmd_set_speed_func      0x08007597   0x32  Code  Gb  cmd_func.o [1]
cmd_stop_func           0x080075c9   0x1e  Code  Gb  cmd_func.o [1]
cmd_tbl                 0x2000010c  0x2f4  Data  Lc  cmd.o [1]
cos                     0x08006e51    0x4  Code  Gb  cos_sin64.o [4]
cosl                    0x08006e51    0x4  Code  Gb  cos_sin64.o [4]
ddiv                    0x080060e5   0xd0  Code  Lc  strto64.o [4]
digits                  0x08007850   0x28  Data  Lc  iar_Stoulx.o [3]
dmul                    0x08006011   0xd2  Code  Lc  strto64.o [4]
exit                    0x08007a27    0x4  Code  Gb  exit.o [3]
flag                    0x20000a18    0x4  Data  Gb  main.o [1]
g_fangle                0x200000ec    0x4  Data  Gb  chassis.o [1]
g_fturn                 0x200000f0    0x4  Data  Gb  chassis.o [1]
g_ispeed                0x200000e8    0x4  Data  Gb  chassis.o [1]
g_vega_angle            0x20000a08    0x4  Data  Lc  vega.o [1]
g_vega_pos_x            0x20000a00    0x4  Data  Lc  vega.o [1]
g_vega_pos_y            0x20000a04    0x4  Data  Lc  vega.o [1]
hcan1                   0x200007ac   0x44  Data  Gb  can.o [1]
htim1                   0x20000958   0x3c  Data  Gb  tim.o [1]
htim2                   0x20000994   0x3c  Data  Gb  tim.o [1]
huart1                  0x20000898   0x40  Data  Gb  usart.o [1]
huart2                  0x200008d8   0x40  Data  Gb  usart.o [1]
huart3                  0x20000918   0x40  Data  Gb  usart.o [1]
huart4                  0x20000858   0x40  Data  Gb  usart.o [1]
huart5                  0x2000042c   0x40  Data  Gb  usart.o [1]
isalpha                 0x0800757d   0x14  Code  Gb  isalpha.o [3]
isspace                 0x08007569   0x14  Code  Gb  isspace.o [3]
ldexp                   0x080018bd         Code  Gb  ldexp.o [4]
ldexpl                  0x080018bd         Code  Gb  ldexp.o [4]
lnbias                  0x08002668  0x420  Data  Lc  pow64.o [4]
localeconv              0x0800123d    0x4  Code  Gb  xlocale_c.o [3]
log                     0x08006a09    0x4  Code  Gb  logx64.o [4]
logl                    0x08006a09    0x4  Code  Gb  logx64.o [4]
main                    0x080038f5   0x4c  Code  Gb  main.o [1]
maxon_setSpeed          0x08005d21   0x2a  Code  Gb  maxon.o [1]
memchr                  0x0800130d         Code  Gb  memchr.o [5]
ndigs                   0x08007878   0x28  Data  Lc  iar_Stoulx.o [3]
pow                     0x08002655   0x14  Code  Gb  pow64.o [4]
powl                    0x08002655   0x14  Code  Gb  pow64.o [4]
pows                    0x08006568   0x48  Data  Lc  strto64.o [4]
qs                      0x20000a24    0x4  Data  Lc  no_free_heap0.o [3]
routeflag               0x200000dc    0x4  Data  Lc  chassis.o [1]
s                       0x20000410   0x18  Data  Gb  usart.o [1]
sFilterConfig           0x200007f0   0x28  Data  Gb  can.o [1]
scalbln                 0x080018bd         Code  Gb  ldexp.o [4]
scalblnl                0x080018bd         Code  Gb  ldexp.o [4]
scalbn                  0x080018bd         Code  Gb  ldexp.o [4]
scalbnl                 0x080018bd         Code  Gb  ldexp.o [4]
scale                   0x08000987   0x46  Code  Lc  xprintffull.o [3]
sec_hand                0x20000a20    0x4  Data  Lc  xfail_s.o [3]
sendToSetSpeed          0x20000400    0xc  Data  Gb  maxon.o [1]
sqrt                    0x08005e69         Code  Gb  sqrt.o [4]
sqrtl                   0x08005e69         Code  Gb  sqrt.o [4]
strchr                  0x08001249         Code  Gb  strchr.o [5]
strcmp                  0x08005b8d         Code  Gb  strcmp.o [5]
strlen                  0x080012bd         Code  Gb  strlen.o [5]
tolower                 0x080078a1   0x14  Code  Gb  tolower.o [3]
turn_output             0x20000108    0x4  Data  Gb  chassis.o [1]
uart_buffer             0x2000046c   0x68  Data  Gb  usart.o [1]
uprintf                 0x08003f63   0x2c  Code  Gb  usart.o [1]
usart_exc               0x08003fe9   0x70  Code  Gb  usart.o [1]
uwTick                  0x20000a1c    0x4  Data  Gb  stm32f4xx_hal.o [1]
vega_init               0x08005bd9   0x2e  Code  Gb  vega.o [1]
vega_msg_rcv_callback   0x08005c07   0x54  Code  Gb  vega.o [1]
vega_reset              0x08005ca9   0x10  Code  Gb  vega.o [1]
vega_set_pos            0x08005c6f   0x3a  Code  Gb  vega.o [1]
vsnprintf               0x080056b1   0x3c  Code  Gb  vsnprint.o [3]


[1] = C:\Users\–Ï√˙‘∂\Desktop\chassis\chassis1.0\chassis5.0\chassis\EWARM\chassis\Obj
[2] = command line
[3] = dl7M_tlf.a
[4] = m7M_tls.a
[5] = rt7M_tl.a
[6] = shb_l.a

  31 598 bytes of readonly  code memory
     435 bytes of readonly  data memory
   4 140 bytes of readwrite data memory

Errors: none
Warnings: none
