###############################################################################
#
# IAR ELF Linker V8.22.1.15669/W32 for ARM                19/Nov/2018  20:11:47
# Copyright 2007-2018 IAR Systems AB.
#
#    Output file  =  
#        C:\Users\wangyunxuan\Desktop\Robocon\chassis\chassis11_18Ô²»·¹ì¼£\EWARM\chassis\Exe\chassis.out
#    Map file     =  
#        C:\Users\wangyunxuan\Desktop\Robocon\chassis\chassis11_18Ô²»·¹ì¼£\EWARM\chassis\List\chassis.map
#    Command line =  
#        -f C:\Users\WANGYU~1\AppData\Local\Temp\EWEE9.tmp
#        (C:\Users\wangyunxuan\Desktop\Robocon\chassis\chassis11_18Ô²»·¹ì¼£\EWARM\chassis\Obj\can.o
#        C:\Users\wangyunxuan\Desktop\Robocon\chassis\chassis11_18Ô²»·¹ì¼£\EWARM\chassis\Obj\chassis.o
#        C:\Users\wangyunxuan\Desktop\Robocon\chassis\chassis11_18Ô²»·¹ì¼£\EWARM\chassis\Obj\cmd.o
#        C:\Users\wangyunxuan\Desktop\Robocon\chassis\chassis11_18Ô²»·¹ì¼£\EWARM\chassis\Obj\cmd_func.o
#        C:\Users\wangyunxuan\Desktop\Robocon\chassis\chassis11_18Ô²»·¹ì¼£\EWARM\chassis\Obj\gpio.o
#        C:\Users\wangyunxuan\Desktop\Robocon\chassis\chassis11_18Ô²»·¹ì¼£\EWARM\chassis\Obj\main.o
#        C:\Users\wangyunxuan\Desktop\Robocon\chassis\chassis11_18Ô²»·¹ì¼£\EWARM\chassis\Obj\maxon.o
#        C:\Users\wangyunxuan\Desktop\Robocon\chassis\chassis11_18Ô²»·¹ì¼£\EWARM\chassis\Obj\startup_stm32f407xx.o
#        C:\Users\wangyunxuan\Desktop\Robocon\chassis\chassis11_18Ô²»·¹ì¼£\EWARM\chassis\Obj\stm32f4xx_hal.o
#        C:\Users\wangyunxuan\Desktop\Robocon\chassis\chassis11_18Ô²»·¹ì¼£\EWARM\chassis\Obj\stm32f4xx_hal_can.o
#        C:\Users\wangyunxuan\Desktop\Robocon\chassis\chassis11_18Ô²»·¹ì¼£\EWARM\chassis\Obj\stm32f4xx_hal_cortex.o
#        C:\Users\wangyunxuan\Desktop\Robocon\chassis\chassis11_18Ô²»·¹ì¼£\EWARM\chassis\Obj\stm32f4xx_hal_dma.o
#        C:\Users\wangyunxuan\Desktop\Robocon\chassis\chassis11_18Ô²»·¹ì¼£\EWARM\chassis\Obj\stm32f4xx_hal_dma_ex.o
#        C:\Users\wangyunxuan\Desktop\Robocon\chassis\chassis11_18Ô²»·¹ì¼£\EWARM\chassis\Obj\stm32f4xx_hal_flash.o
#        C:\Users\wangyunxuan\Desktop\Robocon\chassis\chassis11_18Ô²»·¹ì¼£\EWARM\chassis\Obj\stm32f4xx_hal_flash_ex.o
#        C:\Users\wangyunxuan\Desktop\Robocon\chassis\chassis11_18Ô²»·¹ì¼£\EWARM\chassis\Obj\stm32f4xx_hal_flash_ramfunc.o
#        C:\Users\wangyunxuan\Desktop\Robocon\chassis\chassis11_18Ô²»·¹ì¼£\EWARM\chassis\Obj\stm32f4xx_hal_gpio.o
#        C:\Users\wangyunxuan\Desktop\Robocon\chassis\chassis11_18Ô²»·¹ì¼£\EWARM\chassis\Obj\stm32f4xx_hal_msp.o
#        C:\Users\wangyunxuan\Desktop\Robocon\chassis\chassis11_18Ô²»·¹ì¼£\EWARM\chassis\Obj\stm32f4xx_hal_pwr.o
#        C:\Users\wangyunxuan\Desktop\Robocon\chassis\chassis11_18Ô²»·¹ì¼£\EWARM\chassis\Obj\stm32f4xx_hal_pwr_ex.o
#        C:\Users\wangyunxuan\Desktop\Robocon\chassis\chassis11_18Ô²»·¹ì¼£\EWARM\chassis\Obj\stm32f4xx_hal_rcc.o
#        C:\Users\wangyunxuan\Desktop\Robocon\chassis\chassis11_18Ô²»·¹ì¼£\EWARM\chassis\Obj\stm32f4xx_hal_rcc_ex.o
#        C:\Users\wangyunxuan\Desktop\Robocon\chassis\chassis11_18Ô²»·¹ì¼£\EWARM\chassis\Obj\stm32f4xx_hal_tim.o
#        C:\Users\wangyunxuan\Desktop\Robocon\chassis\chassis11_18Ô²»·¹ì¼£\EWARM\chassis\Obj\stm32f4xx_hal_tim_ex.o
#        C:\Users\wangyunxuan\Desktop\Robocon\chassis\chassis11_18Ô²»·¹ì¼£\EWARM\chassis\Obj\stm32f4xx_hal_uart.o
#        C:\Users\wangyunxuan\Desktop\Robocon\chassis\chassis11_18Ô²»·¹ì¼£\EWARM\chassis\Obj\stm32f4xx_it.o
#        C:\Users\wangyunxuan\Desktop\Robocon\chassis\chassis11_18Ô²»·¹ì¼£\EWARM\chassis\Obj\system_stm32f4xx.o
#        C:\Users\wangyunxuan\Desktop\Robocon\chassis\chassis11_18Ô²»·¹ì¼£\EWARM\chassis\Obj\tim.o
#        C:\Users\wangyunxuan\Desktop\Robocon\chassis\chassis11_18Ô²»·¹ì¼£\EWARM\chassis\Obj\track.o
#        C:\Users\wangyunxuan\Desktop\Robocon\chassis\chassis11_18Ô²»·¹ì¼£\EWARM\chassis\Obj\usart.o
#        C:\Users\wangyunxuan\Desktop\Robocon\chassis\chassis11_18Ô²»·¹ì¼£\EWARM\chassis\Obj\vega.o
#        --redirect _Printf=_PrintfFull --redirect _Scanf=_ScanfFull -o
#        C:\Users\wangyunxuan\Desktop\Robocon\chassis\chassis11_18Ô²»·¹ì¼£\EWARM\chassis\Exe\chassis.out
#        --map
#        C:\Users\wangyunxuan\Desktop\Robocon\chassis\chassis11_18Ô²»·¹ì¼£\EWARM\chassis\List\chassis.map
#        --config
#        C:\Users\wangyunxuan\Desktop\Robocon\chassis\chassis11_18Ô²»·¹ì¼£\EWARM/stm32f407xx_flash.icf
#        --semihosting --entry __iar_program_start --vfe --text_out locale)
#
###############################################################################

*******************************************************************************
*** RUNTIME MODEL ATTRIBUTES
***

CppFlavor       = *
__Heap_Handler  = NoFree
__SystemLibrary = DLib
__dlib_version  = 6


*******************************************************************************
*** HEAP SELECTION
***

The no free heap was selected because no calls to memory
deallocation functions were found in the application.


*******************************************************************************
*** PLACEMENT SUMMARY
***

"A0":  place at 0x08000000 { ro section .intvec };
"P1":  place in [from 0x08000000 to 0x080fffff] { ro };
define block CSTACK with size = 1K, alignment = 8 { };
define block HEAP with size = 512, alignment = 8 { };
"P2":  place in [from 0x20000000 to 0x2001ffff] {
          rw, block CSTACK, block HEAP };
initialize by copy { rw };

  Section            Kind        Address    Size  Object
  -------            ----        -------    ----  ------
"A0":                                      0x188
  .intvec            ro code  0x08000000   0x188  startup_stm32f407xx.o [1]
                            - 0x08000188   0x188

"P1":                                     0x8d86
  .text              ro code  0x08000188   0xf96  xprintffull.o [3]
  .text              ro code  0x0800111e    0x7a  lz77_init_single.o [5]
  .text              ro code  0x08001198    0xb0  xlocale_c.o [3]
  .text              ro code  0x08001248    0x16  strchr.o [5]
  .text              ro code  0x0800125e    0x1e  xencoding_8859_1.o [3]
  .text              ro code  0x0800127c    0x40  xfail_s.o [3]
  .text              ro code  0x080012bc    0x36  strlen.o [5]
  .text              ro code  0x080012f2    0x1a  xsnprout.o [3]
  .text              ro code  0x0800130c    0x58  memchr.o [5]
  .text              ro code  0x08001364     0xa  xmbcurmax.o [3]
  .text              ro code  0x08001370    0xa6  ABImemcpy.o [5]
  .text              ro code  0x08001418   0x22e  I64DivMod.o [5]
  .text              ro code  0x08001648   0x1a2  DblMul.o [4]
  .text              ro code  0x080017ec    0x70  frexp.o [4]
  .text              ro code  0x0800185c    0x2e  DblCmpLe.o [4]
  .text              ro code  0x0800188c    0x2e  DblCmpGe.o [4]
  .text              ro code  0x080018bc   0x13a  ldexp.o [4]
  .text              ro code  0x080019f8    0x3a  DblToS32.o [4]
  .text              ro code  0x08001a34    0x22  S32ToDbl.o [4]
  .text              ro code  0x08001a58    0xe2  DblSub.o [4]
  .text              ro code  0x08001b3c   0x246  DblDiv.o [4]
  .text              ro code  0x08001d84    0x28  DblToU32.o [4]
  .text              ro code  0x08001dac    0x1a  U32ToDbl.o [4]
  .text              ro code  0x08001dc6     0x6  abort.o [3]
  .text              ro code  0x08001dcc     0x2  I64DivZer.o [5]
  .text              ro code  0x08001dd0   0x178  DblAdd.o [4]
  .text              ro code  0x08001f48    0x14  exit.o [6]
  .text              ro code  0x08001f5c   0xbc6  stm32f4xx_hal_can.o [1]
  .text              ro code  0x08002b24   0x29c  can.o [1]
  .text              ro code  0x08002dc0     0xc  stm32f4xx_hal.o [1]
  .text              ro code  0x08002dcc     0x2  stm32f4xx_hal_can.o [1]
  .text              ro code  0x08002dd0   0x1c6  main.o [1]
  .text              ro code  0x08002f98   0x254  stm32f4xx_hal_gpio.o [1]
  .text              ro code  0x080031ec   0x174  stm32f4xx_hal_cortex.o [1]
  .text              ro code  0x08003360   0x594  usart.o [1]
  .text              ro code  0x080038f4    0x24  ABIassert.o [6]
  .text              ro code  0x08003918    0x40  stm32f4xx_hal.o [1]
  .text              ro code  0x08003958    0xb4  gpio.o [1]
  .text              ro code  0x08003a0c   0x20c  tim.o [1]
  .text              ro code  0x08003c18   0x160  cmd.o [1]
  .text              ro code  0x08003d78   0x8a8  chassis.o [1]
  .text              ro code  0x08004620   0x390  stm32f4xx_hal_rcc.o [1]
  .text              ro code  0x080049b0   0x228  stm32f4xx_hal_rcc.o [1]
  .text              ro code  0x08004bd8    0x48  FltToDbl.o [4]
  .text              ro code  0x08004c20   0x7e8  stm32f4xx_hal_uart.o [1]
  .text              ro code  0x08005408    0x3c  vsnprint.o [3]
  .text              ro code  0x08005444    0x28  stm32f4xx_hal.o [1]
  .text              ro code  0x0800546c    0x5e  stm32f4xx_hal_msp.o [1]
  .text              ro code  0x080054cc   0x418  stm32f4xx_hal_tim.o [1]
  .text              ro code  0x080058e4    0xbe  stm32f4xx_hal_tim_ex.o [1]
  .text              ro code  0x080059a4    0x44  no_free_heap0.o [3]
  .text              ro code  0x080059e8    0x4a  strcmp.o [5]
  .text              ro code  0x08005a34    0x66  ABImemset.o [5]
  .text              ro code  0x08005a9c   0x480  track.o [1]
  .text              ro code  0x08005f1c   0x158  vega.o [1]
  .text              ro code  0x08006074    0x1e  stm32f4xx_hal.o [1]
  .text              ro code  0x08006094    0x54  maxon.o [1]
  .text              ro code  0x080060e8    0x68  DblToFlt.o [4]
  .text              ro code  0x08006150    0x46  math_wrappers64.o [4]
  .text              ro code  0x08006198   0x102  sqrt.o [4]
  .text              ro code  0x0800629c    0x28  stm32f4xx_hal_dma.o [1]
  .text              ro code  0x080062c4     0x2  stm32f4xx_hal_uart.o [1]
  .text              ro code  0x080062c8    0x2c  xgetmemchunk.o [3]
  .text              ro code  0x080062f4    0x6c  system_stm32f4xx.o [1]
  .text              ro code  0x08006360   0x5a0  strto64.o [4]
  .text              ro code  0x08006900   0x13c  atan2_64.o [4]
  .rodata            const    0x08006a3c    0x54  main.o [1]
  .text              ro code  0x08006a90   0xb28  pow64.o [4]
  .text              ro code  0x080075b8   0x44c  cos_sin64.o [4]
  .text              ro code  0x08007a04   0x122  iar_Stopfx.o [3]
  .text              ro code  0x08007b28   0x1c8  iar_Stoflt.o [3]
  .text              ro code  0x08007cf0   0x21c  iar_Stoxflt.o [3]
  .rodata            const    0x08007f0c    0x54  usart.o [1]
  .text              ro code  0x08007f60   0x208  iar_Atan64.o [4]
  .text              ro code  0x08008168    0x20  DblCmpEq.o [4]
  .text              ro code  0x08008188   0x418  iar_Exp64.o [4]
  .text              ro code  0x080085a0    0x14  isspace.o [3]
  .text              ro code  0x080085b4    0x14  isalpha.o [3]
  .text              ro code  0x080085c8   0x1c2  cmd_func.o [1]
  .text              ro code  0x0800878c   0x174  iar_Stoulx.o [3]
  .text              ro code  0x08008900    0x14  tolower.o [3]
  .rodata            const    0x08008914    0x50  can.o [1]
  .text              ro code  0x08008964    0x40  zero_init3.o [5]
  .text              ro code  0x080089a4    0x38  stm32f4xx_it.o [1]
  .text              ro code  0x080089dc    0x10  stm32f4xx_hal.o [1]
  .rodata            const    0x080089ec    0x30  tim.o [1]
  .text              ro code  0x08008a1c    0x28  data_init.o [5]
  .text              ro code  0x08008a44    0x22  fpinit_M.o [4]
  .iar.init_table    const    0x08008a68    0x20  - Linker created -
  .rodata            const    0x08008a88    0x20  chassis.o [1]
  .rodata            const    0x08008aa8    0x20  cmd_func.o [1]
  .rodata            const    0x08008ac8    0x20  cmd_func.o [1]
  .text              ro code  0x08008ae8    0x1e  cmain.o [5]
  .text              ro code  0x08008b06     0x4  low_level_init.o [3]
  .text              ro code  0x08008b0a     0x4  exit.o [3]
  .text              ro code  0x08008b10     0xa  cexit.o [5]
  .rodata            const    0x08008b1c    0x1c  cmd.o [1]
  .rodata            const    0x08008b38    0x1c  main.o [1]
  .rodata            const    0x08008b54    0x18  chassis.o [1]
  .rodata            const    0x08008b6c    0x14  cmd.o [1]
  .rodata            const    0x08008b80    0x14  usart.o [1]
  .rodata            const    0x08008b94    0x14  vega.o [1]
  .rodata            const    0x08008ba8    0x14  vega.o [1]
  .rodata            const    0x08008bbc    0x14  vega.o [1]
  .rodata            const    0x08008bd0    0x10  can.o [1]
  .rodata            const    0x08008be0    0x10  system_stm32f4xx.o [1]
  .rodata            const    0x08008bf0    0x10  usart.o [1]
  .rodata            const    0x08008c00    0x10  usart.o [1]
  .text              ro code  0x08008c10    0x10  startup_stm32f407xx.o [1]
  .rodata            const    0x08008c20     0xc  cmd_func.o [1]
  .rodata            const    0x08008c2c     0xc  main.o [1]
  .text              ro code  0x08008c38     0xc  cstartup_M.o [5]
  .rodata            const    0x08008c44     0x8  can.o [1]
  .rodata            const    0x08008c4c     0x8  system_stm32f4xx.o [1]
  .rodata            const    0x08008c54     0x6  xlocale_c.o [3]
  .text              ro code  0x08008c5a     0x4  startup_stm32f407xx.o [1]
  .text              ro code  0x08008c5e     0x4  startup_stm32f407xx.o [1]
  .text              ro code  0x08008c62     0x4  startup_stm32f407xx.o [1]
  .text              ro code  0x08008c66     0x4  startup_stm32f407xx.o [1]
  .text              ro code  0x08008c6a     0x4  startup_stm32f407xx.o [1]
  .text              ro code  0x08008c6e     0x4  startup_stm32f407xx.o [1]
  .text              ro code  0x08008c72     0x4  startup_stm32f407xx.o [1]
  .text              ro code  0x08008c76     0x4  startup_stm32f407xx.o [1]
  .text              ro code  0x08008c7a     0x4  startup_stm32f407xx.o [1]
  .text              ro code  0x08008c7e     0x4  startup_stm32f407xx.o [1]
  .text              ro code  0x08008c82     0x4  startup_stm32f407xx.o [1]
  .text              ro code  0x08008c86     0x4  startup_stm32f407xx.o [1]
  .text              ro code  0x08008c8a     0x4  startup_stm32f407xx.o [1]
  .text              ro code  0x08008c8e     0x4  startup_stm32f407xx.o [1]
  .text              ro code  0x08008c92     0x4  startup_stm32f407xx.o [1]
  .text              ro code  0x08008c96     0x4  startup_stm32f407xx.o [1]
  .text              ro code  0x08008c9a     0x4  startup_stm32f407xx.o [1]
  .text              ro code  0x08008c9e     0x4  startup_stm32f407xx.o [1]
  .text              ro code  0x08008ca2     0x4  startup_stm32f407xx.o [1]
  .text              ro code  0x08008ca6     0x4  startup_stm32f407xx.o [1]
  .text              ro code  0x08008caa     0x4  startup_stm32f407xx.o [1]
  .text              ro code  0x08008cae     0x4  startup_stm32f407xx.o [1]
  .text              ro code  0x08008cb2     0x4  startup_stm32f407xx.o [1]
  .text              ro code  0x08008cb6     0x4  startup_stm32f407xx.o [1]
  .text              ro code  0x08008cba     0x4  startup_stm32f407xx.o [1]
  .text              ro code  0x08008cbe     0x4  startup_stm32f407xx.o [1]
  .text              ro code  0x08008cc2     0x4  startup_stm32f407xx.o [1]
  .text              ro code  0x08008cc6     0x4  startup_stm32f407xx.o [1]
  .text              ro code  0x08008cca     0x4  startup_stm32f407xx.o [1]
  .text              ro code  0x08008cce     0x4  startup_stm32f407xx.o [1]
  .text              ro code  0x08008cd2     0x4  startup_stm32f407xx.o [1]
  .text              ro code  0x08008cd6     0x4  startup_stm32f407xx.o [1]
  .text              ro code  0x08008cda     0x4  startup_stm32f407xx.o [1]
  .text              ro code  0x08008cde     0x4  startup_stm32f407xx.o [1]
  .text              ro code  0x08008ce2     0x4  startup_stm32f407xx.o [1]
  .text              ro code  0x08008ce6     0x4  startup_stm32f407xx.o [1]
  .text              ro code  0x08008cea     0x4  startup_stm32f407xx.o [1]
  .text              ro code  0x08008cee     0x4  startup_stm32f407xx.o [1]
  .text              ro code  0x08008cf2     0x4  startup_stm32f407xx.o [1]
  .text              ro code  0x08008cf6     0x4  startup_stm32f407xx.o [1]
  .text              ro code  0x08008cfa     0x4  startup_stm32f407xx.o [1]
  .text              ro code  0x08008cfe     0x4  startup_stm32f407xx.o [1]
  .text              ro code  0x08008d02     0x4  startup_stm32f407xx.o [1]
  .text              ro code  0x08008d06     0x4  startup_stm32f407xx.o [1]
  .text              ro code  0x08008d0a     0x4  startup_stm32f407xx.o [1]
  .text              ro code  0x08008d0e     0x4  startup_stm32f407xx.o [1]
  .text              ro code  0x08008d12     0x4  startup_stm32f407xx.o [1]
  .text              ro code  0x08008d16     0x4  startup_stm32f407xx.o [1]
  .text              ro code  0x08008d1a     0x4  startup_stm32f407xx.o [1]
  .text              ro code  0x08008d1e     0x4  startup_stm32f407xx.o [1]
  .text              ro code  0x08008d22     0x4  startup_stm32f407xx.o [1]
  .text              ro code  0x08008d26     0x4  startup_stm32f407xx.o [1]
  .text              ro code  0x08008d2a     0x4  startup_stm32f407xx.o [1]
  .text              ro code  0x08008d2e     0x4  startup_stm32f407xx.o [1]
  .text              ro code  0x08008d32     0x4  startup_stm32f407xx.o [1]
  .text              ro code  0x08008d36     0x4  startup_stm32f407xx.o [1]
  .text              ro code  0x08008d3a     0x4  startup_stm32f407xx.o [1]
  .text              ro code  0x08008d3e     0x4  startup_stm32f407xx.o [1]
  .text              ro code  0x08008d42     0x4  startup_stm32f407xx.o [1]
  .text              ro code  0x08008d46     0x4  startup_stm32f407xx.o [1]
  .text              ro code  0x08008d4a     0x4  startup_stm32f407xx.o [1]
  .text              ro code  0x08008d4e     0x4  startup_stm32f407xx.o [1]
  .text              ro code  0x08008d52     0x4  startup_stm32f407xx.o [1]
  .text              ro code  0x08008d56     0x4  startup_stm32f407xx.o [1]
  .text              ro code  0x08008d5a     0x4  startup_stm32f407xx.o [1]
  .text              ro code  0x08008d5e     0x4  startup_stm32f407xx.o [1]
  .text              ro code  0x08008d62     0x4  startup_stm32f407xx.o [1]
  .text              ro code  0x08008d66     0x4  startup_stm32f407xx.o [1]
  .text              ro code  0x08008d6a     0x4  startup_stm32f407xx.o [1]
  .text              ro code  0x08008d6e     0x4  startup_stm32f407xx.o [1]
  .text              ro code  0x08008d72     0x4  startup_stm32f407xx.o [1]
  .text              ro code  0x08008d76     0x4  startup_stm32f407xx.o [1]
  .text              ro code  0x08008d7a     0x4  startup_stm32f407xx.o [1]
  .text              ro code  0x08008d7e     0x4  startup_stm32f407xx.o [1]
  .text              ro code  0x08008d82     0x4  startup_stm32f407xx.o [1]
  .text              ro code  0x08008d86     0x4  startup_stm32f407xx.o [1]
  .text              ro code  0x08008d8a     0x4  startup_stm32f407xx.o [1]
  .text              ro code  0x08008d8e     0x4  startup_stm32f407xx.o [1]
  .text              ro code  0x08008d92     0x4  startup_stm32f407xx.o [1]
  .rodata            const    0x08008d96     0x0  zero_init3.o [5]
  .rodata            const    0x08008d96     0x0  lz77_init_single.o [5]
  Initializer bytes  const    0x08008d96   0x178  <for P2-1>
                            - 0x08008f0e  0x8d86

"P2", part 1 of 3:                         0x3f0
  P2-1                        0x20000000   0x3f0  <Init block>
    .data            inited   0x20000000     0x8  track.o [1]
    .data            inited   0x20000008     0x4  chassis.o [1]
    .data            inited   0x2000000c     0x4  chassis.o [1]
    .data            inited   0x20000010     0x4  chassis.o [1]
    .data            inited   0x20000014   0x348  cmd.o [1]
    .data            inited   0x2000035c     0xc  maxon.o [1]
    .data            inited   0x20000368     0x4  system_stm32f4xx.o [1]
    .data            inited   0x2000036c     0x4  track.o [1]
    .data            inited   0x20000370    0x38  xlocale_c.o [3]
    .data            inited   0x200003a8    0x48  xlocale_c.o [3]
                            - 0x200003f0   0x3f0

"P2", part 2 of 3:                        0xa240
  .bss               zero     0x200003f0  0x1f40  chassis.o [1]
  .bss               zero     0x20002330  0x1f40  chassis.o [1]
  .bss               zero     0x20004270  0x1f40  track.o [1]
  .bss               zero     0x200061b0  0x1f40  track.o [1]
  .bss               zero     0x200080f0  0x1f40  track.o [1]
  .bss               zero     0x2000a030   0x190  can.o [1]
  .bss               zero     0x2000a1c0    0xc8  usart.o [1]
  .bss               zero     0x2000a288    0x68  usart.o [1]
  .bss               zero     0x2000a2f0    0x4c  chassis.o [1]
  .bss               zero     0x2000a33c    0x44  can.o [1]
  .bss               zero     0x2000a380    0x40  usart.o [1]
  .bss               zero     0x2000a3c0    0x40  usart.o [1]
  .bss               zero     0x2000a400    0x40  usart.o [1]
  .bss               zero     0x2000a440    0x40  usart.o [1]
  .bss               zero     0x2000a480    0x40  usart.o [1]
  .bss               zero     0x2000a4c0    0x3c  tim.o [1]
  .bss               zero     0x2000a4fc    0x3c  tim.o [1]
  .bss               zero     0x2000a538    0x30  cmd.o [1]
  .bss               zero     0x2000a568    0x28  can.o [1]
  .bss               zero     0x2000a590    0x24  can.o [1]
  .bss               zero     0x2000a5b4    0x1c  can.o [1]
  .bss               zero     0x2000a5d0     0x8  chassis.o [1]
  .bss               zero     0x2000a5d8     0x8  chassis.o [1]
  .bss               zero     0x2000a5e0     0x4  can.o [1]
  .bss               zero     0x2000a5e4     0x4  chassis.o [1]
  .bss               zero     0x2000a5e8     0x4  chassis.o [1]
  .bss               zero     0x2000a5ec     0x4  chassis.o [1]
  .bss               zero     0x2000a5f0     0x4  chassis.o [1]
  .bss               zero     0x2000a5f4     0x4  chassis.o [1]
  .bss               zero     0x2000a5f8     0x4  chassis.o [1]
  .bss               zero     0x2000a5fc     0x4  chassis.o [1]
  .bss               zero     0x2000a600     0x4  chassis.o [1]
  .bss               zero     0x2000a604     0x4  main.o [1]
  .bss               zero     0x2000a608     0x4  main.o [1]
  .bss               zero     0x2000a60c     0x4  main.o [1]
  .bss               zero     0x2000a610     0x4  stm32f4xx_hal.o [1]
  .bss               zero     0x2000a614     0x4  vega.o [1]
  .bss               zero     0x2000a618     0x4  vega.o [1]
  .bss               zero     0x2000a61c     0x4  vega.o [1]
  .bss               zero     0x2000a620     0x4  xfail_s.o [3]
  .bss               zero     0x2000a624     0x4  no_free_heap0.o [3]
  .bss               zero     0x2000a628     0x4  xgetmemchunk.o [3]
  .bss               zero     0x2000a62c     0x2  usart.o [1]
  .bss               zero     0x2000a62e     0x1  usart.o [1]
                            - 0x2000a62f  0xa23f

"P2", part 3 of 3:                         0x600
  CSTACK                      0x2000a630   0x400  <Block>
    CSTACK           uninit   0x2000a630   0x400  <Block tail>
  HEAP                        0x2000aa30   0x200  <Block>
    HEAP             uninit   0x2000aa30   0x200  <Block tail>
                            - 0x2000ac30   0x600


*******************************************************************************
*** INIT TABLE
***

          Address     Size
          -------     ----
Zero (__iar_zero_init3)
    1 destination range, total size 0xa23f:
          0x200003f0  0xa23f

Copy/lz77 (__iar_lz77_init_single3)
    1 source range, total size 0x178 (37% of destination):
          0x08008d96   0x178
    1 destination range, total size 0x3f0:
          0x20000000   0x3f0



*******************************************************************************
*** MODULE SUMMARY
***

    Module                  ro code  ro data  rw data
    ------                  -------  -------  -------
C:\Users\wangyunxuan\Desktop\Robocon\chassis\chassis11_18Ô²»·¹ì¼£\EWARM\chassis\Obj: [1]
    can.o                       668      104      576
    chassis.o                 2 216       61   16 136
    cmd.o                       352      361      888
    cmd_func.o                  450       76
    gpio.o                      180
    main.o                      454      124       12
    maxon.o                      84        5       12
    startup_stm32f407xx.o       724
    stm32f4xx_hal.o             162                 4
    stm32f4xx_hal_can.o       3 016
    stm32f4xx_hal_cortex.o      372
    stm32f4xx_hal_dma.o          40
    stm32f4xx_hal_gpio.o        596
    stm32f4xx_hal_msp.o          94
    stm32f4xx_hal_rcc.o       1 464
    stm32f4xx_hal_tim.o       1 048
    stm32f4xx_hal_tim_ex.o      190
    stm32f4xx_hal_uart.o      2 026
    stm32f4xx_it.o               56
    system_stm32f4xx.o          108       25        4
    tim.o                       524       48      120
    track.o                   1 152        4   24 012
    usart.o                   1 428      136      627
    vega.o                      344       60       12
    -------------------------------------------------
    Total:                   17 748    1 004   42 403

command line: [2]
    -------------------------------------------------
    Total:

dl7M_tlf.a: [3]
    abort.o                       6
    exit.o                        4
    iar_Stoflt.o                456
    iar_Stopfx.o                290
    iar_Stoulx.o                372
    iar_Stoxflt.o               540
    isalpha.o                    20
    isspace.o                    20
    low_level_init.o              4
    no_free_heap0.o              68                 4
    tolower.o                    20
    vsnprint.o                   60
    xencoding_8859_1.o           30
    xfail_s.o                    64                 4
    xgetmemchunk.o               44                 4
    xlocale_c.o                 176       54      128
    xmbcurmax.o                  10
    xprintffull.o             3 990
    xsnprout.o                   26
    -------------------------------------------------
    Total:                    6 200       54      140

m7M_tls.a: [4]
    DblAdd.o                    376
    DblCmpEq.o                   32
    DblCmpGe.o                   46
    DblCmpLe.o                   46
    DblDiv.o                    582
    DblMul.o                    418
    DblSub.o                    226
    DblToFlt.o                  104
    DblToS32.o                   58
    DblToU32.o                   40
    FltToDbl.o                   72
    S32ToDbl.o                   34
    U32ToDbl.o                   26
    atan2_64.o                  316
    cos_sin64.o               1 100
    fpinit_M.o                   34
    frexp.o                     112
    iar_Atan64.o                520
    iar_Exp64.o               1 048
    ldexp.o                     314
    math_wrappers64.o            70
    pow64.o                   2 856
    sqrt.o                      258
    strto64.o                 1 440
    -------------------------------------------------
    Total:                   10 128

rt7M_tl.a: [5]
    ABImemcpy.o                 166
    ABImemset.o                 102
    I64DivMod.o                 558
    I64DivZer.o                   2
    cexit.o                      10
    cmain.o                      30
    cstartup_M.o                 12
    data_init.o                  40
    lz77_init_single.o          122
    memchr.o                     88
    strchr.o                     22
    strcmp.o                     74
    strlen.o                     54
    zero_init3.o                 64
    -------------------------------------------------
    Total:                    1 344

shb_l.a: [6]
    ABIassert.o                  36
    exit.o                       20
    -------------------------------------------------
    Total:                       56

    Gaps                         52        4
    Linker created                        32    1 536
-----------------------------------------------------
    Grand Total:             35 528    1 094   44 079


*******************************************************************************
*** ENTRY LIST
***

Entry                      Address    Size  Type      Object
-----                      -------    ----  ----      ------
.iar.init_table$$Base   0x08008a68           --   Gb  - Linker created -
.iar.init_table$$Limit  0x08008a88           --   Gb  - Linker created -
?main                   0x08008ae9          Code  Gb  cmain.o [5]
AHBPrescTable           0x08008be0    0x10  Data  Gb  system_stm32f4xx.o [1]
APBPrescTable           0x08008c4c     0x8  Data  Gb  system_stm32f4xx.o [1]
BusFault_Handler        0x080089ab     0x2  Code  Gb  stm32f4xx_it.o [1]
CAN1_RX0_IRQHandler     0x080089c1     0xa  Code  Gb  stm32f4xx_it.o [1]
CAN_LIST_MATCH          0x08002d0b    0x32  Code  Gb  can.o [1]
CAN_Receive_IT          0x08002943   0x1e0  Code  Lc  stm32f4xx_hal_can.o [1]
CAN_Transmit_IT         0x080028e5    0x5e  Code  Lc  stm32f4xx_hal_can.o [1]
CSTACK$$Base            0x2000a630           --   Gb  - Linker created -
CSTACK$$Limit           0x2000aa30           --   Gb  - Linker created -
CacheMore               0x080011d9    0x24  Code  Lc  xlocale_c.o [3]
Configure_Filter        0x08002c21    0x48  Code  Gb  can.o [1]
DebugMon_Handler        0x080089b1     0x2  Code  Gb  stm32f4xx_it.o [1]
Dtentox                 0x08006515   0x19a  Code  Lc  strto64.o [4]
ERR_angle_m0            0x2000000c     0x4  Data  Gb  chassis.o [1]
ERR_angle_m1            0x20000008     0x4  Data  Gb  chassis.o [1]
ERR_angle_m3            0x2000a5e4     0x4  Data  Gb  chassis.o [1]
HAL_CAN_ConfigFilter    0x08002105   0x108  Code  Gb  stm32f4xx_hal_can.o [1]
HAL_CAN_ErrorCallback   0x08002d65    0x26  Code  Gb  can.o [1]
HAL_CAN_IRQHandler      0x080025a3   0x32c  Code  Gb  stm32f4xx_hal_can.o [1]
HAL_CAN_Init            0x08001f5d   0x1a8  Code  Gb  stm32f4xx_hal_can.o [1]
HAL_CAN_MspInit         0x08002b87    0x5c  Code  Gb  can.o [1]
HAL_CAN_Receive_IT      0x0800248d   0x116  Code  Gb  stm32f4xx_hal_can.o [1]
HAL_CAN_RxCpltCallback  0x08002d3d    0x28  Code  Gb  can.o [1]
HAL_CAN_Transmit        0x0800220d   0x27c  Code  Gb  stm32f4xx_hal_can.o [1]
HAL_DMA_Abort_IT        0x0800629d    0x28  Code  Gb  stm32f4xx_hal_dma.o [1]
HAL_Delay               0x08006075    0x1e  Code  Wk  stm32f4xx_hal.o [1]
HAL_GPIO_Init           0x08002f99   0x21c  Code  Gb  stm32f4xx_hal_gpio.o [1]
HAL_GetTick             0x08002dc1     0xc  Code  Wk  stm32f4xx_hal.o [1]
HAL_IncTick             0x080089dd    0x10  Code  Wk  stm32f4xx_hal.o [1]
HAL_Init                0x08003919    0x3a  Code  Gb  stm32f4xx_hal.o [1]
HAL_InitTick            0x08005445    0x28  Code  Wk  stm32f4xx_hal.o [1]
HAL_MspInit             0x0800546d    0x5e  Code  Gb  stm32f4xx_hal_msp.o [1]
HAL_NVIC_EnableIRQ      0x080032fd     0xe  Code  Gb  stm32f4xx_hal_cortex.o [1]
HAL_NVIC_SetPriority    0x080032d3    0x2a  Code  Gb  stm32f4xx_hal_cortex.o [1]
HAL_NVIC_SetPriorityGrouping
                        0x080032c7     0xc  Code  Gb  stm32f4xx_hal_cortex.o [1]
HAL_RCC_ClockConfig     0x080049b1   0x14a  Code  Gb  stm32f4xx_hal_rcc.o [1]
HAL_RCC_GetHCLKFreq     0x08004afb     0x6  Code  Gb  stm32f4xx_hal_rcc.o [1]
HAL_RCC_GetPCLK1Freq    0x08004b01    0x16  Code  Gb  stm32f4xx_hal_rcc.o [1]
HAL_RCC_GetPCLK2Freq    0x08004b17    0x16  Code  Gb  stm32f4xx_hal_rcc.o [1]
HAL_RCC_OscConfig       0x08004621   0x390  Code  Wk  stm32f4xx_hal_rcc.o [1]
HAL_SYSTICK_CLKSourceConfig
                        0x08003317    0x20  Code  Gb  stm32f4xx_hal_cortex.o [1]
HAL_SYSTICK_Callback    0x08002ef3    0x78  Code  Gb  main.o [1]
HAL_SYSTICK_Callback::time_1ms_cnt
                        0x2000a60c     0x4  Data  Lc  main.o [1]
HAL_SYSTICK_Config      0x0800330b     0xc  Code  Gb  stm32f4xx_hal_cortex.o [1]
HAL_SYSTICK_IRQHandler  0x08003359     0x8  Code  Gb  stm32f4xx_hal_cortex.o [1]
HAL_TIMEx_ConfigBreakDeadTime
                        0x0800593f    0x64  Code  Gb  stm32f4xx_hal_tim_ex.o [1]
HAL_TIMEx_MasterConfigSynchronization
                        0x080058e5    0x5a  Code  Gb  stm32f4xx_hal_tim_ex.o [1]
HAL_TIM_MspPostInit     0x08003ba3    0x56  Code  Gb  tim.o [1]
HAL_TIM_PWM_ConfigChannel
                        0x08005505   0x100  Code  Gb  stm32f4xx_hal_tim.o [1]
HAL_TIM_PWM_Init        0x080054cd    0x38  Code  Gb  stm32f4xx_hal_tim.o [1]
HAL_TIM_PWM_MspInit     0x08003b53    0x50  Code  Gb  tim.o [1]
HAL_UART_ErrorCallback  0x080037d1     0x2  Code  Gb  usart.o [1]
HAL_UART_IRQHandler     0x08004ddd   0x14a  Code  Gb  stm32f4xx_hal_uart.o [1]
HAL_UART_Init           0x08004c21    0x76  Code  Gb  stm32f4xx_hal_uart.o [1]
HAL_UART_MspInit        0x08003555   0x1ba  Code  Gb  usart.o [1]
HAL_UART_Receive_IT     0x08004d77    0x66  Code  Gb  stm32f4xx_hal_uart.o [1]
HAL_UART_RxCpltCallback
                        0x0800373d    0x94  Code  Gb  usart.o [1]
HAL_UART_Transmit       0x08004c97    0xe0  Code  Gb  stm32f4xx_hal_uart.o [1]
HEAP$$Base              0x2000aa30           --   Gb  - Linker created -
HEAP$$Limit             0x2000ac30           --   Gb  - Linker created -
HardFault_Handler       0x080089a7     0x2  Code  Gb  stm32f4xx_it.o [1]
LoadInt                 0x08000377    0x7a  Code  Lc  xprintffull.o [3]
MX_CAN1_Init            0x08002b25    0x62  Code  Gb  can.o [1]
MX_GPIO_Init            0x08003959    0xb4  Code  Gb  gpio.o [1]
MX_TIM1_Init            0x08003a0d    0xc4  Code  Gb  tim.o [1]
MX_TIM2_Init            0x08003ad1    0x82  Code  Gb  tim.o [1]
MX_UART4_Init           0x08003361    0x5e  Code  Gb  usart.o [1]
MX_UART5_Init           0x080033bf    0x7c  Code  Gb  usart.o [1]
MX_USART1_UART_Init     0x0800343b    0x5e  Code  Gb  usart.o [1]
MX_USART2_UART_Init     0x08003499    0x5e  Code  Gb  usart.o [1]
MX_USART3_UART_Init     0x080034f7    0x5e  Code  Gb  usart.o [1]
MemManage_Handler       0x080089a9     0x2  Code  Gb  stm32f4xx_it.o [1]
NMI_Handler             0x080089a5     0x2  Code  Gb  stm32f4xx_it.o [1]
NVIC_EnableIRQ          0x08003213    0x16  Code  Lc  stm32f4xx_hal_cortex.o [1]
NVIC_EncodePriority     0x08003255    0x42  Code  Lc  stm32f4xx_hal_cortex.o [1]
NVIC_GetPriorityGrouping
                        0x08003209     0xa  Code  Lc  stm32f4xx_hal_cortex.o [1]
NVIC_SetPriority        0x08003229    0x2c  Code  Lc  stm32f4xx_hal_cortex.o [1]
NVIC_SetPriorityGrouping
                        0x080031ed    0x1c  Code  Lc  stm32f4xx_hal_cortex.o [1]
PendSV_Handler          0x080089b3     0x2  Code  Gb  stm32f4xx_it.o [1]
Region$$Table$$Base     0x08008a68           --   Gb  - Linker created -
Region$$Table$$Limit    0x08008a88           --   Gb  - Linker created -
RxMessage               0x2000a590    0x24  Data  Lc  can.o [1]
SVC_Handler             0x080089af     0x2  Code  Gb  stm32f4xx_it.o [1]
SysTick_Config          0x08003297    0x30  Code  Lc  stm32f4xx_hal_cortex.o [1]
SysTick_Handler         0x080089b5     0xc  Code  Gb  stm32f4xx_it.o [1]
SystemClock_Config      0x08002e2f    0xc4  Code  Gb  main.o [1]
SystemCoreClock         0x20000368     0x4  Data  Gb  system_stm32f4xx.o [1]
SystemInit              0x080062f5    0x4c  Code  Gb  system_stm32f4xx.o [1]
TIM_Base_SetConfig      0x08005605    0xec  Code  Gb  stm32f4xx_hal_tim.o [1]
TIM_OC1_SetConfig       0x0800576f    0x6e  Code  Lc  stm32f4xx_hal_tim.o [1]
TIM_OC2_SetConfig       0x080056f1    0x7c  Code  Gb  stm32f4xx_hal_tim.o [1]
TIM_OC3_SetConfig       0x080057dd    0x76  Code  Lc  stm32f4xx_hal_tim.o [1]
TIM_OC4_SetConfig       0x08005853    0x64  Code  Lc  stm32f4xx_hal_tim.o [1]
TxMessage               0x2000a5b4    0x1c  Data  Lc  can.o [1]
UART5_IRQHandler        0x080089cb     0xa  Code  Gb  stm32f4xx_it.o [1]
UART_DMAAbortOnError    0x08004fb9    0x16  Code  Lc  stm32f4xx_hal_uart.o [1]
UART_EndRxTransfer      0x08004f95    0x20  Code  Lc  stm32f4xx_hal_uart.o [1]
UART_EndTransmit_IT     0x0800503f    0x20  Code  Lc  stm32f4xx_hal_uart.o [1]
UART_Receive_IT         0x0800505f    0xa2  Code  Lc  stm32f4xx_hal_uart.o [1]
UART_SetConfig          0x08005101   0x2fc  Code  Lc  stm32f4xx_hal_uart.o [1]
UART_Transmit_IT        0x08004fd1    0x6e  Code  Lc  stm32f4xx_hal_uart.o [1]
UART_WaitOnFlagUntilTimeout
                        0x08004f27    0x6e  Code  Lc  stm32f4xx_hal_uart.o [1]
USART_RX_BUF            0x2000a1c0    0xc8  Data  Gb  usart.o [1]
USART_RX_STA            0x2000a62c     0x2  Data  Gb  usart.o [1]
UsageFault_Handler      0x080089ad     0x2  Code  Gb  stm32f4xx_it.o [1]
_Encoding_8859_1_Mbrlen
                        0x08001271     0x2  Code  Gb  xencoding_8859_1.o [3]
_Encoding_8859_1_Wctomb
                        0x0800125f    0x12  Code  Gb  xencoding_8859_1.o [3]
_Error_Handler          0x08002f95     0x2  Code  Gb  main.o [1]
_GenldFull              0x08000df9   0x274  Code  Lc  xprintffull.o [3]
_LdtobFull              0x080009cd   0x3fe  Code  Lc  xprintffull.o [3]
_LitobFull              0x08000875   0x112  Code  Lc  xprintffull.o [3]
_LocaleC_isalpha        0x0800119f     0xc  Code  Gb  xlocale_c.o [3]
_LocaleC_islower        0x08001199     0x4  Code  Gb  xlocale_c.o [3]
_LocaleC_isspace        0x080011b5    0x14  Code  Gb  xlocale_c.o [3]
_LocaleC_isupper        0x0800119d     0x2  Code  Gb  xlocale_c.o [3]
_LocaleC_tolower        0x080011c9     0xc  Code  Gb  xlocale_c.o [3]
_Locale_lconv           0x20000370    0x38  Data  Lc  xlocale_c.o [3]
_PrintfFull             0x08000189   0x1d6  Code  Gb  xprintffull.o [3]
_PutcharsFull           0x0800106d    0x2e  Code  Lc  xprintffull.o [3]
_PutfldFull             0x080003f1   0x2d0  Code  Lc  xprintffull.o [3]
_PutstrFull             0x080007b7    0xbe  Code  Lc  xprintffull.o [3]
_PuttxtFull             0x080006c1    0xf6  Code  Lc  xprintffull.o [3]
_SNProut                0x080012f3    0x1a  Code  Gb  xsnprout.o [3]
__aeabi_assert          0x080038f5    0x24  Code  Gb  ABIassert.o [6]
__aeabi_cdcmpeq         0x08008169          Code  Gb  DblCmpEq.o [4]
__aeabi_cdcmple         0x0800185d          Code  Gb  DblCmpLe.o [4]
__aeabi_cdrcmple        0x0800188d          Code  Gb  DblCmpGe.o [4]
__aeabi_d2f             0x080060e9          Code  Gb  DblToFlt.o [4]
__aeabi_d2iz            0x080019f9          Code  Gb  DblToS32.o [4]
__aeabi_d2uiz           0x08001d85          Code  Gb  DblToU32.o [4]
__aeabi_dadd            0x08001dd1          Code  Gb  DblAdd.o [4]
__aeabi_ddiv            0x08001b3d          Code  Gb  DblDiv.o [4]
__aeabi_dmul            0x08001649          Code  Gb  DblMul.o [4]
__aeabi_dsub            0x08001a59          Code  Gb  DblSub.o [4]
__aeabi_f2d             0x08004bd9          Code  Gb  FltToDbl.o [4]
__aeabi_i2d             0x08001a35          Code  Gb  S32ToDbl.o [4]
__aeabi_ldiv0           0x08001dcd          Code  Gb  I64DivZer.o [5]
__aeabi_memcpy          0x08001371          Code  Gb  ABImemcpy.o [5]
__aeabi_memcpy4         0x08001391          Code  Gb  ABImemcpy.o [5]
__aeabi_memcpy8         0x08001391          Code  Gb  ABImemcpy.o [5]
__aeabi_memset          0x08005a35          Code  Gb  ABImemset.o [5]
__aeabi_ui2d            0x08001dad          Code  Gb  U32ToDbl.o [4]
__aeabi_uldivmod        0x08001419          Code  Gb  I64DivMod.o [5]
__cmain                 0x08008ae9          Code  Gb  cmain.o [5]
__data_GetMemChunk      0x080062c9    0x2c  Code  Gb  xgetmemchunk.o [3]
__data_GetMemChunk::start
                        0x2000a628     0x4  Data  Lc  xgetmemchunk.o [3]
__exit                  0x08001f49    0x14  Code  Gb  exit.o [6]
__iar_Atan64            0x08007f61   0x170  Code  Gb  iar_Atan64.o [4]
__iar_Exp64             0x08008189   0x3b8  Code  Gb  iar_Exp64.o [4]
__iar_Fail_s            0x0800127d    0x1c  Code  Gb  xfail_s.o [3]
__iar_Mbcurmax          0x08001365     0xa  Code  Gb  xmbcurmax.o [3]
__iar_Memchr            0x0800130d          Code  Gb  memchr.o [5]
__iar_Memset            0x08005a35          Code  Gb  ABImemset.o [5]
__iar_Memset_word       0x08005a3d          Code  Gb  ABImemset.o [5]
__iar_Pow64             0x08006a91   0x654  Code  Lc  pow64.o [4]
__iar_Sin64             0x080075b9   0x3b2  Code  Lc  cos_sin64.o [4]
__iar_Sto64             0x080066c1   0x1a6  Code  Gb  strto64.o [4]
__iar_Stoflt            0x08007b29   0x1c8  Code  Gb  iar_Stoflt.o [3]
__iar_Stopfx            0x08007a05   0x122  Code  Gb  iar_Stopfx.o [3]
__iar_Stoulx            0x0800878d   0x112  Code  Gb  iar_Stoulx.o [3]
__iar_Stoxflt           0x08007cf1   0x1e6  Code  Gb  iar_Stoxflt.o [3]
__iar_Stoxflt::digits   0x08007edc    0x18  Data  Lc  iar_Stoxflt.o [3]
__iar_Stoxflt::vals     0x08007ef4    0x18  Data  Lc  iar_Stoxflt.o [3]
__iar_Strchr            0x08001249          Code  Gb  strchr.o [5]
__iar_atan2_64          0x08006901   0x13c  Code  Gb  atan2_64.o [4]
__iar_cos64             0x080079fd     0x4  Code  Gb  cos_sin64.o [4]
__iar_cos_medium        0x080079fd     0x4  Code  Gb  cos_sin64.o [4]
__iar_cos_medium64      0x080079fd     0x4  Code  Gb  cos_sin64.o [4]
__iar_cos_mediuml       0x080079fd     0x4  Code  Gb  cos_sin64.o [4]
__iar_dadd              0x08001a69          Code  Gb  DblSub.o [4]
__iar_data_init3        0x08008a1d    0x28  Code  Gb  data_init.o [5]
__iar_dsub              0x08001de1          Code  Gb  DblAdd.o [4]
__iar_dsubStart         0x08001df3          Code  Gb  DblAdd.o [4]
__iar_frexp             0x080017f9          Code  Gb  frexp.o [4]
__iar_frexpl            0x080017f9          Code  Gb  frexp.o [4]
__iar_globLocale        0x200003a8    0x48  Data  Lc  xlocale_c.o [3]
__iar_global_Locale     0x080011d5     0x4  Code  Gb  xlocale_c.o [3]
__iar_init_vfp          0x08008a45          Code  Gb  fpinit_M.o [4]
__iar_ldexp64           0x080018bd          Code  Gb  ldexp.o [4]
__iar_lz77_init_single3
                        0x0800111f    0x7a  Code  Gb  lz77_init_single.o [5]
__iar_pow64             0x08007185    0x14  Code  Gb  pow64.o [4]
__iar_pow_medium        0x08007185    0x14  Code  Gb  pow64.o [4]
__iar_pow_medium64      0x08007185    0x14  Code  Gb  pow64.o [4]
__iar_pow_mediuml       0x08007185    0x14  Code  Gb  pow64.o [4]
__iar_program_start     0x08008c39          Code  Gb  cstartup_M.o [5]
__iar_scalbln64         0x080018bd          Code  Gb  ldexp.o [4]
__iar_scalbn64          0x080018bd          Code  Gb  ldexp.o [4]
__iar_sin64             0x08007a01     0x4  Code  Gb  cos_sin64.o [4]
__iar_sin_medium        0x08007a01     0x4  Code  Gb  cos_sin64.o [4]
__iar_sin_medium64      0x08007a01     0x4  Code  Gb  cos_sin64.o [4]
__iar_sin_mediuml       0x08007a01     0x4  Code  Gb  cos_sin64.o [4]
__iar_softfp___iar_frexp64
                        0x080017ed          Code  Gb  frexp.o [4]
__iar_softfp_frexp      0x080017ed          Code  Gb  frexp.o [4]
__iar_softfp_frexpl     0x080017ed          Code  Gb  frexp.o [4]
__iar_sqrt64            0x080061a9          Code  Gb  sqrt.o [4]
__iar_systems$$module {Abs}
                        0x00000001          Data  Gb  command line/config [2]
__iar_vfp___iar_sqrt64  0x08006199          Code  Gb  sqrt.o [4]
__iar_vfp_atan2         0x0800615f    0x10  Code  Gb  math_wrappers64.o [4]
__iar_vfp_atof          0x08006157     0x8  Code  Gb  math_wrappers64.o [4]
__iar_vfp_cos           0x0800617f     0xc  Code  Gb  math_wrappers64.o [4]
__iar_vfp_pow           0x0800616f    0x10  Code  Gb  math_wrappers64.o [4]
__iar_vfp_sin           0x0800618b     0xc  Code  Gb  math_wrappers64.o [4]
__iar_vfp_sqrt          0x08006199          Code  Gb  sqrt.o [4]
__iar_vfp_sqrtl         0x08006199          Code  Gb  sqrt.o [4]
__iar_zero_init3        0x08008965    0x40  Code  Gb  zero_init3.o [5]
__low_level_init        0x08008b07     0x4  Code  Gb  low_level_init.o [3]
__no_free_malloc        0x080059a5    0x40  Code  Gb  no_free_heap0.o [3]
__vector_table          0x08000000          Data  Gb  startup_stm32f407xx.o [1]
_call_main              0x08008af5          Code  Gb  cmain.o [5]
_exit                   0x08008b11          Code  Gb  cexit.o [5]
_gLocale_mblen          0x08001235     0x4  Code  Gb  xlocale_c.o [3]
_gLocale_mblenInt       0x080011fd    0x34  Code  Gb  xlocale_c.o [3]
_gLocale_wctomb         0x08001239     0x4  Code  Gb  xlocale_c.o [3]
_gLocale_wctombInt      0x08001231     0x4  Code  Gb  xlocale_c.o [3]
_main                   0x08008b03          Code  Gb  cmain.o [5]
a                       0x08008128    0x40  Data  Lc  iar_Atan64.o [4]
aRxBuffer               0x2000a62e     0x1  Data  Gb  usart.o [1]
abort                   0x08001dc7     0x6  Code  Gb  abort.o [3]
atan2                   0x08006901   0x13c  Code  Gb  atan2_64.o [4]
atan2l                  0x08006901   0x13c  Code  Gb  atan2_64.o [4]
atof                    0x080068ad     0x8  Code  Gb  strto64.o [4]
atoi                    0x080088a5     0x2  Code  Gb  iar_Stoulx.o [3]
canList                 0x2000a030   0x190  Data  Gb  can.o [1]
can_add_callback        0x08002cb5    0x56  Code  Gb  can.o [1]
can_init                0x08002be3    0x3e  Code  Gb  can.o [1]
can_send_msg            0x08002c69    0x4c  Code  Gb  can.o [1]
canlistnum              0x2000a5e0     0x4  Data  Lc  can.o [1]
chassis                 0x2000a2f0    0x4c  Data  Gb  chassis.o [1]
chassis_PID_Angle_Control
                        0x08003ed1    0x54  Code  Gb  chassis.o [1]
chassis_PID_Angle_Control::angle_last_err
                        0x2000a600     0x4  Data  Lc  chassis.o [1]
chassis_angle_subtract  0x08003e5d    0x74  Code  Gb  chassis.o [1]
chassis_calculate_dis_matrix
                        0x080040b1   0x18a  Code  Gb  chassis.o [1]
chassis_calculate_speed
                        0x08004249   0x178  Code  Gb  chassis.o [1]
chassis_dis_to_bgn      0x200003f0  0x1f40  Data  Gb  chassis.o [1]
chassis_dis_to_end      0x20002330  0x1f40  Data  Gb  chassis.o [1]
chassis_exe             0x080043d1   0x1a6  Code  Gb  chassis.o [1]
chassis_flag            0x2000a608     0x4  Data  Gb  main.o [1]
chassis_go_route        0x0800408d    0x16  Code  Gb  chassis.o [1]
chassis_gostraight      0x08003f25   0x168  Code  Gb  chassis.o [1]
chassis_init            0x08003d79    0x56  Code  Gb  chassis.o [1]
chassis_poscnt          0x2000a5e8     0x4  Data  Lc  chassis.o [1]
chassis_posnum          0x2000036c     0x4  Data  Gb  track.o [1]
chassis_speed_max       0x20000000     0x8  Data  Gb  track.o [1]
chassis_turn            0x200080f0  0x1f40  Data  Gb  track.o [1]
chassis_turn_angle_KD   0x2000a5f0     0x4  Data  Gb  chassis.o [1]
chassis_turn_angle_KP   0x20000010     0x4  Data  Gb  chassis.o [1]
chassis_update          0x08003dd1    0x8c  Code  Gb  chassis.o [1]
chassis_xpos            0x20004270  0x1f40  Data  Gb  track.o [1]
chassis_ypos            0x200061b0  0x1f40  Data  Gb  track.o [1]
cmd_angle_pid           0x08008711    0x2c  Code  Gb  cmd_func.o [1]
cmd_argv                0x2000a538    0x30  Data  Gb  cmd.o [1]
cmd_chassis_acc         0x08008789     0x2  Code  Gb  cmd_func.o [1]
cmd_exec                0x08003cbd    0x68  Code  Gb  cmd.o [1]
cmd_go_route_func       0x0800865f    0x4a  Code  Gb  cmd_func.o [1]
cmd_go_straight_func    0x08008629    0x36  Code  Gb  cmd_func.o [1]
cmd_hello_func          0x080085c9     0xe  Code  Gb  cmd_func.o [1]
cmd_help_func           0x08003d25    0x3e  Code  Gb  cmd.o [1]
cmd_init                0x08003c19    0x1a  Code  Gb  cmd.o [1]
cmd_modify_angle        0x080086b5    0x5c  Code  Gb  cmd_func.o [1]
cmd_parse               0x08003c33    0x8a  Code  Gb  cmd.o [1]
cmd_reset_vega          0x080086a9     0xc  Code  Gb  cmd_func.o [1]
cmd_set_speed_func      0x080085d7    0x32  Code  Gb  cmd_func.o [1]
cmd_stop_func           0x08008609    0x20  Code  Gb  cmd_func.o [1]
cmd_tbl                 0x20000014   0x348  Data  Lc  cmd.o [1]
cos                     0x080079fd     0x4  Code  Gb  cos_sin64.o [4]
cosl                    0x080079fd     0x4  Code  Gb  cos_sin64.o [4]
ddiv                    0x08006435    0xd0  Code  Lc  strto64.o [4]
digits                  0x080088b0    0x28  Data  Lc  iar_Stoulx.o [3]
dmul                    0x08006361    0xd2  Code  Lc  strto64.o [4]
exit                    0x08008b0b     0x4  Code  Gb  exit.o [3]
flag                    0x2000a604     0x4  Data  Gb  main.o [1]
g_fangle                0x2000a5f8     0x4  Data  Gb  chassis.o [1]
g_fturn                 0x2000a5fc     0x4  Data  Gb  chassis.o [1]
g_ispeed                0x2000a5f4     0x4  Data  Gb  chassis.o [1]
g_vega_angle            0x2000a61c     0x4  Data  Lc  vega.o [1]
g_vega_pos_x            0x2000a614     0x4  Data  Lc  vega.o [1]
g_vega_pos_y            0x2000a618     0x4  Data  Lc  vega.o [1]
hcan1                   0x2000a33c    0x44  Data  Gb  can.o [1]
htim1                   0x2000a4c0    0x3c  Data  Gb  tim.o [1]
htim2                   0x2000a4fc    0x3c  Data  Gb  tim.o [1]
huart1                  0x2000a400    0x40  Data  Gb  usart.o [1]
huart2                  0x2000a440    0x40  Data  Gb  usart.o [1]
huart3                  0x2000a480    0x40  Data  Gb  usart.o [1]
huart4                  0x2000a380    0x40  Data  Gb  usart.o [1]
huart5                  0x2000a3c0    0x40  Data  Gb  usart.o [1]
isalpha                 0x080085b5    0x14  Code  Gb  isalpha.o [3]
isspace                 0x080085a1    0x14  Code  Gb  isspace.o [3]
ldexp                   0x080018bd          Code  Gb  ldexp.o [4]
ldexpl                  0x080018bd          Code  Gb  ldexp.o [4]
lnbias                  0x08007198   0x420  Data  Lc  pow64.o [4]
localeconv              0x0800123d     0x4  Code  Gb  xlocale_c.o [3]
main                    0x08002dd1    0x5e  Code  Gb  main.o [1]
maxon_setSpeed          0x08006095    0x4e  Code  Gb  maxon.o [1]
memchr                  0x0800130d          Code  Gb  memchr.o [5]
ndigs                   0x080088d8    0x28  Data  Lc  iar_Stoulx.o [3]
param_a                 0x2000a5d0     0x8  Data  Gb  chassis.o [1]
param_b                 0x2000a5d8     0x8  Data  Gb  chassis.o [1]
pow                     0x08007185    0x14  Code  Gb  pow64.o [4]
powl                    0x08007185    0x14  Code  Gb  pow64.o [4]
pows                    0x080068b8    0x48  Data  Lc  strto64.o [4]
qs                      0x2000a624     0x4  Data  Lc  no_free_heap0.o [3]
routeflag               0x2000a5ec     0x4  Data  Lc  chassis.o [1]
sFilterConfig           0x2000a568    0x28  Data  Gb  can.o [1]
scalbln                 0x080018bd          Code  Gb  ldexp.o [4]
scalblnl                0x080018bd          Code  Gb  ldexp.o [4]
scalbn                  0x080018bd          Code  Gb  ldexp.o [4]
scalbnl                 0x080018bd          Code  Gb  ldexp.o [4]
scale                   0x08000987    0x46  Code  Lc  xprintffull.o [3]
sec_hand                0x2000a620     0x4  Data  Lc  xfail_s.o [3]
sendToSetSpeed          0x2000035c     0xc  Data  Gb  maxon.o [1]
sin                     0x08007a01     0x4  Code  Gb  cos_sin64.o [4]
sinl                    0x08007a01     0x4  Code  Gb  cos_sin64.o [4]
sqrt                    0x080061a9          Code  Gb  sqrt.o [4]
sqrtl                   0x080061a9          Code  Gb  sqrt.o [4]
strchr                  0x08001249          Code  Gb  strchr.o [5]
strcmp                  0x080059e9          Code  Gb  strcmp.o [5]
strlen                  0x080012bd          Code  Gb  strlen.o [5]
tolower                 0x08008901    0x14  Code  Gb  tolower.o [3]
track_goarc             0x08005bb9   0x206  Code  Gb  track.o [1]
track_goline            0x08005a9d   0x11c  Code  Gb  track.o [1]
track_init              0x08005dc1    0xd8  Code  Gb  track.o [1]
uart_buffer             0x2000a288    0x68  Data  Gb  usart.o [1]
uprintf                 0x0800370f    0x2e  Code  Gb  usart.o [1]
usart_exc               0x080037d3    0xbc  Code  Gb  usart.o [1]
uwTick                  0x2000a610     0x4  Data  Gb  stm32f4xx_hal.o [1]
vega_init               0x08005f1d    0x3e  Code  Gb  vega.o [1]
vega_msg_rcv_callback   0x08005f5b    0x98  Code  Gb  vega.o [1]
vega_reset              0x0800605b    0x1a  Code  Gb  vega.o [1]
vega_set_pos            0x0800600d    0x4e  Code  Gb  vega.o [1]
vsnprintf               0x08005409    0x3c  Code  Gb  vsnprint.o [3]


[1] = C:\Users\wangyunxuan\Desktop\Robocon\chassis\chassis11_18Ô²»·¹ì¼£\EWARM\chassis\Obj
[2] = command line
[3] = dl7M_tlf.a
[4] = m7M_tls.a
[5] = rt7M_tl.a
[6] = shb_l.a

  35 528 bytes of readonly  code memory
   1 094 bytes of readonly  data memory
  44 079 bytes of readwrite data memory

Errors: none
Warnings: none
