###############################################################################
#
# IAR ELF Linker V8.22.1.15669/W32 for ARM                31/Dec/2018  10:20:15
# Copyright 2007-2018 IAR Systems AB.
#
#    Output file  =  
#        C:\Users\wangyunxuan\Desktop\Robocon\chassis\chassis_12_27\EWARM\chassis\Exe\chassis.out
#    Map file     =  
#        C:\Users\wangyunxuan\Desktop\Robocon\chassis\chassis_12_27\EWARM\chassis\List\chassis.map
#    Command line =  
#        -f C:\Users\WANGYU~1\AppData\Local\Temp\EW5F97.tmp
#        (C:\Users\wangyunxuan\Desktop\Robocon\chassis\chassis_12_27\EWARM\chassis\Obj\bezier.o
#        C:\Users\wangyunxuan\Desktop\Robocon\chassis\chassis_12_27\EWARM\chassis\Obj\can.o
#        C:\Users\wangyunxuan\Desktop\Robocon\chassis\chassis_12_27\EWARM\chassis\Obj\chassis.o
#        C:\Users\wangyunxuan\Desktop\Robocon\chassis\chassis_12_27\EWARM\chassis\Obj\cmd.o
#        C:\Users\wangyunxuan\Desktop\Robocon\chassis\chassis_12_27\EWARM\chassis\Obj\cmd_func.o
#        C:\Users\wangyunxuan\Desktop\Robocon\chassis\chassis_12_27\EWARM\chassis\Obj\distance.o
#        C:\Users\wangyunxuan\Desktop\Robocon\chassis\chassis_12_27\EWARM\chassis\Obj\dma.o
#        C:\Users\wangyunxuan\Desktop\Robocon\chassis\chassis_12_27\EWARM\chassis\Obj\gpio.o
#        C:\Users\wangyunxuan\Desktop\Robocon\chassis\chassis_12_27\EWARM\chassis\Obj\main.o
#        C:\Users\wangyunxuan\Desktop\Robocon\chassis\chassis_12_27\EWARM\chassis\Obj\maxon.o
#        C:\Users\wangyunxuan\Desktop\Robocon\chassis\chassis_12_27\EWARM\chassis\Obj\startup_stm32f407xx.o
#        C:\Users\wangyunxuan\Desktop\Robocon\chassis\chassis_12_27\EWARM\chassis\Obj\stm32f4xx_hal.o
#        C:\Users\wangyunxuan\Desktop\Robocon\chassis\chassis_12_27\EWARM\chassis\Obj\stm32f4xx_hal_can.o
#        C:\Users\wangyunxuan\Desktop\Robocon\chassis\chassis_12_27\EWARM\chassis\Obj\stm32f4xx_hal_cortex.o
#        C:\Users\wangyunxuan\Desktop\Robocon\chassis\chassis_12_27\EWARM\chassis\Obj\stm32f4xx_hal_dma.o
#        C:\Users\wangyunxuan\Desktop\Robocon\chassis\chassis_12_27\EWARM\chassis\Obj\stm32f4xx_hal_dma_ex.o
#        C:\Users\wangyunxuan\Desktop\Robocon\chassis\chassis_12_27\EWARM\chassis\Obj\stm32f4xx_hal_flash.o
#        C:\Users\wangyunxuan\Desktop\Robocon\chassis\chassis_12_27\EWARM\chassis\Obj\stm32f4xx_hal_flash_ex.o
#        C:\Users\wangyunxuan\Desktop\Robocon\chassis\chassis_12_27\EWARM\chassis\Obj\stm32f4xx_hal_flash_ramfunc.o
#        C:\Users\wangyunxuan\Desktop\Robocon\chassis\chassis_12_27\EWARM\chassis\Obj\stm32f4xx_hal_gpio.o
#        C:\Users\wangyunxuan\Desktop\Robocon\chassis\chassis_12_27\EWARM\chassis\Obj\stm32f4xx_hal_msp.o
#        C:\Users\wangyunxuan\Desktop\Robocon\chassis\chassis_12_27\EWARM\chassis\Obj\stm32f4xx_hal_pwr.o
#        C:\Users\wangyunxuan\Desktop\Robocon\chassis\chassis_12_27\EWARM\chassis\Obj\stm32f4xx_hal_pwr_ex.o
#        C:\Users\wangyunxuan\Desktop\Robocon\chassis\chassis_12_27\EWARM\chassis\Obj\stm32f4xx_hal_rcc.o
#        C:\Users\wangyunxuan\Desktop\Robocon\chassis\chassis_12_27\EWARM\chassis\Obj\stm32f4xx_hal_rcc_ex.o
#        C:\Users\wangyunxuan\Desktop\Robocon\chassis\chassis_12_27\EWARM\chassis\Obj\stm32f4xx_hal_tim.o
#        C:\Users\wangyunxuan\Desktop\Robocon\chassis\chassis_12_27\EWARM\chassis\Obj\stm32f4xx_hal_tim_ex.o
#        C:\Users\wangyunxuan\Desktop\Robocon\chassis\chassis_12_27\EWARM\chassis\Obj\stm32f4xx_hal_uart.o
#        C:\Users\wangyunxuan\Desktop\Robocon\chassis\chassis_12_27\EWARM\chassis\Obj\stm32f4xx_it.o
#        C:\Users\wangyunxuan\Desktop\Robocon\chassis\chassis_12_27\EWARM\chassis\Obj\system_stm32f4xx.o
#        C:\Users\wangyunxuan\Desktop\Robocon\chassis\chassis_12_27\EWARM\chassis\Obj\tim.o
#        C:\Users\wangyunxuan\Desktop\Robocon\chassis\chassis_12_27\EWARM\chassis\Obj\track.o
#        C:\Users\wangyunxuan\Desktop\Robocon\chassis\chassis_12_27\EWARM\chassis\Obj\usart.o
#        C:\Users\wangyunxuan\Desktop\Robocon\chassis\chassis_12_27\EWARM\chassis\Obj\vavle.o
#        C:\Users\wangyunxuan\Desktop\Robocon\chassis\chassis_12_27\EWARM\chassis\Obj\vega_action.o
#        --redirect _Printf=_PrintfFull --redirect _Scanf=_ScanfFull -o
#        C:\Users\wangyunxuan\Desktop\Robocon\chassis\chassis_12_27\EWARM\chassis\Exe\chassis.out
#        --map
#        C:\Users\wangyunxuan\Desktop\Robocon\chassis\chassis_12_27\EWARM\chassis\List\chassis.map
#        --config
#        C:\Users\wangyunxuan\Desktop\Robocon\chassis\chassis_12_27\EWARM/stm32f407xx_flash.icf
#        --semihosting --entry __iar_program_start --vfe --text_out locale)
#
###############################################################################

*******************************************************************************
*** RUNTIME MODEL ATTRIBUTES
***

CppFlavor       = *
__Heap_Handler  = NoFree
__SystemLibrary = DLib
__dlib_version  = 6


*******************************************************************************
*** HEAP SELECTION
***

The no free heap was selected because no calls to memory
deallocation functions were found in the application.


*******************************************************************************
*** PLACEMENT SUMMARY
***

"A0":  place at 0x08000000 { ro section .intvec };
"P1":  place in [from 0x08000000 to 0x080fffff] { ro };
define block CSTACK with size = 2K, alignment = 8 { };
define block HEAP with size = 1K, alignment = 8 { };
"P2":  place in [from 0x20000000 to 0x2001ffff] {
          rw, block CSTACK, block HEAP };
initialize by copy { rw };

  Section            Kind        Address    Size  Object
  -------            ----        -------    ----  ------
"A0":                                      0x188
  .intvec            ro code  0x08000000   0x188  startup_stm32f407xx.o [1]
                            - 0x08000188   0x188

"P1":                                     0xa2a3
  .text              ro code  0x08000188   0xf96  xprintffull.o [3]
  .text              ro code  0x0800111e    0x7a  lz77_init_single.o [5]
  .text              ro code  0x08001198    0xb0  xlocale_c.o [3]
  .text              ro code  0x08001248    0x16  strchr.o [5]
  .text              ro code  0x0800125e    0x1e  xencoding_8859_1.o [3]
  .text              ro code  0x0800127c    0x40  xfail_s.o [3]
  .text              ro code  0x080012bc    0x36  strlen.o [5]
  .text              ro code  0x080012f2    0x1a  xsnprout.o [3]
  .text              ro code  0x0800130c    0x58  memchr.o [5]
  .text              ro code  0x08001364     0xa  xmbcurmax.o [3]
  .text              ro code  0x08001370    0xa6  ABImemcpy.o [5]
  .text              ro code  0x08001418   0x22e  I64DivMod.o [5]
  .text              ro code  0x08001648   0x1a2  DblMul.o [4]
  .text              ro code  0x080017ec    0x70  frexp.o [4]
  .text              ro code  0x0800185c    0x2e  DblCmpLe.o [4]
  .text              ro code  0x0800188c    0x2e  DblCmpGe.o [4]
  .text              ro code  0x080018bc   0x13a  ldexp.o [4]
  .text              ro code  0x080019f8    0x3a  DblToS32.o [4]
  .text              ro code  0x08001a34    0x22  S32ToDbl.o [4]
  .text              ro code  0x08001a58    0xe2  DblSub.o [4]
  .text              ro code  0x08001b3c   0x246  DblDiv.o [4]
  .text              ro code  0x08001d84    0x28  DblToU32.o [4]
  .text              ro code  0x08001dac    0x1a  U32ToDbl.o [4]
  .text              ro code  0x08001dc6     0x6  abort.o [3]
  .text              ro code  0x08001dcc     0x2  I64DivZer.o [5]
  .text              ro code  0x08001dd0   0x178  DblAdd.o [4]
  .text              ro code  0x08001f48    0x14  exit.o [6]
  .text              ro code  0x08001f5c   0xcd4  chassis.o [1]
  .text              ro code  0x08002c30   0x2c8  can.o [1]
  .text              ro code  0x08002ef8     0x8  track.o [1]
  .text              ro code  0x08002f00    0x24  vega_action.o [1]
  .text              ro code  0x08002f24    0x54  maxon.o [1]
  .text              ro code  0x08002f78   0x9b8  usart.o [1]
  .text              ro code  0x08003930    0x48  FltToDbl.o [4]
  .text              ro code  0x08003978    0x68  DblToFlt.o [4]
  .text              ro code  0x080039e0    0x3a  math_wrappers64.o [4]
  .text              ro code  0x08003a1c   0x102  sqrt.o [4]
  .text              ro code  0x08003b20    0xf4  vavle.o [1]
  .text              ro code  0x08003c14     0x8  abs.o [3]
  .text              ro code  0x08003c1c   0xbc6  stm32f4xx_hal_can.o [1]
  .text              ro code  0x080047e4   0x1b0  main.o [1]
  .text              ro code  0x08004994   0x254  stm32f4xx_hal_gpio.o [1]
  .text              ro code  0x08004be8   0x174  stm32f4xx_hal_cortex.o [1]
  .text              ro code  0x08004d5c    0x24  ABIassert.o [6]
  .text              ro code  0x08004d80   0x480  bezier.o [1]
  .text              ro code  0x08005200    0x1e  stm32f4xx_hal.o [1]
  .text              ro code  0x08005220   0x7e8  stm32f4xx_hal_uart.o [1]
  .text              ro code  0x08005a08   0x3ec  stm32f4xx_hal_dma.o [1]
  .text              ro code  0x08005df4    0x3c  vsnprint.o [3]
  .text              ro code  0x08005e30   0x168  cmd.o [1]
  .text              ro code  0x08005f98   0x5a0  strto64.o [4]
  .text              ro code  0x08006538   0x13c  atan2_64.o [4]
  .text              ro code  0x08006674    0x6c  system_stm32f4xx.o [1]
  .text              ro code  0x080066e0   0xb28  pow64.o [4]
  .text              ro code  0x08007208   0x448  cos_sin64.o [4]
  .text              ro code  0x08007650     0xc  stm32f4xx_hal.o [1]
  .text              ro code  0x0800765c     0x2  stm32f4xx_hal_can.o [1]
  .text              ro code  0x08007660    0x40  stm32f4xx_hal.o [1]
  .text              ro code  0x080076a0    0xb4  gpio.o [1]
  .text              ro code  0x08007754    0x90  dma.o [1]
  .text              ro code  0x080077e4   0x20c  tim.o [1]
  .text              ro code  0x080079f0   0x390  stm32f4xx_hal_rcc.o [1]
  .text              ro code  0x08007d80   0x228  stm32f4xx_hal_rcc.o [1]
  .text              ro code  0x08007fa8     0x2  stm32f4xx_hal_uart.o [1]
  .text              ro code  0x08007fac    0x44  no_free_heap0.o [3]
  .text              ro code  0x08007ff0    0x4a  strcmp.o [5]
  .text              ro code  0x0800803c    0x66  ABImemset.o [5]
  .text              ro code  0x080080a2   0x122  iar_Stopfx.o [3]
  .text              ro code  0x080081c4   0x1c8  iar_Stoflt.o [3]
  .text              ro code  0x0800838c   0x21c  iar_Stoxflt.o [3]
  .text              ro code  0x080085a8   0x208  iar_Atan64.o [4]
  .text              ro code  0x080087b0    0x20  DblCmpEq.o [4]
  .text              ro code  0x080087d0   0x418  iar_Exp64.o [4]
  .text              ro code  0x08008be8    0x28  stm32f4xx_hal.o [1]
  .text              ro code  0x08008c10    0x5e  stm32f4xx_hal_msp.o [1]
  .text              ro code  0x08008c70   0x418  stm32f4xx_hal_tim.o [1]
  .text              ro code  0x08009088    0xbe  stm32f4xx_hal_tim_ex.o [1]
  .text              ro code  0x08009148    0x2c  xgetmemchunk.o [3]
  .text              ro code  0x08009174    0x14  isspace.o [3]
  .text              ro code  0x08009188    0x14  isalpha.o [3]
  .text              ro code  0x0800919c   0x4b6  cmd_func.o [1]
  .text              ro code  0x08009654   0x174  iar_Stoulx.o [3]
  .text              ro code  0x080097c8   0x3ac  distance.o [1]
  .text              ro code  0x08009b74    0x14  tolower.o [3]
  .text              ro code  0x08009b88    0x9c  stm32f4xx_it.o [1]
  .text              ro code  0x08009c24    0x10  stm32f4xx_hal.o [1]
  .rodata            const    0x08009c34    0x48  bezier.o [1]
  .rodata            const    0x08009c7c    0x48  can.o [1]
  .rodata            const    0x08009cc4    0x48  main.o [1]
  .rodata            const    0x08009d0c    0x48  usart.o [1]
  .rodata            const    0x08009d54    0x40  tim.o [1]
  .text              ro code  0x08009d94    0x40  zero_init3.o [5]
  .rodata            const    0x08009dd4    0x3c  stm32f4xx_it.o [1]
  .rodata            const    0x08009e10    0x2c  cmd_func.o [1]
  .rodata            const    0x08009e3c    0x2c  main.o [1]
  .text              ro code  0x08009e68    0x28  data_init.o [5]
  .rodata            const    0x08009e90    0x24  cmd_func.o [1]
  .rodata            const    0x08009eb4    0x24  cmd_func.o [1]
  .text              ro code  0x08009ed8    0x22  fpinit_M.o [4]
  .iar.init_table    const    0x08009efc    0x20  - Linker created -
  .rodata            const    0x08009f1c    0x20  chassis.o [1]
  .rodata            const    0x08009f3c    0x20  cmd_func.o [1]
  .rodata            const    0x08009f5c    0x20  cmd_func.o [1]
  .text              ro code  0x08009f7c    0x1e  cmain.o [5]
  .text              ro code  0x08009f9a     0x4  low_level_init.o [3]
  .text              ro code  0x08009f9e     0x4  exit.o [3]
  .text              ro code  0x08009fa4     0xa  cexit.o [5]
  .rodata            const    0x08009fb0    0x1c  cmd.o [1]
  .rodata            const    0x08009fcc    0x18  chassis.o [1]
  .rodata            const    0x08009fe4    0x14  chassis.o [1]
  .rodata            const    0x08009ff8    0x14  cmd.o [1]
  .rodata            const    0x0800a00c    0x14  cmd_func.o [1]
  .rodata            const    0x0800a020    0x14  usart.o [1]
  .rodata            const    0x0800a034    0x10  can.o [1]
  .rodata            const    0x0800a044    0x10  system_stm32f4xx.o [1]
  .rodata            const    0x0800a054    0x10  usart.o [1]
  .rodata            const    0x0800a064    0x10  usart.o [1]
  .text              ro code  0x0800a074    0x10  startup_stm32f407xx.o [1]
  .rodata            const    0x0800a084     0xc  cmd_func.o [1]
  .rodata            const    0x0800a090     0xc  main.o [1]
  .text              ro code  0x0800a09c     0xc  cstartup_M.o [5]
  .rodata            const    0x0800a0a8     0x8  bezier.o [1]
  .rodata            const    0x0800a0b0     0x8  can.o [1]
  .rodata            const    0x0800a0b8     0x8  cmd_func.o [1]
  .rodata            const    0x0800a0c0     0x8  cmd_func.o [1]
  .rodata            const    0x0800a0c8     0x8  stm32f4xx_hal_dma.o [1]
  .rodata            const    0x0800a0d0     0x8  system_stm32f4xx.o [1]
  .rodata            const    0x0800a0d8     0x8  vavle.o [1]
  .rodata            const    0x0800a0e0     0x8  vavle.o [1]
  .rodata            const    0x0800a0e8     0x8  vavle.o [1]
  .rodata            const    0x0800a0f0     0x8  vavle.o [1]
  .rodata            const    0x0800a0f8     0x8  vavle.o [1]
  .rodata            const    0x0800a100     0x8  vavle.o [1]
  .rodata            const    0x0800a108     0x8  vega_action.o [1]
  .rodata            const    0x0800a110     0x6  xlocale_c.o [3]
  .text              ro code  0x0800a116     0x4  startup_stm32f407xx.o [1]
  .text              ro code  0x0800a11a     0x4  startup_stm32f407xx.o [1]
  .text              ro code  0x0800a11e     0x4  startup_stm32f407xx.o [1]
  .text              ro code  0x0800a122     0x4  startup_stm32f407xx.o [1]
  .text              ro code  0x0800a126     0x4  startup_stm32f407xx.o [1]
  .text              ro code  0x0800a12a     0x4  startup_stm32f407xx.o [1]
  .text              ro code  0x0800a12e     0x4  startup_stm32f407xx.o [1]
  .text              ro code  0x0800a132     0x4  startup_stm32f407xx.o [1]
  .text              ro code  0x0800a136     0x4  startup_stm32f407xx.o [1]
  .text              ro code  0x0800a13a     0x4  startup_stm32f407xx.o [1]
  .text              ro code  0x0800a13e     0x4  startup_stm32f407xx.o [1]
  .text              ro code  0x0800a142     0x4  startup_stm32f407xx.o [1]
  .text              ro code  0x0800a146     0x4  startup_stm32f407xx.o [1]
  .text              ro code  0x0800a14a     0x4  startup_stm32f407xx.o [1]
  .text              ro code  0x0800a14e     0x4  startup_stm32f407xx.o [1]
  .text              ro code  0x0800a152     0x4  startup_stm32f407xx.o [1]
  .text              ro code  0x0800a156     0x4  startup_stm32f407xx.o [1]
  .text              ro code  0x0800a15a     0x4  startup_stm32f407xx.o [1]
  .text              ro code  0x0800a15e     0x4  startup_stm32f407xx.o [1]
  .text              ro code  0x0800a162     0x4  startup_stm32f407xx.o [1]
  .text              ro code  0x0800a166     0x4  startup_stm32f407xx.o [1]
  .text              ro code  0x0800a16a     0x4  startup_stm32f407xx.o [1]
  .text              ro code  0x0800a16e     0x4  startup_stm32f407xx.o [1]
  .text              ro code  0x0800a172     0x4  startup_stm32f407xx.o [1]
  .text              ro code  0x0800a176     0x4  startup_stm32f407xx.o [1]
  .text              ro code  0x0800a17a     0x4  startup_stm32f407xx.o [1]
  .text              ro code  0x0800a17e     0x4  startup_stm32f407xx.o [1]
  .text              ro code  0x0800a182     0x4  startup_stm32f407xx.o [1]
  .text              ro code  0x0800a186     0x4  startup_stm32f407xx.o [1]
  .text              ro code  0x0800a18a     0x4  startup_stm32f407xx.o [1]
  .text              ro code  0x0800a18e     0x4  startup_stm32f407xx.o [1]
  .text              ro code  0x0800a192     0x4  startup_stm32f407xx.o [1]
  .text              ro code  0x0800a196     0x4  startup_stm32f407xx.o [1]
  .text              ro code  0x0800a19a     0x4  startup_stm32f407xx.o [1]
  .text              ro code  0x0800a19e     0x4  startup_stm32f407xx.o [1]
  .text              ro code  0x0800a1a2     0x4  startup_stm32f407xx.o [1]
  .text              ro code  0x0800a1a6     0x4  startup_stm32f407xx.o [1]
  .text              ro code  0x0800a1aa     0x4  startup_stm32f407xx.o [1]
  .text              ro code  0x0800a1ae     0x4  startup_stm32f407xx.o [1]
  .text              ro code  0x0800a1b2     0x4  startup_stm32f407xx.o [1]
  .text              ro code  0x0800a1b6     0x4  startup_stm32f407xx.o [1]
  .text              ro code  0x0800a1ba     0x4  startup_stm32f407xx.o [1]
  .text              ro code  0x0800a1be     0x4  startup_stm32f407xx.o [1]
  .text              ro code  0x0800a1c2     0x4  startup_stm32f407xx.o [1]
  .text              ro code  0x0800a1c6     0x4  startup_stm32f407xx.o [1]
  .text              ro code  0x0800a1ca     0x4  startup_stm32f407xx.o [1]
  .text              ro code  0x0800a1ce     0x4  startup_stm32f407xx.o [1]
  .text              ro code  0x0800a1d2     0x4  startup_stm32f407xx.o [1]
  .text              ro code  0x0800a1d6     0x4  startup_stm32f407xx.o [1]
  .text              ro code  0x0800a1da     0x4  startup_stm32f407xx.o [1]
  .text              ro code  0x0800a1de     0x4  startup_stm32f407xx.o [1]
  .text              ro code  0x0800a1e2     0x4  startup_stm32f407xx.o [1]
  .text              ro code  0x0800a1e6     0x4  startup_stm32f407xx.o [1]
  .text              ro code  0x0800a1ea     0x4  startup_stm32f407xx.o [1]
  .text              ro code  0x0800a1ee     0x4  startup_stm32f407xx.o [1]
  .text              ro code  0x0800a1f2     0x4  startup_stm32f407xx.o [1]
  .text              ro code  0x0800a1f6     0x4  startup_stm32f407xx.o [1]
  .text              ro code  0x0800a1fa     0x4  startup_stm32f407xx.o [1]
  .text              ro code  0x0800a1fe     0x4  startup_stm32f407xx.o [1]
  .text              ro code  0x0800a202     0x4  startup_stm32f407xx.o [1]
  .text              ro code  0x0800a206     0x4  startup_stm32f407xx.o [1]
  .text              ro code  0x0800a20a     0x4  startup_stm32f407xx.o [1]
  .text              ro code  0x0800a20e     0x4  startup_stm32f407xx.o [1]
  .text              ro code  0x0800a212     0x4  startup_stm32f407xx.o [1]
  .text              ro code  0x0800a216     0x4  startup_stm32f407xx.o [1]
  .text              ro code  0x0800a21a     0x4  startup_stm32f407xx.o [1]
  .text              ro code  0x0800a21e     0x4  startup_stm32f407xx.o [1]
  .text              ro code  0x0800a222     0x4  startup_stm32f407xx.o [1]
  .text              ro code  0x0800a226     0x4  startup_stm32f407xx.o [1]
  .text              ro code  0x0800a22a     0x4  startup_stm32f407xx.o [1]
  .text              ro code  0x0800a22e     0x4  startup_stm32f407xx.o [1]
  .text              ro code  0x0800a232     0x4  startup_stm32f407xx.o [1]
  .text              ro code  0x0800a236     0x4  startup_stm32f407xx.o [1]
  .rodata            const    0x0800a23a     0x0  zero_init3.o [5]
  .rodata            const    0x0800a23a     0x0  lz77_init_single.o [5]
  Initializer bytes  const    0x0800a23a   0x1f1  <for P2-1>
                            - 0x0800a42b  0xa2a3

"P2", part 1 of 3:                         0x4d0
  P2-1                        0x20000000   0x4d0  <Init block>
    .data            inited   0x20000000     0x4  chassis.o [1]
    .data            inited   0x20000004     0x4  chassis.o [1]
    .data            inited   0x20000008     0x4  chassis.o [1]
    .data            inited   0x2000000c     0x4  chassis.o [1]
    .data            inited   0x20000010   0x3f0  cmd.o [1]
    .data            inited   0x20000400     0xc  maxon.o [1]
    .data            inited   0x2000040c     0x4  system_stm32f4xx.o [1]
    .data            inited   0x20000410     0x4  track.o [1]
    .data            inited   0x20000414     0x4  track.o [1]
    .data            inited   0x20000418    0x38  track.o [1]
    .data            inited   0x20000450    0x38  xlocale_c.o [3]
    .data            inited   0x20000488    0x48  xlocale_c.o [3]
                            - 0x200004d0   0x4d0

"P2", part 2 of 3:                        0x88a0
  .bss               zero     0x200004d0  0x1f40  chassis.o [1]
  .bss               zero     0x20002410  0x1f40  chassis.o [1]
  .bss               zero     0x20004350  0x12c0  bezier.o [1]
  .bss               zero     0x20005610   0xfa0  track.o [1]
  .bss               zero     0x200065b0   0xfa0  track.o [1]
  .bss               zero     0x20007550   0xfa0  track.o [1]
  .bss               zero     0x200084f0   0x190  can.o [1]
  .bss               zero     0x20008680    0xc8  usart.o [1]
  .bss               zero     0x20008748    0x68  usart.o [1]
  .bss               zero     0x200087b0    0x60  usart.o [1]
  .bss               zero     0x20008810    0x60  usart.o [1]
  .bss               zero     0x20008870    0x60  usart.o [1]
  .bss               zero     0x200088d0    0x60  usart.o [1]
  .bss               zero     0x20008930    0x60  usart.o [1]
  .bss               zero     0x20008990    0x5c  chassis.o [1]
  .bss               zero     0x200089ec    0x50  bezier.o [1]
  .bss               zero     0x20008a3c    0x44  can.o [1]
  .bss               zero     0x20008a80    0x40  usart.o [1]
  .bss               zero     0x20008ac0    0x40  usart.o [1]
  .bss               zero     0x20008b00    0x40  usart.o [1]
  .bss               zero     0x20008b40    0x40  usart.o [1]
  .bss               zero     0x20008b80    0x40  usart.o [1]
  .bss               zero     0x20008bc0    0x3c  tim.o [1]
  .bss               zero     0x20008bfc    0x3c  tim.o [1]
  .bss               zero     0x20008c38    0x30  cmd.o [1]
  .bss               zero     0x20008c68    0x28  can.o [1]
  .bss               zero     0x20008c90    0x24  can.o [1]
  .bss               zero     0x20008cb4    0x20  bezier.o [1]
  .bss               zero     0x20008cd4    0x1c  can.o [1]
  .bss               zero     0x20008cf0    0x18  usart.o [1]
  .bss               zero     0x20008d08     0x8  chassis.o [1]
  .bss               zero     0x20008d10     0x8  chassis.o [1]
  .bss               zero     0x20008d18     0x4  can.o [1]
  .bss               zero     0x20008d1c     0x4  chassis.o [1]
  .bss               zero     0x20008d20     0x4  chassis.o [1]
  .bss               zero     0x20008d24     0x4  chassis.o [1]
  .bss               zero     0x20008d28     0x4  chassis.o [1]
  .bss               zero     0x20008d2c     0x4  chassis.o [1]
  .bss               zero     0x20008d30     0x4  chassis.o [1]
  .bss               zero     0x20008d34     0x4  chassis.o [1]
  .bss               zero     0x20008d38     0x4  chassis.o [1]
  .bss               zero     0x20008d3c     0x4  chassis.o [1]
  .bss               zero     0x20008d40     0x4  chassis.o [1]
  .bss               zero     0x20008d44     0x4  chassis.o [1]
  .bss               zero     0x20008d48     0x4  main.o [1]
  .bss               zero     0x20008d4c     0x4  main.o [1]
  .bss               zero     0x20008d50     0x4  main.o [1]
  .bss               zero     0x20008d54     0x4  stm32f4xx_hal.o [1]
  .bss               zero     0x20008d58     0x4  vavle.o [1]
  .bss               zero     0x20008d5c     0x4  xfail_s.o [3]
  .bss               zero     0x20008d60     0x4  no_free_heap0.o [3]
  .bss               zero     0x20008d64     0x4  xgetmemchunk.o [3]
  .bss               zero     0x20008d68     0x2  usart.o [1]
  .bss               zero     0x20008d6a     0x1  usart.o [1]
  .bss               zero     0x20008d6b     0x1  usart.o [1]
  .bss               zero     0x20008d6c     0x1  usart.o [1]
  .bss               zero     0x20008d6d     0x1  usart.o [1]
                            - 0x20008d6e  0x889e

"P2", part 3 of 3:                         0xc00
  CSTACK                      0x20008d70   0x800  <Block>
    CSTACK           uninit   0x20008d70   0x800  <Block tail>
  HEAP                        0x20009570   0x400  <Block>
    HEAP             uninit   0x20009570   0x400  <Block tail>
                            - 0x20009970   0xc00


*******************************************************************************
*** INIT TABLE
***

          Address     Size
          -------     ----
Zero (__iar_zero_init3)
    1 destination range, total size 0x889e:
          0x200004d0  0x889e

Copy/lz77 (__iar_lz77_init_single3)
    1 source range, total size 0x1f1 (40% of destination):
          0x0800a23a   0x1f1
    1 destination range, total size 0x4d0:
          0x20000000   0x4d0



*******************************************************************************
*** MODULE SUMMARY
***

    Module                  ro code  ro data  rw data
    ------                  -------  -------  -------
C:\Users\wangyunxuan\Desktop\Robocon\chassis\chassis_12_27\EWARM\chassis\Obj: [1]
    bezier.o                  1 152       80    4 912
    can.o                       712       96      576
    chassis.o                 3 284       82   16 168
    cmd.o                       360      455    1 056
    cmd_func.o                1 206      228
    distance.o                  940
    dma.o                       144
    gpio.o                      180
    main.o                      432      128       12
    maxon.o                      84        4       12
    startup_stm32f407xx.o       700
    stm32f4xx_hal.o             162                 4
    stm32f4xx_hal_can.o       3 016
    stm32f4xx_hal_cortex.o      372
    stm32f4xx_hal_dma.o       1 004        8
    stm32f4xx_hal_gpio.o        596
    stm32f4xx_hal_msp.o          94
    stm32f4xx_hal_rcc.o       1 464
    stm32f4xx_hal_tim.o       1 048
    stm32f4xx_hal_tim_ex.o      190
    stm32f4xx_hal_uart.o      2 026
    stm32f4xx_it.o              156       60
    system_stm32f4xx.o          108       26        4
    tim.o                       524       64      120
    track.o                       8       26   12 064
    usart.o                   2 488      124    1 134
    vavle.o                     244       48        4
    vega_action.o                36        8
    -------------------------------------------------
    Total:                   22 730    1 437   36 066

command line: [2]
    -------------------------------------------------
    Total:

dl7M_tlf.a: [3]
    abort.o                       6
    abs.o                         8
    exit.o                        4
    iar_Stoflt.o                456
    iar_Stopfx.o                290
    iar_Stoulx.o                372
    iar_Stoxflt.o               540
    isalpha.o                    20
    isspace.o                    20
    low_level_init.o              4
    no_free_heap0.o              68                 4
    tolower.o                    20
    vsnprint.o                   60
    xencoding_8859_1.o           30
    xfail_s.o                    64                 4
    xgetmemchunk.o               44                 4
    xlocale_c.o                 176       57      128
    xmbcurmax.o                  10
    xprintffull.o             3 990
    xsnprout.o                   26
    -------------------------------------------------
    Total:                    6 208       57      140

m7M_tls.a: [4]
    DblAdd.o                    376
    DblCmpEq.o                   32
    DblCmpGe.o                   46
    DblCmpLe.o                   46
    DblDiv.o                    582
    DblMul.o                    418
    DblSub.o                    226
    DblToFlt.o                  104
    DblToS32.o                   58
    DblToU32.o                   40
    FltToDbl.o                   72
    S32ToDbl.o                   34
    U32ToDbl.o                   26
    atan2_64.o                  316
    cos_sin64.o               1 096
    fpinit_M.o                   34
    frexp.o                     112
    iar_Atan64.o                520
    iar_Exp64.o               1 048
    ldexp.o                     314
    math_wrappers64.o            58
    pow64.o                   2 856
    sqrt.o                      258
    strto64.o                 1 440
    -------------------------------------------------
    Total:                   10 112

rt7M_tl.a: [5]
    ABImemcpy.o                 166
    ABImemset.o                 102
    I64DivMod.o                 558
    I64DivZer.o                   2
    cexit.o                      10
    cmain.o                      30
    cstartup_M.o                 12
    data_init.o                  40
    lz77_init_single.o          122
    memchr.o                     88
    strchr.o                     22
    strcmp.o                     74
    strlen.o                     54
    zero_init3.o                 64
    -------------------------------------------------
    Total:                    1 344

shb_l.a: [6]
    ABIassert.o                  36
    exit.o                       20
    -------------------------------------------------
    Total:                       56

    Gaps                         46        4
    Linker created                        33    3 072
-----------------------------------------------------
    Grand Total:             40 496    1 531   39 278


*******************************************************************************
*** ENTRY LIST
***

Entry                      Address    Size  Type      Object
-----                      -------    ----  ----      ------
.iar.init_table$$Base   0x08009efc           --   Gb  - Linker created -
.iar.init_table$$Limit  0x08009f1c           --   Gb  - Linker created -
?main                   0x08009f7d          Code  Gb  cmain.o [5]
AHBPrescTable           0x0800a044    0x10  Data  Gb  system_stm32f4xx.o [1]
APBPrescTable           0x0800a0d0     0x8  Data  Gb  system_stm32f4xx.o [1]
BusFault_Handler        0x08009bcb     0x2  Code  Gb  stm32f4xx_it.o [1]
CAN1_RX0_IRQHandler     0x08009be1     0xa  Code  Gb  stm32f4xx_it.o [1]
CAN_LIST_MATCH          0x08002e31    0x32  Code  Gb  can.o [1]
CAN_Receive_IT          0x08004603   0x1e0  Code  Lc  stm32f4xx_hal_can.o [1]
CAN_Transmit_IT         0x080045a5    0x5e  Code  Lc  stm32f4xx_hal_can.o [1]
CSTACK$$Base            0x20008d70           --   Gb  - Linker created -
CSTACK$$Limit           0x20009570           --   Gb  - Linker created -
CacheMore               0x080011d9    0x24  Code  Lc  xlocale_c.o [3]
Configure_Filter        0x08002d47    0x48  Code  Gb  can.o [1]
DMA1_Stream3_IRQHandler
                        0x08009b99     0xa  Code  Gb  stm32f4xx_it.o [1]
DMA1_Stream4_IRQHandler
                        0x08009ba3     0xa  Code  Gb  stm32f4xx_it.o [1]
DMA1_Stream7_IRQHandler
                        0x08009bad     0xa  Code  Gb  stm32f4xx_it.o [1]
DMA2_Stream2_IRQHandler
                        0x08009bb7     0xa  Code  Gb  stm32f4xx_it.o [1]
DMA2_Stream7_IRQHandler
                        0x08009bc1     0xa  Code  Gb  stm32f4xx_it.o [1]
DMA_CalcBaseAndBitshift
                        0x08005d1b    0x30  Code  Lc  stm32f4xx_hal_dma.o [1]
DMA_CalcBaseAndBitshift::flagBitshiftOffset
                        0x0800a0c8     0x8  Data  Lc  stm32f4xx_hal_dma.o [1]
DMA_CheckFifoParam      0x08005d59    0x9c  Code  Lc  stm32f4xx_hal_dma.o [1]
DebugMon_Handler        0x08009bd1     0x2  Code  Gb  stm32f4xx_it.o [1]
Dtentox                 0x0800614d   0x19a  Code  Lc  strto64.o [4]
ERR_angle_m0            0x20000008     0x4  Data  Gb  chassis.o [1]
ERR_angle_m1            0x20000004     0x4  Data  Gb  chassis.o [1]
ERR_angle_m3            0x20000000     0x4  Data  Gb  chassis.o [1]
HAL_CAN_ConfigFilter    0x08003dc5   0x108  Code  Gb  stm32f4xx_hal_can.o [1]
HAL_CAN_ErrorCallback   0x08002e93    0x26  Code  Gb  can.o [1]
HAL_CAN_IRQHandler      0x08004263   0x32c  Code  Gb  stm32f4xx_hal_can.o [1]
HAL_CAN_Init            0x08003c1d   0x1a8  Code  Gb  stm32f4xx_hal_can.o [1]
HAL_CAN_MspInit         0x08002c93    0x5c  Code  Gb  can.o [1]
HAL_CAN_Receive_IT      0x0800414d   0x116  Code  Gb  stm32f4xx_hal_can.o [1]
HAL_CAN_RxCpltCallback  0x08002e63    0x30  Code  Gb  can.o [1]
HAL_CAN_Transmit        0x08003ecd   0x27c  Code  Gb  stm32f4xx_hal_can.o [1]
HAL_DMA_Abort_IT        0x08005aeb    0x28  Code  Gb  stm32f4xx_hal_dma.o [1]
HAL_DMA_IRQHandler      0x08005b13   0x208  Code  Gb  stm32f4xx_hal_dma.o [1]
HAL_DMA_Init            0x08005a09    0xe2  Code  Gb  stm32f4xx_hal_dma.o [1]
HAL_Delay               0x08005201    0x1e  Code  Wk  stm32f4xx_hal.o [1]
HAL_GPIO_Init           0x08004995   0x21c  Code  Gb  stm32f4xx_hal_gpio.o [1]
HAL_GetTick             0x08007651     0xc  Code  Wk  stm32f4xx_hal.o [1]
HAL_IncTick             0x08009c25    0x10  Code  Wk  stm32f4xx_hal.o [1]
HAL_Init                0x08007661    0x3a  Code  Gb  stm32f4xx_hal.o [1]
HAL_InitTick            0x08008be9    0x28  Code  Wk  stm32f4xx_hal.o [1]
HAL_MspInit             0x08008c11    0x5e  Code  Gb  stm32f4xx_hal_msp.o [1]
HAL_NVIC_EnableIRQ      0x08004cf9     0xe  Code  Gb  stm32f4xx_hal_cortex.o [1]
HAL_NVIC_SetPriority    0x08004ccf    0x2a  Code  Gb  stm32f4xx_hal_cortex.o [1]
HAL_NVIC_SetPriorityGrouping
                        0x08004cc3     0xc  Code  Gb  stm32f4xx_hal_cortex.o [1]
HAL_RCC_ClockConfig     0x08007d81   0x14a  Code  Gb  stm32f4xx_hal_rcc.o [1]
HAL_RCC_GetHCLKFreq     0x08007ecb     0x6  Code  Gb  stm32f4xx_hal_rcc.o [1]
HAL_RCC_GetPCLK1Freq    0x08007ed1    0x16  Code  Gb  stm32f4xx_hal_rcc.o [1]
HAL_RCC_GetPCLK2Freq    0x08007ee7    0x16  Code  Gb  stm32f4xx_hal_rcc.o [1]
HAL_RCC_OscConfig       0x080079f1   0x390  Code  Wk  stm32f4xx_hal_rcc.o [1]
HAL_SYSTICK_CLKSourceConfig
                        0x08004d13    0x20  Code  Gb  stm32f4xx_hal_cortex.o [1]
HAL_SYSTICK_Callback    0x08004911    0x50  Code  Gb  main.o [1]
HAL_SYSTICK_Callback::time_1ms_cnt
                        0x20008d50     0x4  Data  Lc  main.o [1]
HAL_SYSTICK_Config      0x08004d07     0xc  Code  Gb  stm32f4xx_hal_cortex.o [1]
HAL_SYSTICK_IRQHandler  0x08004d55     0x8  Code  Gb  stm32f4xx_hal_cortex.o [1]
HAL_TIMEx_ConfigBreakDeadTime
                        0x080090e3    0x64  Code  Gb  stm32f4xx_hal_tim_ex.o [1]
HAL_TIMEx_MasterConfigSynchronization
                        0x08009089    0x5a  Code  Gb  stm32f4xx_hal_tim_ex.o [1]
HAL_TIM_MspPostInit     0x0800797b    0x56  Code  Gb  tim.o [1]
HAL_TIM_PWM_ConfigChannel
                        0x08008ca9   0x100  Code  Gb  stm32f4xx_hal_tim.o [1]
HAL_TIM_PWM_Init        0x08008c71    0x38  Code  Gb  stm32f4xx_hal_tim.o [1]
HAL_TIM_PWM_MspInit     0x0800792b    0x50  Code  Gb  tim.o [1]
HAL_UART_ErrorCallback  0x0800373f    0x56  Code  Gb  usart.o [1]
HAL_UART_IRQHandler     0x080053dd   0x14a  Code  Gb  stm32f4xx_hal_uart.o [1]
HAL_UART_Init           0x08005221    0x76  Code  Gb  stm32f4xx_hal_uart.o [1]
HAL_UART_MspInit        0x0800314f   0x40a  Code  Gb  usart.o [1]
HAL_UART_Receive_IT     0x08005377    0x66  Code  Gb  stm32f4xx_hal_uart.o [1]
HAL_UART_RxCpltCallback
                        0x0800358d   0x1b2  Code  Gb  usart.o [1]
HAL_UART_Transmit       0x08005297    0xe0  Code  Gb  stm32f4xx_hal_uart.o [1]
HEAP$$Base              0x20009570           --   Gb  - Linker created -
HEAP$$Limit             0x20009970           --   Gb  - Linker created -
HardFault_Handler       0x08009b8b     0xc  Code  Gb  stm32f4xx_it.o [1]
LoadInt                 0x08000377    0x7a  Code  Lc  xprintffull.o [3]
Lock_X                  0x08009879    0xe6  Code  Gb  distance.o [1]
Lock_Y                  0x08009961    0xe6  Code  Gb  distance.o [1]
Lock_angle              0x08009a49    0xf6  Code  Gb  distance.o [1]
MX_CAN1_Init            0x08002c31    0x62  Code  Gb  can.o [1]
MX_DMA_Init             0x08007755    0x90  Code  Gb  dma.o [1]
MX_GPIO_Init            0x080076a1    0xb4  Code  Gb  gpio.o [1]
MX_TIM1_Init            0x080077e5    0xc4  Code  Gb  tim.o [1]
MX_TIM2_Init            0x080078a9    0x82  Code  Gb  tim.o [1]
MX_UART4_Init           0x08002f79    0x5e  Code  Gb  usart.o [1]
MX_UART5_Init           0x08002fd7    0x5e  Code  Gb  usart.o [1]
MX_USART1_UART_Init     0x08003035    0x5e  Code  Gb  usart.o [1]
MX_USART2_UART_Init     0x08003093    0x5e  Code  Gb  usart.o [1]
MX_USART3_UART_Init     0x080030f1    0x5e  Code  Gb  usart.o [1]
MemManage_Handler       0x08009b97     0x2  Code  Gb  stm32f4xx_it.o [1]
NMI_Handler             0x08009b89     0x2  Code  Gb  stm32f4xx_it.o [1]
NVIC_EnableIRQ          0x08004c0f    0x16  Code  Lc  stm32f4xx_hal_cortex.o [1]
NVIC_EncodePriority     0x08004c51    0x42  Code  Lc  stm32f4xx_hal_cortex.o [1]
NVIC_GetPriorityGrouping
                        0x08004c05     0xa  Code  Lc  stm32f4xx_hal_cortex.o [1]
NVIC_SetPriority        0x08004c25    0x2c  Code  Lc  stm32f4xx_hal_cortex.o [1]
NVIC_SetPriorityGrouping
                        0x08004be9    0x1c  Code  Lc  stm32f4xx_hal_cortex.o [1]
PendSV_Handler          0x08009bd3     0x2  Code  Gb  stm32f4xx_it.o [1]
Region$$Table$$Base     0x08009efc           --   Gb  - Linker created -
Region$$Table$$Limit    0x08009f1c           --   Gb  - Linker created -
RxMessage               0x20008c90    0x24  Data  Lc  can.o [1]
SVC_Handler             0x08009bcf     0x2  Code  Gb  stm32f4xx_it.o [1]
SysTick_Config          0x08004c93    0x30  Code  Lc  stm32f4xx_hal_cortex.o [1]
SysTick_Handler         0x08009bd5     0xc  Code  Gb  stm32f4xx_it.o [1]
SystemClock_Config      0x0800484d    0xc4  Code  Gb  main.o [1]
SystemCoreClock         0x2000040c     0x4  Data  Gb  system_stm32f4xx.o [1]
SystemInit              0x08006675    0x4c  Code  Gb  system_stm32f4xx.o [1]
TIM_Base_SetConfig      0x08008da9    0xec  Code  Gb  stm32f4xx_hal_tim.o [1]
TIM_OC1_SetConfig       0x08008f13    0x6e  Code  Lc  stm32f4xx_hal_tim.o [1]
TIM_OC2_SetConfig       0x08008e95    0x7c  Code  Gb  stm32f4xx_hal_tim.o [1]
TIM_OC3_SetConfig       0x08008f81    0x76  Code  Lc  stm32f4xx_hal_tim.o [1]
TIM_OC4_SetConfig       0x08008ff7    0x64  Code  Lc  stm32f4xx_hal_tim.o [1]
TxMessage               0x20008cd4    0x1c  Data  Lc  can.o [1]
UART5_IRQHandler        0x08009beb     0xa  Code  Gb  stm32f4xx_it.o [1]
UART_DMAAbortOnError    0x080055b9    0x16  Code  Lc  stm32f4xx_hal_uart.o [1]
UART_EndRxTransfer      0x08005595    0x20  Code  Lc  stm32f4xx_hal_uart.o [1]
UART_EndTransmit_IT     0x0800563f    0x20  Code  Lc  stm32f4xx_hal_uart.o [1]
UART_Receive_IT         0x0800565f    0xa2  Code  Lc  stm32f4xx_hal_uart.o [1]
UART_SetConfig          0x08005701   0x2fc  Code  Lc  stm32f4xx_hal_uart.o [1]
UART_Transmit_IT        0x080055d1    0x6e  Code  Lc  stm32f4xx_hal_uart.o [1]
UART_WaitOnFlagUntilTimeout
                        0x08005527    0x6e  Code  Lc  stm32f4xx_hal_uart.o [1]
USART2_IRQHandler       0x08009bf5     0xa  Code  Gb  stm32f4xx_it.o [1]
USART_RX_BUF            0x20008680    0xc8  Data  Gb  usart.o [1]
USART_RX_STA            0x20008d68     0x2  Data  Gb  usart.o [1]
UsageFault_Handler      0x08009bcd     0x2  Code  Gb  stm32f4xx_it.o [1]
_Encoding_8859_1_Mbrlen
                        0x08001271     0x2  Code  Gb  xencoding_8859_1.o [3]
_Encoding_8859_1_Wctomb
                        0x0800125f    0x12  Code  Gb  xencoding_8859_1.o [3]
_Error_Handler          0x08004961    0x10  Code  Gb  main.o [1]
_GenldFull              0x08000df9   0x274  Code  Lc  xprintffull.o [3]
_LdtobFull              0x080009cd   0x3fe  Code  Lc  xprintffull.o [3]
_LitobFull              0x08000875   0x112  Code  Lc  xprintffull.o [3]
_LocaleC_isalpha        0x0800119f     0xc  Code  Gb  xlocale_c.o [3]
_LocaleC_islower        0x08001199     0x4  Code  Gb  xlocale_c.o [3]
_LocaleC_isspace        0x080011b5    0x14  Code  Gb  xlocale_c.o [3]
_LocaleC_isupper        0x0800119d     0x2  Code  Gb  xlocale_c.o [3]
_LocaleC_tolower        0x080011c9     0xc  Code  Gb  xlocale_c.o [3]
_Locale_lconv           0x20000450    0x38  Data  Lc  xlocale_c.o [3]
_PrintfFull             0x08000189   0x1d6  Code  Gb  xprintffull.o [3]
_PutcharsFull           0x0800106d    0x2e  Code  Lc  xprintffull.o [3]
_PutfldFull             0x080003f1   0x2d0  Code  Lc  xprintffull.o [3]
_PutstrFull             0x080007b7    0xbe  Code  Lc  xprintffull.o [3]
_PuttxtFull             0x080006c1    0xf6  Code  Lc  xprintffull.o [3]
_SNProut                0x080012f3    0x1a  Code  Gb  xsnprout.o [3]
__aeabi_assert          0x08004d5d    0x24  Code  Gb  ABIassert.o [6]
__aeabi_cdcmpeq         0x080087b1          Code  Gb  DblCmpEq.o [4]
__aeabi_cdcmple         0x0800185d          Code  Gb  DblCmpLe.o [4]
__aeabi_cdrcmple        0x0800188d          Code  Gb  DblCmpGe.o [4]
__aeabi_d2f             0x08003979          Code  Gb  DblToFlt.o [4]
__aeabi_d2iz            0x080019f9          Code  Gb  DblToS32.o [4]
__aeabi_d2uiz           0x08001d85          Code  Gb  DblToU32.o [4]
__aeabi_dadd            0x08001dd1          Code  Gb  DblAdd.o [4]
__aeabi_ddiv            0x08001b3d          Code  Gb  DblDiv.o [4]
__aeabi_dmul            0x08001649          Code  Gb  DblMul.o [4]
__aeabi_dsub            0x08001a59          Code  Gb  DblSub.o [4]
__aeabi_f2d             0x08003931          Code  Gb  FltToDbl.o [4]
__aeabi_i2d             0x08001a35          Code  Gb  S32ToDbl.o [4]
__aeabi_ldiv0           0x08001dcd          Code  Gb  I64DivZer.o [5]
__aeabi_memcpy          0x08001371          Code  Gb  ABImemcpy.o [5]
__aeabi_memcpy4         0x08001391          Code  Gb  ABImemcpy.o [5]
__aeabi_memcpy8         0x08001391          Code  Gb  ABImemcpy.o [5]
__aeabi_memset          0x0800803d          Code  Gb  ABImemset.o [5]
__aeabi_ui2d            0x08001dad          Code  Gb  U32ToDbl.o [4]
__aeabi_uldivmod        0x08001419          Code  Gb  I64DivMod.o [5]
__cmain                 0x08009f7d          Code  Gb  cmain.o [5]
__data_GetMemChunk      0x08009149    0x2c  Code  Gb  xgetmemchunk.o [3]
__data_GetMemChunk::start
                        0x20008d64     0x4  Data  Lc  xgetmemchunk.o [3]
__exit                  0x08001f49    0x14  Code  Gb  exit.o [6]
__iar_Atan64            0x080085a9   0x170  Code  Gb  iar_Atan64.o [4]
__iar_Exp64             0x080087d1   0x3b8  Code  Gb  iar_Exp64.o [4]
__iar_Fail_s            0x0800127d    0x1c  Code  Gb  xfail_s.o [3]
__iar_Mbcurmax          0x08001365     0xa  Code  Gb  xmbcurmax.o [3]
__iar_Memchr            0x0800130d          Code  Gb  memchr.o [5]
__iar_Memset            0x0800803d          Code  Gb  ABImemset.o [5]
__iar_Memset_word       0x08008045          Code  Gb  ABImemset.o [5]
__iar_Pow64             0x080066e1   0x654  Code  Lc  pow64.o [4]
__iar_Sin64             0x08007209   0x3b2  Code  Lc  cos_sin64.o [4]
__iar_Sto64             0x080062f9   0x1a6  Code  Gb  strto64.o [4]
__iar_Stoflt            0x080081c5   0x1c8  Code  Gb  iar_Stoflt.o [3]
__iar_Stopfx            0x080080a3   0x122  Code  Gb  iar_Stopfx.o [3]
__iar_Stoulx            0x08009655   0x112  Code  Gb  iar_Stoulx.o [3]
__iar_Stoxflt           0x0800838d   0x1e6  Code  Gb  iar_Stoxflt.o [3]
__iar_Stoxflt::digits   0x08008578    0x18  Data  Lc  iar_Stoxflt.o [3]
__iar_Stoxflt::vals     0x08008590    0x18  Data  Lc  iar_Stoxflt.o [3]
__iar_Strchr            0x08001249          Code  Gb  strchr.o [5]
__iar_atan2_64          0x08006539   0x13c  Code  Gb  atan2_64.o [4]
__iar_cos64             0x0800764d     0x4  Code  Gb  cos_sin64.o [4]
__iar_cos_medium        0x0800764d     0x4  Code  Gb  cos_sin64.o [4]
__iar_cos_medium64      0x0800764d     0x4  Code  Gb  cos_sin64.o [4]
__iar_cos_mediuml       0x0800764d     0x4  Code  Gb  cos_sin64.o [4]
__iar_dadd              0x08001a69          Code  Gb  DblSub.o [4]
__iar_data_init3        0x08009e69    0x28  Code  Gb  data_init.o [5]
__iar_dsub              0x08001de1          Code  Gb  DblAdd.o [4]
__iar_dsubStart         0x08001df3          Code  Gb  DblAdd.o [4]
__iar_frexp             0x080017f9          Code  Gb  frexp.o [4]
__iar_frexpl            0x080017f9          Code  Gb  frexp.o [4]
__iar_globLocale        0x20000488    0x48  Data  Lc  xlocale_c.o [3]
__iar_global_Locale     0x080011d5     0x4  Code  Gb  xlocale_c.o [3]
__iar_init_vfp          0x08009ed9          Code  Gb  fpinit_M.o [4]
__iar_ldexp64           0x080018bd          Code  Gb  ldexp.o [4]
__iar_lz77_init_single3
                        0x0800111f    0x7a  Code  Gb  lz77_init_single.o [5]
__iar_pow64             0x08006dd5    0x14  Code  Gb  pow64.o [4]
__iar_pow_medium        0x08006dd5    0x14  Code  Gb  pow64.o [4]
__iar_pow_medium64      0x08006dd5    0x14  Code  Gb  pow64.o [4]
__iar_pow_mediuml       0x08006dd5    0x14  Code  Gb  pow64.o [4]
__iar_program_start     0x0800a09d          Code  Gb  cstartup_M.o [5]
__iar_scalbln64         0x080018bd          Code  Gb  ldexp.o [4]
__iar_scalbn64          0x080018bd          Code  Gb  ldexp.o [4]
__iar_softfp___iar_frexp64
                        0x080017ed          Code  Gb  frexp.o [4]
__iar_softfp_frexp      0x080017ed          Code  Gb  frexp.o [4]
__iar_softfp_frexpl     0x080017ed          Code  Gb  frexp.o [4]
__iar_sqrt64            0x08003a2d          Code  Gb  sqrt.o [4]
__iar_systems$$module {Abs}
                        0x00000001          Data  Gb  command line/config [2]
__iar_vfp___iar_sqrt64  0x08003a1d          Code  Gb  sqrt.o [4]
__iar_vfp_atan2         0x080039ef    0x10  Code  Gb  math_wrappers64.o [4]
__iar_vfp_atof          0x080039e7     0x8  Code  Gb  math_wrappers64.o [4]
__iar_vfp_cos           0x08003a0f     0xc  Code  Gb  math_wrappers64.o [4]
__iar_vfp_pow           0x080039ff    0x10  Code  Gb  math_wrappers64.o [4]
__iar_vfp_sqrt          0x08003a1d          Code  Gb  sqrt.o [4]
__iar_vfp_sqrtl         0x08003a1d          Code  Gb  sqrt.o [4]
__iar_zero_init3        0x08009d95    0x40  Code  Gb  zero_init3.o [5]
__low_level_init        0x08009f9b     0x4  Code  Gb  low_level_init.o [3]
__no_free_malloc        0x08007fad    0x40  Code  Gb  no_free_heap0.o [3]
__vector_table          0x08000000          Data  Gb  startup_stm32f407xx.o [1]
_call_main              0x08009f89          Code  Gb  cmain.o [5]
_exit                   0x08009fa5          Code  Gb  cexit.o [5]
_gLocale_mblen          0x08001235     0x4  Code  Gb  xlocale_c.o [3]
_gLocale_mblenInt       0x080011fd    0x34  Code  Gb  xlocale_c.o [3]
_gLocale_wctomb         0x08001239     0x4  Code  Gb  xlocale_c.o [3]
_gLocale_wctombInt      0x08001231     0x4  Code  Gb  xlocale_c.o [3]
_main                   0x08009f97          Code  Gb  cmain.o [5]
a                       0x08008770    0x40  Data  Lc  iar_Atan64.o [4]
aRxBuffer               0x20008d6a     0x1  Data  Gb  usart.o [1]
abort                   0x08001dc7     0x6  Code  Gb  abort.o [3]
abs                     0x08003c15     0x8  Code  Gb  abs.o [3]
atan2                   0x08006539   0x13c  Code  Gb  atan2_64.o [4]
atan2l                  0x08006539   0x13c  Code  Gb  atan2_64.o [4]
atof                    0x080064e5     0x8  Code  Gb  strto64.o [4]
atoi                    0x0800976d     0x2  Code  Gb  iar_Stoulx.o [3]
bezier_interpolation_func
                        0x08004d81   0x104  Code  Gb  bezier.o [1]
bezier_produce_ctrlpoints
                        0x08004f33   0x172  Code  Gb  bezier.o [1]
canList                 0x200084f0   0x190  Data  Gb  can.o [1]
can_add_callback        0x08002ddb    0x56  Code  Gb  can.o [1]
can_init                0x08002cef    0x58  Code  Gb  can.o [1]
can_send_msg            0x08002d8f    0x4c  Code  Gb  can.o [1]
canlistnum              0x20008d18     0x4  Data  Lc  can.o [1]
ch                      0x20008d6b     0x1  Data  Lc  usart.o [1]
chassis                 0x20008990    0x5c  Data  Gb  chassis.o [1]
chassis_PID_Angle_Control
                        0x08002089    0x54  Code  Gb  chassis.o [1]
chassis_PID_Angle_Control::angle_last_err
                        0x20008d44     0x4  Data  Lc  chassis.o [1]
chassis_angle_subtract  0x08002015    0x74  Code  Gb  chassis.o [1]
chassis_calculate_dis_matrix
                        0x08002271   0x1ae  Code  Gb  chassis.o [1]
chassis_calculate_speed
                        0x08002435   0x196  Code  Gb  chassis.o [1]
chassis_dis_to_bgn      0x200004d0  0x1f40  Data  Gb  chassis.o [1]
chassis_dis_to_end      0x20002410  0x1f40  Data  Gb  chassis.o [1]
chassis_exe             0x080025dd   0x21c  Code  Gb  chassis.o [1]
chassis_flag            0x20008d4c     0x4  Data  Gb  main.o [1]
chassis_go_route        0x08002245    0x1a  Code  Gb  chassis.o [1]
chassis_gostraight      0x080020dd   0x168  Code  Gb  chassis.o [1]
chassis_handle          0x080027f9   0x13c  Code  Gb  chassis.o [1]
chassis_handle_control  0x08002a1d   0x168  Code  Gb  chassis.o [1]
chassis_init            0x08001f5d    0x52  Code  Gb  chassis.o [1]
chassis_poscnt          0x20008d1c     0x4  Data  Lc  chassis.o [1]
chassis_posnum          0x20000414     0x4  Data  Gb  track.o [1]
chassis_rocker          0x08002935    0xc0  Code  Gb  chassis.o [1]
chassis_speed_max       0x20000410     0x4  Data  Gb  track.o [1]
chassis_turn            0x20007550   0xfa0  Data  Gb  track.o [1]
chassis_turn_angle_KD   0x20008d28     0x4  Data  Gb  chassis.o [1]
chassis_turn_angle_KP   0x2000000c     0x4  Data  Gb  chassis.o [1]
chassis_update          0x08001fb1    0x62  Code  Gb  chassis.o [1]
chassis_xpos            0x20005610   0xfa0  Data  Gb  track.o [1]
chassis_ypos            0x200065b0   0xfa0  Data  Gb  track.o [1]
cmd_angle_pid           0x080092d5    0x2c  Code  Gb  cmd_func.o [1]
cmd_argv                0x20008c38    0x30  Data  Gb  cmd.o [1]
cmd_exec                0x08005ed5    0x68  Code  Gb  cmd.o [1]
cmd_go_route_func       0x08009213    0x56  Code  Gb  cmd_func.o [1]
cmd_go_straight_func    0x080091d7    0x3c  Code  Gb  cmd_func.o [1]
cmd_go_targetpoint      0x08009329   0x198  Code  Gb  cmd_func.o [1]
cmd_hello_func          0x0800919d    0x14  Code  Gb  cmd_func.o [1]
cmd_help_func           0x08005f3d    0x44  Code  Gb  cmd.o [1]
cmd_init                0x08005e31    0x1a  Code  Gb  cmd.o [1]
cmd_lock_x_y_angle      0x08009609    0x4a  Code  Gb  cmd_func.o [1]
cmd_modify_angle        0x08009275    0x60  Code  Gb  cmd_func.o [1]
cmd_parse               0x08005e4b    0x8a  Code  Gb  cmd.o [1]
cmd_print_pos           0x08009301    0x28  Code  Gb  cmd_func.o [1]
cmd_read_distance       0x080094c1    0xc4  Code  Gb  cmd_func.o [1]
cmd_reset_vega          0x08009269     0xc  Code  Gb  cmd_func.o [1]
cmd_stop_func           0x080091b1    0x26  Code  Gb  cmd_func.o [1]
cmd_tbl                 0x20000010   0x3f0  Data  Lc  cmd.o [1]
combine_points          0x20008cb4    0x20  Data  Gb  bezier.o [1]
cos                     0x0800764d     0x4  Code  Gb  cos_sin64.o [4]
cosl                    0x0800764d     0x4  Code  Gb  cos_sin64.o [4]
count                   0x20008d6c     0x1  Data  Lc  usart.o [1]
ctrl_points             0x200089ec    0x50  Data  Gb  bezier.o [1]
ddiv                    0x0800606d    0xd0  Code  Lc  strto64.o [4]
digits                  0x08009778    0x28  Data  Lc  iar_Stoulx.o [3]
dis_btw_points          0x08004ee3    0x50  Code  Gb  bezier.o [1]
dmul                    0x08005f99    0xd2  Code  Lc  strto64.o [4]
draw_bezier_curves      0x08004e85    0x5e  Code  Gb  bezier.o [1]
exit                    0x08009f9f     0x4  Code  Gb  exit.o [3]
g_fangle                0x20008d30     0x4  Data  Gb  chassis.o [1]
g_fturn                 0x20008d34     0x4  Data  Gb  chassis.o [1]
g_ispeed                0x20008d2c     0x4  Data  Gb  chassis.o [1]
handleflag              0x20008d24     0x4  Data  Lc  chassis.o [1]
hcan1                   0x20008a3c    0x44  Data  Gb  can.o [1]
hdma_uart4_tx           0x200087b0    0x60  Data  Gb  usart.o [1]
hdma_uart5_tx           0x20008810    0x60  Data  Gb  usart.o [1]
hdma_usart1_rx          0x20008870    0x60  Data  Gb  usart.o [1]
hdma_usart1_tx          0x200088d0    0x60  Data  Gb  usart.o [1]
hdma_usart3_tx          0x20008930    0x60  Data  Gb  usart.o [1]
htim1                   0x20008bc0    0x3c  Data  Gb  tim.o [1]
htim2                   0x20008bfc    0x3c  Data  Gb  tim.o [1]
huart1                  0x20008b00    0x40  Data  Gb  usart.o [1]
huart2                  0x20008b40    0x40  Data  Gb  usart.o [1]
huart3                  0x20008b80    0x40  Data  Gb  usart.o [1]
huart4                  0x20008a80    0x40  Data  Gb  usart.o [1]
huart5                  0x20008ac0    0x40  Data  Gb  usart.o [1]
i                       0x20008d6d     0x1  Data  Lc  usart.o [1]
in                      0x20000418    0x38  Data  Gb  track.o [1]
isalpha                 0x08009189    0x14  Code  Gb  isalpha.o [3]
isspace                 0x08009175    0x14  Code  Gb  isspace.o [3]
laser_msg_rev_callback  0x08009821    0x58  Code  Gb  distance.o [1]
ldexp                   0x080018bd          Code  Gb  ldexp.o [4]
ldexpl                  0x080018bd          Code  Gb  ldexp.o [4]
lnbias                  0x08006de8   0x420  Data  Lc  pow64.o [4]
localeconv              0x0800123d     0x4  Code  Gb  xlocale_c.o [3]
main                    0x080047e5    0x68  Code  Gb  main.o [1]
main_flag               0x20008d48     0x4  Data  Gb  main.o [1]
maxon_setSpeed          0x08002f25    0x4e  Code  Gb  maxon.o [1]
memchr                  0x0800130d          Code  Gb  memchr.o [5]
ndigs                   0x080097a0    0x28  Data  Lc  iar_Stoulx.o [3]
out                     0x20004350  0x12c0  Data  Gb  bezier.o [1]
param_a                 0x20008d08     0x8  Data  Gb  chassis.o [1]
param_b                 0x20008d10     0x8  Data  Gb  chassis.o [1]
posture                 0x20008cf0    0x18  Data  Lc  usart.o [1]
pow                     0x08006dd5    0x14  Code  Gb  pow64.o [4]
powl                    0x08006dd5    0x14  Code  Gb  pow64.o [4]
pows                    0x080064f0    0x48  Data  Lc  strto64.o [4]
qs                      0x20008d60     0x4  Data  Lc  no_free_heap0.o [3]
rocker_x                0x20008d38     0x4  Data  Gb  chassis.o [1]
rocker_y                0x20008d3c     0x4  Data  Gb  chassis.o [1]
rocker_z                0x20008d40     0x4  Data  Gb  chassis.o [1]
routeflag               0x20008d20     0x4  Data  Lc  chassis.o [1]
sFilterConfig           0x20008c68    0x28  Data  Gb  can.o [1]
scalbln                 0x080018bd          Code  Gb  ldexp.o [4]
scalblnl                0x080018bd          Code  Gb  ldexp.o [4]
scalbn                  0x080018bd          Code  Gb  ldexp.o [4]
scalbnl                 0x080018bd          Code  Gb  ldexp.o [4]
scale                   0x08000987    0x46  Code  Lc  xprintffull.o [3]
sec_hand                0x20008d5c     0x4  Data  Lc  xfail_s.o [3]
sendToSetSpeed          0x20000400     0xc  Data  Gb  maxon.o [1]
sqrt                    0x08003a2d          Code  Gb  sqrt.o [4]
sqrtl                   0x08003a2d          Code  Gb  sqrt.o [4]
strchr                  0x08001249          Code  Gb  strchr.o [5]
strcmp                  0x08007ff1          Code  Gb  strcmp.o [5]
strlen                  0x080012bd          Code  Gb  strlen.o [5]
tolower                 0x08009b75    0x14  Code  Gb  tolower.o [3]
track_bezier_init       0x080050a5   0x11c  Code  Gb  bezier.o [1]
track_init              0x08002ef9     0x8  Code  Gb  track.o [1]
uart_buffer             0x20008748    0x68  Data  Gb  usart.o [1]
ultrasonic_msg_rev_callback
                        0x080097c9    0x58  Code  Gb  distance.o [1]
uprintf                 0x08003559    0x34  Code  Gb  usart.o [1]
usart_exc               0x08003795    0xc2  Code  Gb  usart.o [1]
usart_init              0x08003857    0x38  Code  Gb  usart.o [1]
uwTick                  0x20008d54     0x4  Data  Gb  stm32f4xx_hal.o [1]
vavle_close             0x08003b5d    0x3c  Code  Gb  vavle.o [1]
vavle_control           0x08003b99    0x60  Code  Gb  vavle.o [1]
vavle_control::ctrl_num
                        0x20008d58     0x4  Data  Lc  vavle.o [1]
vavle_open              0x08003b21    0x3c  Code  Gb  vavle.o [1]
vega_action_init        0x08002f15    0x10  Code  Gb  vega_action.o [1]
vega_action_reset       0x08002f01     0xc  Code  Gb  vega_action.o [1]
vsnprintf               0x08005df5    0x3c  Code  Gb  vsnprint.o [3]


[1] = C:\Users\wangyunxuan\Desktop\Robocon\chassis\chassis_12_27\EWARM\chassis\Obj
[2] = command line
[3] = dl7M_tlf.a
[4] = m7M_tls.a
[5] = rt7M_tl.a
[6] = shb_l.a

  40 496 bytes of readonly  code memory
   1 531 bytes of readonly  data memory
  39 278 bytes of readwrite data memory

Errors: none
Warnings: none
