###############################################################################
#
# IAR ELF Linker V8.22.1.15669/W32 for ARM                29/Nov/2018  22:02:11
# Copyright 2007-2018 IAR Systems AB.
#
#    Output file  =  
#        C:\Users\wangyunxuan\Desktop\Robocon\chassis\MR1_chassis\EWARM\chassis\Exe\chassis.out
#    Map file     =  
#        C:\Users\wangyunxuan\Desktop\Robocon\chassis\MR1_chassis\EWARM\chassis\List\chassis.map
#    Command line =  
#        -f C:\Users\WANGYU~1\AppData\Local\Temp\EWE5AF.tmp
#        (C:\Users\wangyunxuan\Desktop\Robocon\chassis\MR1_chassis\EWARM\chassis\Obj\can.o
#        C:\Users\wangyunxuan\Desktop\Robocon\chassis\MR1_chassis\EWARM\chassis\Obj\chassis.o
#        C:\Users\wangyunxuan\Desktop\Robocon\chassis\MR1_chassis\EWARM\chassis\Obj\cmd.o
#        C:\Users\wangyunxuan\Desktop\Robocon\chassis\MR1_chassis\EWARM\chassis\Obj\cmd_func.o
#        C:\Users\wangyunxuan\Desktop\Robocon\chassis\MR1_chassis\EWARM\chassis\Obj\gpio.o
#        C:\Users\wangyunxuan\Desktop\Robocon\chassis\MR1_chassis\EWARM\chassis\Obj\main.o
#        C:\Users\wangyunxuan\Desktop\Robocon\chassis\MR1_chassis\EWARM\chassis\Obj\maxon.o
#        C:\Users\wangyunxuan\Desktop\Robocon\chassis\MR1_chassis\EWARM\chassis\Obj\startup_stm32f407xx.o
#        C:\Users\wangyunxuan\Desktop\Robocon\chassis\MR1_chassis\EWARM\chassis\Obj\stm32f4xx_hal.o
#        C:\Users\wangyunxuan\Desktop\Robocon\chassis\MR1_chassis\EWARM\chassis\Obj\stm32f4xx_hal_can.o
#        C:\Users\wangyunxuan\Desktop\Robocon\chassis\MR1_chassis\EWARM\chassis\Obj\stm32f4xx_hal_cortex.o
#        C:\Users\wangyunxuan\Desktop\Robocon\chassis\MR1_chassis\EWARM\chassis\Obj\stm32f4xx_hal_dma.o
#        C:\Users\wangyunxuan\Desktop\Robocon\chassis\MR1_chassis\EWARM\chassis\Obj\stm32f4xx_hal_dma_ex.o
#        C:\Users\wangyunxuan\Desktop\Robocon\chassis\MR1_chassis\EWARM\chassis\Obj\stm32f4xx_hal_flash.o
#        C:\Users\wangyunxuan\Desktop\Robocon\chassis\MR1_chassis\EWARM\chassis\Obj\stm32f4xx_hal_flash_ex.o
#        C:\Users\wangyunxuan\Desktop\Robocon\chassis\MR1_chassis\EWARM\chassis\Obj\stm32f4xx_hal_flash_ramfunc.o
#        C:\Users\wangyunxuan\Desktop\Robocon\chassis\MR1_chassis\EWARM\chassis\Obj\stm32f4xx_hal_gpio.o
#        C:\Users\wangyunxuan\Desktop\Robocon\chassis\MR1_chassis\EWARM\chassis\Obj\stm32f4xx_hal_msp.o
#        C:\Users\wangyunxuan\Desktop\Robocon\chassis\MR1_chassis\EWARM\chassis\Obj\stm32f4xx_hal_pwr.o
#        C:\Users\wangyunxuan\Desktop\Robocon\chassis\MR1_chassis\EWARM\chassis\Obj\stm32f4xx_hal_pwr_ex.o
#        C:\Users\wangyunxuan\Desktop\Robocon\chassis\MR1_chassis\EWARM\chassis\Obj\stm32f4xx_hal_rcc.o
#        C:\Users\wangyunxuan\Desktop\Robocon\chassis\MR1_chassis\EWARM\chassis\Obj\stm32f4xx_hal_rcc_ex.o
#        C:\Users\wangyunxuan\Desktop\Robocon\chassis\MR1_chassis\EWARM\chassis\Obj\stm32f4xx_hal_tim.o
#        C:\Users\wangyunxuan\Desktop\Robocon\chassis\MR1_chassis\EWARM\chassis\Obj\stm32f4xx_hal_tim_ex.o
#        C:\Users\wangyunxuan\Desktop\Robocon\chassis\MR1_chassis\EWARM\chassis\Obj\stm32f4xx_hal_uart.o
#        C:\Users\wangyunxuan\Desktop\Robocon\chassis\MR1_chassis\EWARM\chassis\Obj\stm32f4xx_it.o
#        C:\Users\wangyunxuan\Desktop\Robocon\chassis\MR1_chassis\EWARM\chassis\Obj\system_stm32f4xx.o
#        C:\Users\wangyunxuan\Desktop\Robocon\chassis\MR1_chassis\EWARM\chassis\Obj\tim.o
#        C:\Users\wangyunxuan\Desktop\Robocon\chassis\MR1_chassis\EWARM\chassis\Obj\track.o
#        C:\Users\wangyunxuan\Desktop\Robocon\chassis\MR1_chassis\EWARM\chassis\Obj\usart.o
#        C:\Users\wangyunxuan\Desktop\Robocon\chassis\MR1_chassis\EWARM\chassis\Obj\vega.o
#        --redirect _Printf=_PrintfFull --redirect _Scanf=_ScanfFull -o
#        C:\Users\wangyunxuan\Desktop\Robocon\chassis\MR1_chassis\EWARM\chassis\Exe\chassis.out
#        --map
#        C:\Users\wangyunxuan\Desktop\Robocon\chassis\MR1_chassis\EWARM\chassis\List\chassis.map
#        --config
#        C:\Users\wangyunxuan\Desktop\Robocon\chassis\MR1_chassis\EWARM/stm32f407xx_flash.icf
#        --semihosting --entry __iar_program_start --vfe --text_out locale)
#
###############################################################################

*******************************************************************************
*** RUNTIME MODEL ATTRIBUTES
***

CppFlavor       = *
__Heap_Handler  = NoFree
__SystemLibrary = DLib
__dlib_version  = 6


*******************************************************************************
*** HEAP SELECTION
***

The no free heap was selected because no calls to memory
deallocation functions were found in the application.


*******************************************************************************
*** PLACEMENT SUMMARY
***

"A0":  place at 0x08000000 { ro section .intvec };
"P1":  place in [from 0x08000000 to 0x080fffff] { ro };
define block CSTACK with size = 1K, alignment = 8 { };
define block HEAP with size = 512, alignment = 8 { };
"P2":  place in [from 0x20000000 to 0x2001ffff] {
          rw, block CSTACK, block HEAP };
initialize by copy { rw };

  Section            Kind        Address     Size  Object
  -------            ----        -------     ----  ------
"A0":                                       0x188
  .intvec            ro code  0x08000000    0x188  startup_stm32f407xx.o [1]
                            - 0x08000188    0x188

"P1":                                      0x991e
  .text              ro code  0x08000188   0x121c  chassis.o [1]
  .text              ro code  0x080013a4    0x29c  can.o [1]
  .text              ro code  0x08001640    0x518  track.o [1]
  .text              ro code  0x08001b58    0x158  vega.o [1]
  .text              ro code  0x08001cb0     0x1e  stm32f4xx_hal.o [1]
  .text              ro code  0x08001cce     0x7a  lz77_init_single.o [5]
  .text              ro code  0x08001d48     0x54  maxon.o [1]
  .text              ro code  0x08001d9c    0x628  usart.o [1]
  .text              ro code  0x080023c4     0x22  S32ToDbl.o [4]
  .text              ro code  0x080023e6     0x1e  xencoding_8859_1.o [3]
  .text              ro code  0x08002404    0x1a2  DblMul.o [4]
  .text              ro code  0x080025a6     0x1a  xsnprout.o [3]
  .text              ro code  0x080025c0     0x68  DblToFlt.o [4]
  .text              ro code  0x08002628     0x48  FltToDbl.o [4]
  .text              ro code  0x08002670    0x178  DblAdd.o [4]
  .text              ro code  0x080027e8      0x8  abs.o [3]
  .text              ro code  0x080027f0     0x52  math_wrappers64.o [4]
  .text              ro code  0x08002844    0x102  sqrt.o [4]
  .text              ro code  0x08002948     0xe2  DblSub.o [4]
  .text              ro code  0x08002a2c     0x2e  DblCmpGe.o [4]
  .text              ro code  0x08002a5c    0x246  DblDiv.o [4]
  .text              ro code  0x08002ca4     0x3a  DblToS32.o [4]
  .text              ro code  0x08002ce0     0x2e  DblCmpLe.o [4]
  .text              ro code  0x08002d10    0xbc6  stm32f4xx_hal_can.o [1]
  .text              ro code  0x080038d8    0x1be  main.o [1]
  .text              ro code  0x08003a98    0x254  stm32f4xx_hal_gpio.o [1]
  .text              ro code  0x08003cec    0x174  stm32f4xx_hal_cortex.o [1]
  .text              ro code  0x08003e60     0x24  ABIassert.o [6]
  .text              ro code  0x08003e84     0xa6  ABImemcpy.o [5]
  .text              ro code  0x08003f2c      0xc  stm32f4xx_hal.o [1]
  .text              ro code  0x08003f38    0x7e8  stm32f4xx_hal_uart.o [1]
  .text              ro code  0x08004720     0x3c  vsnprint.o [3]
  .text              ro code  0x0800475c    0x160  cmd.o [1]
  .text              ro code  0x080048bc     0x6c  system_stm32f4xx.o [1]
  .text              ro code  0x08004928    0x5a0  strto64.o [4]
  .text              ro code  0x08004ec8    0x13c  atan2_64.o [4]
  .text              ro code  0x08005004     0x4c  exp64.o [4]
  .text              ro code  0x08005050    0xb28  pow64.o [4]
  .text              ro code  0x08005b78    0x44c  cos_sin64.o [4]
  .text              ro code  0x08005fc4      0x2  stm32f4xx_hal_can.o [1]
  .text              ro code  0x08005fc8     0x40  stm32f4xx_hal.o [1]
  .text              ro code  0x08006008     0xb4  gpio.o [1]
  .text              ro code  0x080060bc    0x20c  tim.o [1]
  .text              ro code  0x080062c8    0x390  stm32f4xx_hal_rcc.o [1]
  .text              ro code  0x08006658    0x228  stm32f4xx_hal_rcc.o [1]
  .text              ro code  0x08006880      0x6  abort.o [3]
  .text              ro code  0x08006888     0x28  stm32f4xx_hal_dma.o [1]
  .text              ro code  0x080068b0      0x2  stm32f4xx_hal_uart.o [1]
  .text              ro code  0x080068b4    0xf96  xprintffull.o [3]
  .text              ro code  0x0800784c     0x44  no_free_heap0.o [3]
  .text              ro code  0x08007890     0x4a  strcmp.o [5]
  .text              ro code  0x080078dc     0x66  ABImemset.o [5]
  .text              ro code  0x08007944     0x70  frexp.o [4]
  .text              ro code  0x080079b4    0x13a  ldexp.o [4]
  .text              ro code  0x08007aee    0x122  iar_Stopfx.o [3]
  .text              ro code  0x08007c10    0x1c8  iar_Stoflt.o [3]
  .text              ro code  0x08007dd8    0x21c  iar_Stoxflt.o [3]
  .rodata            const    0x08007ff4     0x44  can.o [1]
  .text              ro code  0x08008038    0x208  iar_Atan64.o [4]
  .text              ro code  0x08008240    0x418  iar_Exp64.o [4]
  .text              ro code  0x08008658     0x20  DblCmpEq.o [4]
  .text              ro code  0x08008678     0x28  stm32f4xx_hal.o [1]
  .text              ro code  0x080086a0     0x5e  stm32f4xx_hal_msp.o [1]
  .text              ro code  0x08008700    0x418  stm32f4xx_hal_tim.o [1]
  .text              ro code  0x08008b18     0xbe  stm32f4xx_hal_tim_ex.o [1]
  .text              ro code  0x08008bd8    0x22e  I64DivMod.o [5]
  .text              ro code  0x08008e08     0x14  exit.o [6]
  .text              ro code  0x08008e1c     0xb0  xlocale_c.o [3]
  .text              ro code  0x08008ecc     0x16  strchr.o [5]
  .text              ro code  0x08008ee4     0x40  xfail_s.o [3]
  .text              ro code  0x08008f24     0x36  strlen.o [5]
  .text              ro code  0x08008f5c     0x58  memchr.o [5]
  .text              ro code  0x08008fb4      0xa  xmbcurmax.o [3]
  .text              ro code  0x08008fc0     0x28  DblToU32.o [4]
  .text              ro code  0x08008fe8     0x1a  U32ToDbl.o [4]
  .text              ro code  0x08009004     0x2c  xgetmemchunk.o [3]
  .text              ro code  0x08009030     0x14  isspace.o [3]
  .text              ro code  0x08009044     0x14  isalpha.o [3]
  .text              ro code  0x08009058      0x2  I64DivZer.o [5]
  .text              ro code  0x0800905c    0x200  cmd_func.o [1]
  .text              ro code  0x0800925c    0x174  iar_Stoulx.o [3]
  .text              ro code  0x080093d0     0x14  tolower.o [3]
  .rodata            const    0x080093e4     0x50  tim.o [1]
  .rodata            const    0x08009434     0x48  usart.o [1]
  .rodata            const    0x0800947c     0x44  main.o [1]
  .text              ro code  0x080094c0     0x40  zero_init3.o [5]
  .text              ro code  0x08009500     0x38  stm32f4xx_it.o [1]
  .text              ro code  0x08009538     0x10  stm32f4xx_hal.o [1]
  .text              ro code  0x08009548     0x28  data_init.o [5]
  .text              ro code  0x08009570     0x22  fpinit_M.o [4]
  .iar.init_table    const    0x08009594     0x20  - Linker created -
  .rodata            const    0x080095b4     0x20  chassis.o [1]
  .rodata            const    0x080095d4     0x20  cmd_func.o [1]
  .rodata            const    0x080095f4     0x20  cmd_func.o [1]
  .text              ro code  0x08009614     0x1e  cmain.o [5]
  .text              ro code  0x08009632      0x4  low_level_init.o [3]
  .text              ro code  0x08009636      0x4  exit.o [3]
  .text              ro code  0x0800963c      0xa  cexit.o [5]
  .rodata            const    0x08009648     0x1c  cmd.o [1]
  .rodata            const    0x08009664     0x18  chassis.o [1]
  .rodata            const    0x0800967c     0x14  cmd.o [1]
  .rodata            const    0x08009690     0x14  usart.o [1]
  .rodata            const    0x080096a4     0x14  vega.o [1]
  .rodata            const    0x080096b8     0x14  vega.o [1]
  .rodata            const    0x080096cc     0x14  vega.o [1]
  .rodata            const    0x080096e0     0x10  can.o [1]
  .rodata            const    0x080096f0     0x10  system_stm32f4xx.o [1]
  .rodata            const    0x08009700     0x10  usart.o [1]
  .rodata            const    0x08009710     0x10  usart.o [1]
  .text              ro code  0x08009720     0x10  startup_stm32f407xx.o [1]
  .rodata            const    0x08009730      0xc  cmd_func.o [1]
  .rodata            const    0x0800973c      0xc  cmd_func.o [1]
  .text              ro code  0x08009748      0xc  cstartup_M.o [5]
  .rodata            const    0x08009754      0x8  can.o [1]
  .rodata            const    0x0800975c      0x8  chassis.o [1]
  .rodata            const    0x08009764      0x8  chassis.o [1]
  .rodata            const    0x0800976c      0x8  chassis.o [1]
  .rodata            const    0x08009774      0x8  chassis.o [1]
  .rodata            const    0x0800977c      0x8  chassis.o [1]
  .rodata            const    0x08009784      0x8  chassis.o [1]
  .rodata            const    0x0800978c      0x8  chassis.o [1]
  .rodata            const    0x08009794      0x8  chassis.o [1]
  .rodata            const    0x0800979c      0x8  chassis.o [1]
  .rodata            const    0x080097a4      0x8  chassis.o [1]
  .rodata            const    0x080097ac      0x8  chassis.o [1]
  .rodata            const    0x080097b4      0x8  chassis.o [1]
  .rodata            const    0x080097bc      0x8  chassis.o [1]
  .rodata            const    0x080097c4      0x8  system_stm32f4xx.o [1]
  .rodata            const    0x080097cc      0x6  xlocale_c.o [3]
  .text              ro code  0x080097d2      0x4  startup_stm32f407xx.o [1]
  .text              ro code  0x080097d6      0x4  startup_stm32f407xx.o [1]
  .text              ro code  0x080097da      0x4  startup_stm32f407xx.o [1]
  .text              ro code  0x080097de      0x4  startup_stm32f407xx.o [1]
  .text              ro code  0x080097e2      0x4  startup_stm32f407xx.o [1]
  .text              ro code  0x080097e6      0x4  startup_stm32f407xx.o [1]
  .text              ro code  0x080097ea      0x4  startup_stm32f407xx.o [1]
  .text              ro code  0x080097ee      0x4  startup_stm32f407xx.o [1]
  .text              ro code  0x080097f2      0x4  startup_stm32f407xx.o [1]
  .text              ro code  0x080097f6      0x4  startup_stm32f407xx.o [1]
  .text              ro code  0x080097fa      0x4  startup_stm32f407xx.o [1]
  .text              ro code  0x080097fe      0x4  startup_stm32f407xx.o [1]
  .text              ro code  0x08009802      0x4  startup_stm32f407xx.o [1]
  .text              ro code  0x08009806      0x4  startup_stm32f407xx.o [1]
  .text              ro code  0x0800980a      0x4  startup_stm32f407xx.o [1]
  .text              ro code  0x0800980e      0x4  startup_stm32f407xx.o [1]
  .text              ro code  0x08009812      0x4  startup_stm32f407xx.o [1]
  .text              ro code  0x08009816      0x4  startup_stm32f407xx.o [1]
  .text              ro code  0x0800981a      0x4  startup_stm32f407xx.o [1]
  .text              ro code  0x0800981e      0x4  startup_stm32f407xx.o [1]
  .text              ro code  0x08009822      0x4  startup_stm32f407xx.o [1]
  .text              ro code  0x08009826      0x4  startup_stm32f407xx.o [1]
  .text              ro code  0x0800982a      0x4  startup_stm32f407xx.o [1]
  .text              ro code  0x0800982e      0x4  startup_stm32f407xx.o [1]
  .text              ro code  0x08009832      0x4  startup_stm32f407xx.o [1]
  .text              ro code  0x08009836      0x4  startup_stm32f407xx.o [1]
  .text              ro code  0x0800983a      0x4  startup_stm32f407xx.o [1]
  .text              ro code  0x0800983e      0x4  startup_stm32f407xx.o [1]
  .text              ro code  0x08009842      0x4  startup_stm32f407xx.o [1]
  .text              ro code  0x08009846      0x4  startup_stm32f407xx.o [1]
  .text              ro code  0x0800984a      0x4  startup_stm32f407xx.o [1]
  .text              ro code  0x0800984e      0x4  startup_stm32f407xx.o [1]
  .text              ro code  0x08009852      0x4  startup_stm32f407xx.o [1]
  .text              ro code  0x08009856      0x4  startup_stm32f407xx.o [1]
  .text              ro code  0x0800985a      0x4  startup_stm32f407xx.o [1]
  .text              ro code  0x0800985e      0x4  startup_stm32f407xx.o [1]
  .text              ro code  0x08009862      0x4  startup_stm32f407xx.o [1]
  .text              ro code  0x08009866      0x4  startup_stm32f407xx.o [1]
  .text              ro code  0x0800986a      0x4  startup_stm32f407xx.o [1]
  .text              ro code  0x0800986e      0x4  startup_stm32f407xx.o [1]
  .text              ro code  0x08009872      0x4  startup_stm32f407xx.o [1]
  .text              ro code  0x08009876      0x4  startup_stm32f407xx.o [1]
  .text              ro code  0x0800987a      0x4  startup_stm32f407xx.o [1]
  .text              ro code  0x0800987e      0x4  startup_stm32f407xx.o [1]
  .text              ro code  0x08009882      0x4  startup_stm32f407xx.o [1]
  .text              ro code  0x08009886      0x4  startup_stm32f407xx.o [1]
  .text              ro code  0x0800988a      0x4  startup_stm32f407xx.o [1]
  .text              ro code  0x0800988e      0x4  startup_stm32f407xx.o [1]
  .text              ro code  0x08009892      0x4  startup_stm32f407xx.o [1]
  .text              ro code  0x08009896      0x4  startup_stm32f407xx.o [1]
  .text              ro code  0x0800989a      0x4  startup_stm32f407xx.o [1]
  .text              ro code  0x0800989e      0x4  startup_stm32f407xx.o [1]
  .text              ro code  0x080098a2      0x4  startup_stm32f407xx.o [1]
  .text              ro code  0x080098a6      0x4  startup_stm32f407xx.o [1]
  .text              ro code  0x080098aa      0x4  startup_stm32f407xx.o [1]
  .text              ro code  0x080098ae      0x4  startup_stm32f407xx.o [1]
  .text              ro code  0x080098b2      0x4  startup_stm32f407xx.o [1]
  .text              ro code  0x080098b6      0x4  startup_stm32f407xx.o [1]
  .text              ro code  0x080098ba      0x4  startup_stm32f407xx.o [1]
  .text              ro code  0x080098be      0x4  startup_stm32f407xx.o [1]
  .text              ro code  0x080098c2      0x4  startup_stm32f407xx.o [1]
  .text              ro code  0x080098c6      0x4  startup_stm32f407xx.o [1]
  .text              ro code  0x080098ca      0x4  startup_stm32f407xx.o [1]
  .text              ro code  0x080098ce      0x4  startup_stm32f407xx.o [1]
  .text              ro code  0x080098d2      0x4  startup_stm32f407xx.o [1]
  .text              ro code  0x080098d6      0x4  startup_stm32f407xx.o [1]
  .text              ro code  0x080098da      0x4  startup_stm32f407xx.o [1]
  .text              ro code  0x080098de      0x4  startup_stm32f407xx.o [1]
  .text              ro code  0x080098e2      0x4  startup_stm32f407xx.o [1]
  .text              ro code  0x080098e6      0x4  startup_stm32f407xx.o [1]
  .text              ro code  0x080098ea      0x4  startup_stm32f407xx.o [1]
  .text              ro code  0x080098ee      0x4  startup_stm32f407xx.o [1]
  .text              ro code  0x080098f2      0x4  startup_stm32f407xx.o [1]
  .text              ro code  0x080098f6      0x4  startup_stm32f407xx.o [1]
  .text              ro code  0x080098fa      0x4  startup_stm32f407xx.o [1]
  .text              ro code  0x080098fe      0x4  startup_stm32f407xx.o [1]
  .text              ro code  0x08009902      0x4  startup_stm32f407xx.o [1]
  .text              ro code  0x08009906      0x4  startup_stm32f407xx.o [1]
  .text              ro code  0x0800990a      0x4  startup_stm32f407xx.o [1]
  .rodata            const    0x0800990e      0x0  zero_init3.o [5]
  .rodata            const    0x0800990e      0x0  lz77_init_single.o [5]
  Initializer bytes  const    0x0800990e    0x198  <for P2-1>
                            - 0x08009aa6   0x991e

"P2", part 1 of 3:                          0x45c
  P2-1                        0x20000000    0x45c  <Init block>
    .data            inited   0x20000000      0x8  track.o [1]
    .data            inited   0x20000008      0x4  chassis.o [1]
    .data            inited   0x2000000c      0x4  chassis.o [1]
    .data            inited   0x20000010      0x4  chassis.o [1]
    .data            inited   0x20000014    0x39c  cmd.o [1]
    .data            inited   0x200003b0      0xc  maxon.o [1]
    .data            inited   0x200003bc      0x4  system_stm32f4xx.o [1]
    .data            inited   0x200003c0      0x4  track.o [1]
    .data            inited   0x200003c4     0x18  usart.o [1]
    .data            inited   0x200003dc     0x38  xlocale_c.o [3]
    .data            inited   0x20000414     0x48  xlocale_c.o [3]
                            - 0x2000045c    0x45c

"P2", part 2 of 3:                        0x17d68
  .bss               zero     0x20000460   0x5dc0  chassis.o [1]
  .bss               zero     0x20006220   0x5dc0  chassis.o [1]
  .bss               zero     0x2000bfe0   0x2ee0  track.o [1]
  .bss               zero     0x2000eec0   0x2ee0  track.o [1]
  .bss               zero     0x20011da0   0x2ee0  track.o [1]
  .bss               zero     0x20014c80   0x2ee0  track.o [1]
  .bss               zero     0x20017b60    0x190  can.o [1]
  .bss               zero     0x20017cf0     0xc8  usart.o [1]
  .bss               zero     0x20017db8     0x68  usart.o [1]
  .bss               zero     0x20017e20     0x4c  chassis.o [1]
  .bss               zero     0x20017e6c     0x44  can.o [1]
  .bss               zero     0x20017eb0     0x40  usart.o [1]
  .bss               zero     0x20017ef0     0x40  usart.o [1]
  .bss               zero     0x20017f30     0x40  usart.o [1]
  .bss               zero     0x20017f70     0x40  usart.o [1]
  .bss               zero     0x20017fb0     0x40  usart.o [1]
  .bss               zero     0x20017ff0     0x3c  tim.o [1]
  .bss               zero     0x2001802c     0x3c  tim.o [1]
  .bss               zero     0x20018068     0x30  cmd.o [1]
  .bss               zero     0x20018098     0x28  can.o [1]
  .bss               zero     0x200180c0     0x24  can.o [1]
  .bss               zero     0x200180e4     0x20  chassis.o [1]
  .bss               zero     0x20018104     0x1c  can.o [1]
  .bss               zero     0x20018120      0x8  chassis.o [1]
  .bss               zero     0x20018128      0x8  chassis.o [1]
  .bss               zero     0x20018130      0x4  can.o [1]
  .bss               zero     0x20018134      0x4  chassis.o [1]
  .bss               zero     0x20018138      0x4  chassis.o [1]
  .bss               zero     0x2001813c      0x4  chassis.o [1]
  .bss               zero     0x20018140      0x4  chassis.o [1]
  .bss               zero     0x20018144      0x4  chassis.o [1]
  .bss               zero     0x20018148      0x4  chassis.o [1]
  .bss               zero     0x2001814c      0x4  chassis.o [1]
  .bss               zero     0x20018150      0x4  chassis.o [1]
  .bss               zero     0x20018154      0x4  chassis.o [1]
  .bss               zero     0x20018158      0x4  chassis.o [1]
  .bss               zero     0x2001815c      0x4  chassis.o [1]
  .bss               zero     0x20018160      0x4  chassis.o [1]
  .bss               zero     0x20018164      0x4  chassis.o [1]
  .bss               zero     0x20018168      0x4  chassis.o [1]
  .bss               zero     0x2001816c      0x4  chassis.o [1]
  .bss               zero     0x20018170      0x4  chassis.o [1]
  .bss               zero     0x20018174      0x4  chassis.o [1]
  .bss               zero     0x20018178      0x4  chassis.o [1]
  .bss               zero     0x2001817c      0x4  chassis.o [1]
  .bss               zero     0x20018180      0x4  chassis.o [1]
  .bss               zero     0x20018184      0x4  chassis.o [1]
  .bss               zero     0x20018188      0x4  chassis.o [1]
  .bss               zero     0x2001818c      0x4  chassis.o [1]
  .bss               zero     0x20018190      0x4  main.o [1]
  .bss               zero     0x20018194      0x4  main.o [1]
  .bss               zero     0x20018198      0x4  main.o [1]
  .bss               zero     0x2001819c      0x4  stm32f4xx_hal.o [1]
  .bss               zero     0x200181a0      0x4  vega.o [1]
  .bss               zero     0x200181a4      0x4  vega.o [1]
  .bss               zero     0x200181a8      0x4  vega.o [1]
  .bss               zero     0x200181ac      0x4  xfail_s.o [3]
  .bss               zero     0x200181b0      0x4  no_free_heap0.o [3]
  .bss               zero     0x200181b4      0x4  xgetmemchunk.o [3]
  .bss               zero     0x200181b8      0x2  usart.o [1]
  .bss               zero     0x200181ba      0x1  chassis.o [1]
  .bss               zero     0x200181bb      0x1  chassis.o [1]
  .bss               zero     0x200181bc      0x1  chassis.o [1]
  .bss               zero     0x200181bd      0x1  chassis.o [1]
  .bss               zero     0x200181be      0x1  chassis.o [1]
  .bss               zero     0x200181bf      0x1  chassis.o [1]
  .bss               zero     0x200181c0      0x1  usart.o [1]
                            - 0x200181c1  0x17d65

"P2", part 3 of 3:                          0x600
  CSTACK                      0x200181c8    0x400  <Block>
    CSTACK           uninit   0x200181c8    0x400  <Block tail>
  HEAP                        0x200185c8    0x200  <Block>
    HEAP             uninit   0x200185c8    0x200  <Block tail>
                            - 0x200187c8    0x600


*******************************************************************************
*** INIT TABLE
***

          Address     Size
          -------     ----
Zero (__iar_zero_init3)
    1 destination range, total size 0x17d61:
          0x20000460  0x17d61

Copy/lz77 (__iar_lz77_init_single3)
    1 source range, total size 0x198 (36% of destination):
          0x0800990e    0x198
    1 destination range, total size 0x45c:
          0x20000000    0x45c



*******************************************************************************
*** MODULE SUMMARY
***

    Module                  ro code  ro data  rw data
    ------                  -------  -------  -------
C:\Users\wangyunxuan\Desktop\Robocon\chassis\MR1_chassis\EWARM\chassis\Obj: [1]
    can.o                       668       92      576
    chassis.o                 4 636      165   48 234
    cmd.o                       352      386      972
    cmd_func.o                  512       88
    gpio.o                      180
    main.o                      446       68       12
    maxon.o                      84        4       12
    startup_stm32f407xx.o       724
    stm32f4xx_hal.o             162                 4
    stm32f4xx_hal_can.o       3 016
    stm32f4xx_hal_cortex.o      372
    stm32f4xx_hal_dma.o          40
    stm32f4xx_hal_gpio.o        596
    stm32f4xx_hal_msp.o          94
    stm32f4xx_hal_rcc.o       1 464
    stm32f4xx_hal_tim.o       1 048
    stm32f4xx_hal_tim_ex.o      190
    stm32f4xx_hal_uart.o      2 026
    stm32f4xx_it.o               56
    system_stm32f4xx.o          108       25        4
    tim.o                       524       80      120
    track.o                   1 304        4   48 012
    usart.o                   1 576      133      651
    vega.o                      344       60       12
    -------------------------------------------------
    Total:                   20 522    1 105   98 609

command line: [2]
    -------------------------------------------------
    Total:

dl7M_tlf.a: [3]
    abort.o                       6
    abs.o                         8
    exit.o                        4
    iar_Stoflt.o                456
    iar_Stopfx.o                290
    iar_Stoulx.o                372
    iar_Stoxflt.o               540
    isalpha.o                    20
    isspace.o                    20
    low_level_init.o              4
    no_free_heap0.o              68                 4
    tolower.o                    20
    vsnprint.o                   60
    xencoding_8859_1.o           30
    xfail_s.o                    64                 4
    xgetmemchunk.o               44                 4
    xlocale_c.o                 176       53      128
    xmbcurmax.o                  10
    xprintffull.o             3 990
    xsnprout.o                   26
    -------------------------------------------------
    Total:                    6 208       53      140

m7M_tls.a: [4]
    DblAdd.o                    376
    DblCmpEq.o                   32
    DblCmpGe.o                   46
    DblCmpLe.o                   46
    DblDiv.o                    582
    DblMul.o                    418
    DblSub.o                    226
    DblToFlt.o                  104
    DblToS32.o                   58
    DblToU32.o                   40
    FltToDbl.o                   72
    S32ToDbl.o                   34
    U32ToDbl.o                   26
    atan2_64.o                  316
    cos_sin64.o               1 100
    exp64.o                      76
    fpinit_M.o                   34
    frexp.o                     112
    iar_Atan64.o                520
    iar_Exp64.o               1 048
    ldexp.o                     314
    math_wrappers64.o            82
    pow64.o                   2 856
    sqrt.o                      258
    strto64.o                 1 440
    -------------------------------------------------
    Total:                   10 216

rt7M_tl.a: [5]
    ABImemcpy.o                 166
    ABImemset.o                 102
    I64DivMod.o                 558
    I64DivZer.o                   2
    cexit.o                      10
    cmain.o                      30
    cstartup_M.o                 12
    data_init.o                  40
    lz77_init_single.o          122
    memchr.o                     88
    strchr.o                     22
    strcmp.o                     74
    strlen.o                     54
    zero_init3.o                 64
    -------------------------------------------------
    Total:                    1 344

shb_l.a: [6]
    ABIassert.o                  36
    exit.o                       20
    -------------------------------------------------
    Total:                       56

    Gaps                         50        4        4
    Linker created                        32    1 536
-----------------------------------------------------
    Grand Total:             38 396    1 194  100 289


*******************************************************************************
*** ENTRY LIST
***

Entry                      Address    Size  Type      Object
-----                      -------    ----  ----      ------
.iar.init_table$$Base   0x08009594           --   Gb  - Linker created -
.iar.init_table$$Limit  0x080095b4           --   Gb  - Linker created -
?main                   0x08009615          Code  Gb  cmain.o [5]
AHBPrescTable           0x080096f0    0x10  Data  Gb  system_stm32f4xx.o [1]
APBPrescTable           0x080097c4     0x8  Data  Gb  system_stm32f4xx.o [1]
BusFault_Handler        0x08009507     0x2  Code  Gb  stm32f4xx_it.o [1]
CAN1_RX0_IRQHandler     0x0800951d     0xa  Code  Gb  stm32f4xx_it.o [1]
CAN_LIST_MATCH          0x0800158b    0x32  Code  Gb  can.o [1]
CAN_Receive_IT          0x080036f7   0x1e0  Code  Lc  stm32f4xx_hal_can.o [1]
CAN_Transmit_IT         0x08003699    0x5e  Code  Lc  stm32f4xx_hal_can.o [1]
CSTACK$$Base            0x200181c8           --   Gb  - Linker created -
CSTACK$$Limit           0x200185c8           --   Gb  - Linker created -
CacheMore               0x08008e5d    0x24  Code  Lc  xlocale_c.o [3]
Configure_Filter        0x080014a1    0x48  Code  Gb  can.o [1]
DebugMon_Handler        0x0800950d     0x2  Code  Gb  stm32f4xx_it.o [1]
Dtentox                 0x08004add   0x19a  Code  Lc  strto64.o [4]
ERR_angle_m0            0x2000000c     0x4  Data  Gb  chassis.o [1]
ERR_angle_m1            0x20000008     0x4  Data  Gb  chassis.o [1]
ERR_angle_m3            0x20018134     0x4  Data  Gb  chassis.o [1]
HAL_CAN_ConfigFilter    0x08002eb9   0x108  Code  Gb  stm32f4xx_hal_can.o [1]
HAL_CAN_ErrorCallback   0x080015e5    0x26  Code  Gb  can.o [1]
HAL_CAN_IRQHandler      0x08003357   0x32c  Code  Gb  stm32f4xx_hal_can.o [1]
HAL_CAN_Init            0x08002d11   0x1a8  Code  Gb  stm32f4xx_hal_can.o [1]
HAL_CAN_MspInit         0x08001407    0x5c  Code  Gb  can.o [1]
HAL_CAN_Receive_IT      0x08003241   0x116  Code  Gb  stm32f4xx_hal_can.o [1]
HAL_CAN_RxCpltCallback  0x080015bd    0x28  Code  Gb  can.o [1]
HAL_CAN_Transmit        0x08002fc1   0x27c  Code  Gb  stm32f4xx_hal_can.o [1]
HAL_DMA_Abort_IT        0x08006889    0x28  Code  Gb  stm32f4xx_hal_dma.o [1]
HAL_Delay               0x08001cb1    0x1e  Code  Wk  stm32f4xx_hal.o [1]
HAL_GPIO_Init           0x08003a99   0x21c  Code  Gb  stm32f4xx_hal_gpio.o [1]
HAL_GetTick             0x08003f2d     0xc  Code  Wk  stm32f4xx_hal.o [1]
HAL_IncTick             0x08009539    0x10  Code  Wk  stm32f4xx_hal.o [1]
HAL_Init                0x08005fc9    0x3a  Code  Gb  stm32f4xx_hal.o [1]
HAL_InitTick            0x08008679    0x28  Code  Wk  stm32f4xx_hal.o [1]
HAL_MspInit             0x080086a1    0x5e  Code  Gb  stm32f4xx_hal_msp.o [1]
HAL_NVIC_EnableIRQ      0x08003dfd     0xe  Code  Gb  stm32f4xx_hal_cortex.o [1]
HAL_NVIC_SetPriority    0x08003dd3    0x2a  Code  Gb  stm32f4xx_hal_cortex.o [1]
HAL_NVIC_SetPriorityGrouping
                        0x08003dc7     0xc  Code  Gb  stm32f4xx_hal_cortex.o [1]
HAL_RCC_ClockConfig     0x08006659   0x14a  Code  Gb  stm32f4xx_hal_rcc.o [1]
HAL_RCC_GetHCLKFreq     0x080067a3     0x6  Code  Gb  stm32f4xx_hal_rcc.o [1]
HAL_RCC_GetPCLK1Freq    0x080067a9    0x16  Code  Gb  stm32f4xx_hal_rcc.o [1]
HAL_RCC_GetPCLK2Freq    0x080067bf    0x16  Code  Gb  stm32f4xx_hal_rcc.o [1]
HAL_RCC_OscConfig       0x080062c9   0x390  Code  Wk  stm32f4xx_hal_rcc.o [1]
HAL_SYSTICK_CLKSourceConfig
                        0x08003e17    0x20  Code  Gb  stm32f4xx_hal_cortex.o [1]
HAL_SYSTICK_Callback    0x080039ed    0x82  Code  Gb  main.o [1]
HAL_SYSTICK_Callback::time_1ms_cnt
                        0x20018198     0x4  Data  Lc  main.o [1]
HAL_SYSTICK_Config      0x08003e0b     0xc  Code  Gb  stm32f4xx_hal_cortex.o [1]
HAL_SYSTICK_IRQHandler  0x08003e59     0x8  Code  Gb  stm32f4xx_hal_cortex.o [1]
HAL_TIMEx_ConfigBreakDeadTime
                        0x08008b73    0x64  Code  Gb  stm32f4xx_hal_tim_ex.o [1]
HAL_TIMEx_MasterConfigSynchronization
                        0x08008b19    0x5a  Code  Gb  stm32f4xx_hal_tim_ex.o [1]
HAL_TIM_MspPostInit     0x08006253    0x56  Code  Gb  tim.o [1]
HAL_TIM_PWM_ConfigChannel
                        0x08008739   0x100  Code  Gb  stm32f4xx_hal_tim.o [1]
HAL_TIM_PWM_Init        0x08008701    0x38  Code  Gb  stm32f4xx_hal_tim.o [1]
HAL_TIM_PWM_MspInit     0x08006203    0x50  Code  Gb  tim.o [1]
HAL_UART_ErrorCallback  0x0800228f     0x2  Code  Gb  usart.o [1]
HAL_UART_IRQHandler     0x080040f5   0x14a  Code  Gb  stm32f4xx_hal_uart.o [1]
HAL_UART_Init           0x08003f39    0x76  Code  Gb  stm32f4xx_hal_uart.o [1]
HAL_UART_MspInit        0x08001f91   0x1ba  Code  Gb  usart.o [1]
HAL_UART_Receive_IT     0x0800408f    0x66  Code  Gb  stm32f4xx_hal_uart.o [1]
HAL_UART_RxCpltCallback
                        0x08002179    0x94  Code  Gb  usart.o [1]
HAL_UART_Transmit       0x08003faf    0xe0  Code  Gb  stm32f4xx_hal_uart.o [1]
HEAP$$Base              0x200185c8           --   Gb  - Linker created -
HEAP$$Limit             0x200187c8           --   Gb  - Linker created -
HardFault_Handler       0x08009503     0x2  Code  Gb  stm32f4xx_it.o [1]
LoadInt                 0x08006aa3    0x7a  Code  Lc  xprintffull.o [3]
MX_CAN1_Init            0x080013a5    0x62  Code  Gb  can.o [1]
MX_GPIO_Init            0x08006009    0xb4  Code  Gb  gpio.o [1]
MX_TIM1_Init            0x080060bd    0xc4  Code  Gb  tim.o [1]
MX_TIM2_Init            0x08006181    0x82  Code  Gb  tim.o [1]
MX_UART4_Init           0x08001d9d    0x5e  Code  Gb  usart.o [1]
MX_UART5_Init           0x08001dfb    0x7c  Code  Gb  usart.o [1]
MX_USART1_UART_Init     0x08001e77    0x5e  Code  Gb  usart.o [1]
MX_USART2_UART_Init     0x08001ed5    0x5e  Code  Gb  usart.o [1]
MX_USART3_UART_Init     0x08001f33    0x5e  Code  Gb  usart.o [1]
MemManage_Handler       0x08009505     0x2  Code  Gb  stm32f4xx_it.o [1]
NMI_Handler             0x08009501     0x2  Code  Gb  stm32f4xx_it.o [1]
NVIC_EnableIRQ          0x08003d13    0x16  Code  Lc  stm32f4xx_hal_cortex.o [1]
NVIC_EncodePriority     0x08003d55    0x42  Code  Lc  stm32f4xx_hal_cortex.o [1]
NVIC_GetPriorityGrouping
                        0x08003d09     0xa  Code  Lc  stm32f4xx_hal_cortex.o [1]
NVIC_SetPriority        0x08003d29    0x2c  Code  Lc  stm32f4xx_hal_cortex.o [1]
NVIC_SetPriorityGrouping
                        0x08003ced    0x1c  Code  Lc  stm32f4xx_hal_cortex.o [1]
PendSV_Handler          0x0800950f     0x2  Code  Gb  stm32f4xx_it.o [1]
Region$$Table$$Base     0x08009594           --   Gb  - Linker created -
Region$$Table$$Limit    0x080095b4           --   Gb  - Linker created -
RxMessage               0x200180c0    0x24  Data  Lc  can.o [1]
SVC_Handler             0x0800950b     0x2  Code  Gb  stm32f4xx_it.o [1]
SysTick_Config          0x08003d97    0x30  Code  Lc  stm32f4xx_hal_cortex.o [1]
SysTick_Handler         0x08009511     0xc  Code  Gb  stm32f4xx_it.o [1]
SystemClock_Config      0x08003929    0xc4  Code  Gb  main.o [1]
SystemCoreClock         0x200003bc     0x4  Data  Gb  system_stm32f4xx.o [1]
SystemInit              0x080048bd    0x4c  Code  Gb  system_stm32f4xx.o [1]
TIM_Base_SetConfig      0x08008839    0xec  Code  Gb  stm32f4xx_hal_tim.o [1]
TIM_OC1_SetConfig       0x080089a3    0x6e  Code  Lc  stm32f4xx_hal_tim.o [1]
TIM_OC2_SetConfig       0x08008925    0x7c  Code  Gb  stm32f4xx_hal_tim.o [1]
TIM_OC3_SetConfig       0x08008a11    0x76  Code  Lc  stm32f4xx_hal_tim.o [1]
TIM_OC4_SetConfig       0x08008a87    0x64  Code  Lc  stm32f4xx_hal_tim.o [1]
TxMessage               0x20018104    0x1c  Data  Lc  can.o [1]
UART5_IRQHandler        0x08009527     0xa  Code  Gb  stm32f4xx_it.o [1]
UART_DMAAbortOnError    0x080042d1    0x16  Code  Lc  stm32f4xx_hal_uart.o [1]
UART_EndRxTransfer      0x080042ad    0x20  Code  Lc  stm32f4xx_hal_uart.o [1]
UART_EndTransmit_IT     0x08004357    0x20  Code  Lc  stm32f4xx_hal_uart.o [1]
UART_Receive_IT         0x08004377    0xa2  Code  Lc  stm32f4xx_hal_uart.o [1]
UART_SetConfig          0x08004419   0x2fc  Code  Lc  stm32f4xx_hal_uart.o [1]
UART_Transmit_IT        0x080042e9    0x6e  Code  Lc  stm32f4xx_hal_uart.o [1]
UART_WaitOnFlagUntilTimeout
                        0x0800423f    0x6e  Code  Lc  stm32f4xx_hal_uart.o [1]
USART_RX_BUF            0x20017cf0    0xc8  Data  Gb  usart.o [1]
USART_RX_STA            0x200181b8     0x2  Data  Gb  usart.o [1]
UsageFault_Handler      0x08009509     0x2  Code  Gb  stm32f4xx_it.o [1]
_Encoding_8859_1_Mbrlen
                        0x080023f9     0x2  Code  Gb  xencoding_8859_1.o [3]
_Encoding_8859_1_Wctomb
                        0x080023e7    0x12  Code  Gb  xencoding_8859_1.o [3]
_Error_Handler          0x08003a95     0x2  Code  Gb  main.o [1]
_GenldFull              0x08007525   0x274  Code  Lc  xprintffull.o [3]
_LdtobFull              0x080070f9   0x3fe  Code  Lc  xprintffull.o [3]
_LitobFull              0x08006fa1   0x112  Code  Lc  xprintffull.o [3]
_LocaleC_isalpha        0x08008e23     0xc  Code  Gb  xlocale_c.o [3]
_LocaleC_islower        0x08008e1d     0x4  Code  Gb  xlocale_c.o [3]
_LocaleC_isspace        0x08008e39    0x14  Code  Gb  xlocale_c.o [3]
_LocaleC_isupper        0x08008e21     0x2  Code  Gb  xlocale_c.o [3]
_LocaleC_tolower        0x08008e4d     0xc  Code  Gb  xlocale_c.o [3]
_Locale_lconv           0x200003dc    0x38  Data  Lc  xlocale_c.o [3]
_PrintfFull             0x080068b5   0x1d6  Code  Gb  xprintffull.o [3]
_PutcharsFull           0x08007799    0x2e  Code  Lc  xprintffull.o [3]
_PutfldFull             0x08006b1d   0x2d0  Code  Lc  xprintffull.o [3]
_PutstrFull             0x08006ee3    0xbe  Code  Lc  xprintffull.o [3]
_PuttxtFull             0x08006ded    0xf6  Code  Lc  xprintffull.o [3]
_SNProut                0x080025a7    0x1a  Code  Gb  xsnprout.o [3]
__aeabi_assert          0x08003e61    0x24  Code  Gb  ABIassert.o [6]
__aeabi_cdcmpeq         0x08008659          Code  Gb  DblCmpEq.o [4]
__aeabi_cdcmple         0x08002ce1          Code  Gb  DblCmpLe.o [4]
__aeabi_cdrcmple        0x08002a2d          Code  Gb  DblCmpGe.o [4]
__aeabi_d2f             0x080025c1          Code  Gb  DblToFlt.o [4]
__aeabi_d2iz            0x08002ca5          Code  Gb  DblToS32.o [4]
__aeabi_d2uiz           0x08008fc1          Code  Gb  DblToU32.o [4]
__aeabi_dadd            0x08002671          Code  Gb  DblAdd.o [4]
__aeabi_ddiv            0x08002a5d          Code  Gb  DblDiv.o [4]
__aeabi_dmul            0x08002405          Code  Gb  DblMul.o [4]
__aeabi_dsub            0x08002949          Code  Gb  DblSub.o [4]
__aeabi_f2d             0x08002629          Code  Gb  FltToDbl.o [4]
__aeabi_i2d             0x080023c5          Code  Gb  S32ToDbl.o [4]
__aeabi_ldiv0           0x08009059          Code  Gb  I64DivZer.o [5]
__aeabi_memcpy          0x08003e85          Code  Gb  ABImemcpy.o [5]
__aeabi_memcpy4         0x08003ea5          Code  Gb  ABImemcpy.o [5]
__aeabi_memcpy8         0x08003ea5          Code  Gb  ABImemcpy.o [5]
__aeabi_memset          0x080078dd          Code  Gb  ABImemset.o [5]
__aeabi_ui2d            0x08008fe9          Code  Gb  U32ToDbl.o [4]
__aeabi_uldivmod        0x08008bd9          Code  Gb  I64DivMod.o [5]
__cmain                 0x08009615          Code  Gb  cmain.o [5]
__data_GetMemChunk      0x08009005    0x2c  Code  Gb  xgetmemchunk.o [3]
__data_GetMemChunk::start
                        0x200181b4     0x4  Data  Lc  xgetmemchunk.o [3]
__exit                  0x08008e09    0x14  Code  Gb  exit.o [6]
__iar_Atan64            0x08008039   0x170  Code  Gb  iar_Atan64.o [4]
__iar_Exp64             0x08008241   0x3b8  Code  Gb  iar_Exp64.o [4]
__iar_Fail_s            0x08008ee5    0x1c  Code  Gb  xfail_s.o [3]
__iar_Mbcurmax          0x08008fb5     0xa  Code  Gb  xmbcurmax.o [3]
__iar_Memchr            0x08008f5d          Code  Gb  memchr.o [5]
__iar_Memset            0x080078dd          Code  Gb  ABImemset.o [5]
__iar_Memset_word       0x080078e5          Code  Gb  ABImemset.o [5]
__iar_Pow64             0x08005051   0x654  Code  Lc  pow64.o [4]
__iar_Sin64             0x08005b79   0x3b2  Code  Lc  cos_sin64.o [4]
__iar_Sto64             0x08004c89   0x1a6  Code  Gb  strto64.o [4]
__iar_Stoflt            0x08007c11   0x1c8  Code  Gb  iar_Stoflt.o [3]
__iar_Stopfx            0x08007aef   0x122  Code  Gb  iar_Stopfx.o [3]
__iar_Stoulx            0x0800925d   0x112  Code  Gb  iar_Stoulx.o [3]
__iar_Stoxflt           0x08007dd9   0x1e6  Code  Gb  iar_Stoxflt.o [3]
__iar_Stoxflt::digits   0x08007fc4    0x18  Data  Lc  iar_Stoxflt.o [3]
__iar_Stoxflt::vals     0x08007fdc    0x18  Data  Lc  iar_Stoxflt.o [3]
__iar_Strchr            0x08008ecd          Code  Gb  strchr.o [5]
__iar_atan2_64          0x08004ec9   0x13c  Code  Gb  atan2_64.o [4]
__iar_cos64             0x08005fbd     0x4  Code  Gb  cos_sin64.o [4]
__iar_cos_medium        0x08005fbd     0x4  Code  Gb  cos_sin64.o [4]
__iar_cos_medium64      0x08005fbd     0x4  Code  Gb  cos_sin64.o [4]
__iar_cos_mediuml       0x08005fbd     0x4  Code  Gb  cos_sin64.o [4]
__iar_dadd              0x08002959          Code  Gb  DblSub.o [4]
__iar_data_init3        0x08009549    0x28  Code  Gb  data_init.o [5]
__iar_dsub              0x08002681          Code  Gb  DblAdd.o [4]
__iar_dsubStart         0x08002693          Code  Gb  DblAdd.o [4]
__iar_exp64             0x08005005    0x4c  Code  Gb  exp64.o [4]
__iar_exp_medium        0x08005005    0x4c  Code  Gb  exp64.o [4]
__iar_exp_medium64      0x08005005    0x4c  Code  Gb  exp64.o [4]
__iar_exp_mediuml       0x08005005    0x4c  Code  Gb  exp64.o [4]
__iar_frexp             0x08007951          Code  Gb  frexp.o [4]
__iar_frexpl            0x08007951          Code  Gb  frexp.o [4]
__iar_globLocale        0x20000414    0x48  Data  Lc  xlocale_c.o [3]
__iar_global_Locale     0x08008e59     0x4  Code  Gb  xlocale_c.o [3]
__iar_init_vfp          0x08009571          Code  Gb  fpinit_M.o [4]
__iar_ldexp64           0x080079b5          Code  Gb  ldexp.o [4]
__iar_lz77_init_single3
                        0x08001ccf    0x7a  Code  Gb  lz77_init_single.o [5]
__iar_pow64             0x08005745    0x14  Code  Gb  pow64.o [4]
__iar_pow_medium        0x08005745    0x14  Code  Gb  pow64.o [4]
__iar_pow_medium64      0x08005745    0x14  Code  Gb  pow64.o [4]
__iar_pow_mediuml       0x08005745    0x14  Code  Gb  pow64.o [4]
__iar_program_start     0x08009749          Code  Gb  cstartup_M.o [5]
__iar_scalbln64         0x080079b5          Code  Gb  ldexp.o [4]
__iar_scalbn64          0x080079b5          Code  Gb  ldexp.o [4]
__iar_sin64             0x08005fc1     0x4  Code  Gb  cos_sin64.o [4]
__iar_sin_medium        0x08005fc1     0x4  Code  Gb  cos_sin64.o [4]
__iar_sin_medium64      0x08005fc1     0x4  Code  Gb  cos_sin64.o [4]
__iar_sin_mediuml       0x08005fc1     0x4  Code  Gb  cos_sin64.o [4]
__iar_softfp___iar_frexp64
                        0x08007945          Code  Gb  frexp.o [4]
__iar_softfp_frexp      0x08007945          Code  Gb  frexp.o [4]
__iar_softfp_frexpl     0x08007945          Code  Gb  frexp.o [4]
__iar_sqrt64            0x08002855          Code  Gb  sqrt.o [4]
__iar_systems$$module {Abs}
                        0x00000001          Data  Gb  command line/config [2]
__iar_vfp___iar_sqrt64  0x08002845          Code  Gb  sqrt.o [4]
__iar_vfp_atan2         0x080027ff    0x10  Code  Gb  math_wrappers64.o [4]
__iar_vfp_atof          0x080027f7     0x8  Code  Gb  math_wrappers64.o [4]
__iar_vfp_cos           0x0800282b     0xc  Code  Gb  math_wrappers64.o [4]
__iar_vfp_exp           0x0800280f     0xc  Code  Gb  math_wrappers64.o [4]
__iar_vfp_pow           0x0800281b    0x10  Code  Gb  math_wrappers64.o [4]
__iar_vfp_sin           0x08002837     0xc  Code  Gb  math_wrappers64.o [4]
__iar_vfp_sqrt          0x08002845          Code  Gb  sqrt.o [4]
__iar_vfp_sqrtl         0x08002845          Code  Gb  sqrt.o [4]
__iar_zero_init3        0x080094c1    0x40  Code  Gb  zero_init3.o [5]
__low_level_init        0x08009633     0x4  Code  Gb  low_level_init.o [3]
__no_free_malloc        0x0800784d    0x40  Code  Gb  no_free_heap0.o [3]
__vector_table          0x08000000          Data  Gb  startup_stm32f407xx.o [1]
_call_main              0x08009621          Code  Gb  cmain.o [5]
_exit                   0x0800963d          Code  Gb  cexit.o [5]
_gLocale_mblen          0x08008eb9     0x4  Code  Gb  xlocale_c.o [3]
_gLocale_mblenInt       0x08008e81    0x34  Code  Gb  xlocale_c.o [3]
_gLocale_wctomb         0x08008ebd     0x4  Code  Gb  xlocale_c.o [3]
_gLocale_wctombInt      0x08008eb5     0x4  Code  Gb  xlocale_c.o [3]
_main                   0x0800962f          Code  Gb  cmain.o [5]
a                       0x08008200    0x40  Data  Lc  iar_Atan64.o [4]
aRxBuffer               0x200181c0     0x1  Data  Gb  usart.o [1]
abort                   0x08006881     0x6  Code  Gb  abort.o [3]
abs                     0x080027e9     0x8  Code  Gb  abs.o [3]
atan2                   0x08004ec9   0x13c  Code  Gb  atan2_64.o [4]
atan2l                  0x08004ec9   0x13c  Code  Gb  atan2_64.o [4]
atof                    0x08004e75     0x8  Code  Gb  strto64.o [4]
atoi                    0x08009375     0x2  Code  Gb  iar_Stoulx.o [3]
btime                   0x20018148     0x4  Data  Gb  chassis.o [1]
cal_qt_nowangle         0x080003fb    0x9c  Code  Gb  chassis.o [1]
cal_qt_nowangle::num    0x20018184     0x4  Data  Lc  chassis.o [1]
canList                 0x20017b60   0x190  Data  Gb  can.o [1]
can_add_callback        0x08001535    0x56  Code  Gb  can.o [1]
can_init                0x08001463    0x3e  Code  Gb  can.o [1]
can_send_msg            0x080014e9    0x4c  Code  Gb  can.o [1]
canlistnum              0x20018130     0x4  Data  Lc  can.o [1]
chassis                 0x20017e20    0x4c  Data  Gb  chassis.o [1]
chassis_PID_Angle_Control
                        0x080002f5    0x54  Code  Gb  chassis.o [1]
chassis_PID_Angle_Control::angle_last_err
                        0x2001817c     0x4  Data  Lc  chassis.o [1]
chassis_angle_subtract  0x08000285    0x70  Code  Gb  chassis.o [1]
chassis_calculate_dis_matrix
                        0x08000711   0x1ae  Code  Gb  chassis.o [1]
chassis_calculate_speed
                        0x080008d1   0x18e  Code  Gb  chassis.o [1]
chassis_dis_to_bgn      0x20000460  0x5dc0  Data  Gb  chassis.o [1]
chassis_dis_to_end      0x20006220  0x5dc0  Data  Gb  chassis.o [1]
chassis_exe             0x08000a69   0x1fc  Code  Gb  chassis.o [1]
chassis_flag            0x20018194     0x4  Data  Gb  main.o [1]
chassis_go_route        0x080006f5    0x16  Code  Gb  chassis.o [1]
chassis_gostraight      0x080004a5   0x250  Code  Gb  chassis.o [1]
chassis_gostraight::lastxpos
                        0x20018188     0x4  Data  Lc  chassis.o [1]
chassis_gostraight::lastypos
                        0x2001818c     0x4  Data  Lc  chassis.o [1]
chassis_handle          0x08000f2d   0x24e  Code  Gb  chassis.o [1]
chassis_handle_control  0x08000d99   0x154  Code  Gb  chassis.o [1]
chassis_handle_get_speed
                        0x08000c6d    0x58  Code  Gb  chassis.o [1]
chassis_handle_speed_control
                        0x08000cc5    0x98  Code  Gb  chassis.o [1]
chassis_init            0x08000189    0x6e  Code  Gb  chassis.o [1]
chassis_poscnt          0x20018138     0x4  Data  Lc  chassis.o [1]
chassis_posnum          0x200003c0     0x4  Data  Gb  track.o [1]
chassis_quickturn_pid   0x08000349    0x54  Code  Gb  chassis.o [1]
chassis_quickturn_pid::last_err
                        0x20018180     0x4  Data  Lc  chassis.o [1]
chassis_rocker          0x08001189    0xa6  Code  Gb  chassis.o [1]
chassis_rocker_control  0x08001241    0x98  Code  Gb  chassis.o [1]
chassis_speed           0x20014c80  0x2ee0  Data  Gb  track.o [1]
chassis_speed_max       0x20000000     0x8  Data  Gb  track.o [1]
chassis_turn            0x20011da0  0x2ee0  Data  Gb  track.o [1]
chassis_turn_angle_KD   0x2001815c     0x4  Data  Gb  chassis.o [1]
chassis_turn_angle_KP   0x20000010     0x4  Data  Gb  chassis.o [1]
chassis_update          0x080001f9    0x8c  Code  Gb  chassis.o [1]
chassis_xpos            0x2000bfe0  0x2ee0  Data  Gb  track.o [1]
chassis_ypos            0x2000eec0  0x2ee0  Data  Gb  track.o [1]
circulation_angle_arg   0x0800039d    0x5e  Code  Gb  chassis.o [1]
cmd_angle_pid           0x080091a5    0x2c  Code  Gb  cmd_func.o [1]
cmd_argv                0x20018068    0x30  Data  Gb  cmd.o [1]
cmd_chassis_acc         0x080091d1     0x2  Code  Gb  cmd_func.o [1]
cmd_exec                0x08004801    0x68  Code  Gb  cmd.o [1]
cmd_go_route_func       0x080090f3    0x4a  Code  Gb  cmd_func.o [1]
cmd_go_straight_func    0x080090bd    0x36  Code  Gb  cmd_func.o [1]
cmd_hello_func          0x0800905d     0xe  Code  Gb  cmd_func.o [1]
cmd_help_func           0x08004869    0x3e  Code  Gb  cmd.o [1]
cmd_init                0x0800475d    0x1a  Code  Gb  cmd.o [1]
cmd_modify_angle        0x08009149    0x5c  Code  Gb  cmd_func.o [1]
cmd_parse               0x08004777    0x8a  Code  Gb  cmd.o [1]
cmd_quickturn_pid       0x080091d3    0x32  Code  Gb  cmd_func.o [1]
cmd_reset_vega          0x0800913d     0xc  Code  Gb  cmd_func.o [1]
cmd_set_speed_func      0x0800906b    0x32  Code  Gb  cmd_func.o [1]
cmd_stop_func           0x0800909d    0x20  Code  Gb  cmd_func.o [1]
cmd_tbl                 0x20000014   0x39c  Data  Lc  cmd.o [1]
cos                     0x08005fbd     0x4  Code  Gb  cos_sin64.o [4]
cosl                    0x08005fbd     0x4  Code  Gb  cos_sin64.o [4]
ddiv                    0x080049fd    0xd0  Code  Lc  strto64.o [4]
digits                  0x08009380    0x28  Data  Lc  iar_Stoulx.o [3]
dmul                    0x08004929    0xd2  Code  Lc  strto64.o [4]
exit                    0x08009637     0x4  Code  Gb  exit.o [3]
exp                     0x08005005    0x4c  Code  Gb  exp64.o [4]
expl                    0x08005005    0x4c  Code  Gb  exp64.o [4]
ftime                   0x20018144     0x4  Data  Gb  chassis.o [1]
g_fangle                0x20018174     0x4  Data  Gb  chassis.o [1]
g_fturn                 0x20018178     0x4  Data  Gb  chassis.o [1]
g_ispeed                0x20018170     0x4  Data  Gb  chassis.o [1]
g_vega_angle            0x200181a8     0x4  Data  Lc  vega.o [1]
g_vega_pos_x            0x200181a0     0x4  Data  Lc  vega.o [1]
g_vega_pos_y            0x200181a4     0x4  Data  Lc  vega.o [1]
go_b                    0x200181bb     0x1  Data  Gb  chassis.o [1]
go_f                    0x200181ba     0x1  Data  Gb  chassis.o [1]
go_l                    0x200181bd     0x1  Data  Gb  chassis.o [1]
go_r                    0x200181bc     0x1  Data  Gb  chassis.o [1]
handleflag              0x20018140     0x4  Data  Lc  chassis.o [1]
hcan1                   0x20017e6c    0x44  Data  Gb  can.o [1]
htim1                   0x20017ff0    0x3c  Data  Gb  tim.o [1]
htim2                   0x2001802c    0x3c  Data  Gb  tim.o [1]
huart1                  0x20017f30    0x40  Data  Gb  usart.o [1]
huart2                  0x20017f70    0x40  Data  Gb  usart.o [1]
huart3                  0x20017fb0    0x40  Data  Gb  usart.o [1]
huart4                  0x20017eb0    0x40  Data  Gb  usart.o [1]
huart5                  0x20017ef0    0x40  Data  Gb  usart.o [1]
isalpha                 0x08009045    0x14  Code  Gb  isalpha.o [3]
isspace                 0x08009031    0x14  Code  Gb  isspace.o [3]
ldexp                   0x080079b5          Code  Gb  ldexp.o [4]
ldexpl                  0x080079b5          Code  Gb  ldexp.o [4]
lnbias                  0x08005758   0x420  Data  Lc  pow64.o [4]
localeconv              0x08008ec1     0x4  Code  Gb  xlocale_c.o [3]
ltime                   0x2001814c     0x4  Data  Gb  chassis.o [1]
main                    0x080038d9    0x50  Code  Gb  main.o [1]
main_flag               0x20018190     0x4  Data  Gb  main.o [1]
maxon_setSpeed          0x08001d49    0x4e  Code  Gb  maxon.o [1]
memchr                  0x08008f5d          Code  Gb  memchr.o [5]
ndigs                   0x080093a8    0x28  Data  Lc  iar_Stoulx.o [3]
param_a                 0x20018120     0x8  Data  Gb  chassis.o [1]
param_b                 0x20018128     0x8  Data  Gb  chassis.o [1]
pow                     0x08005745    0x14  Code  Gb  pow64.o [4]
powl                    0x08005745    0x14  Code  Gb  pow64.o [4]
pows                    0x08004e80    0x48  Data  Lc  strto64.o [4]
qs                      0x200181b0     0x4  Data  Lc  no_free_heap0.o [3]
qt_angle_now            0x20018168     0x4  Data  Gb  chassis.o [1]
qt_angle_target         0x2001816c     0x4  Data  Gb  chassis.o [1]
qt_nowangle             0x200180e4    0x20  Data  Gb  chassis.o [1]
quickturn_KD            0x20018164     0x4  Data  Gb  chassis.o [1]
quickturn_KP            0x20018160     0x4  Data  Gb  chassis.o [1]
rocker_x                0x20018154     0x4  Data  Gb  chassis.o [1]
rocker_y                0x20018158     0x4  Data  Gb  chassis.o [1]
routeflag               0x2001813c     0x4  Data  Lc  chassis.o [1]
rtime                   0x20018150     0x4  Data  Gb  chassis.o [1]
s                       0x200003c4    0x18  Data  Gb  usart.o [1]
sFilterConfig           0x20018098    0x28  Data  Gb  can.o [1]
scalbln                 0x080079b5          Code  Gb  ldexp.o [4]
scalblnl                0x080079b5          Code  Gb  ldexp.o [4]
scalbn                  0x080079b5          Code  Gb  ldexp.o [4]
scalbnl                 0x080079b5          Code  Gb  ldexp.o [4]
scale                   0x080070b3    0x46  Code  Lc  xprintffull.o [3]
sec_hand                0x200181ac     0x4  Data  Lc  xfail_s.o [3]
sendToSetSpeed          0x200003b0     0xc  Data  Gb  maxon.o [1]
send_wave               0x0800220d    0x82  Code  Gb  usart.o [1]
sin                     0x08005fc1     0x4  Code  Gb  cos_sin64.o [4]
sinl                    0x08005fc1     0x4  Code  Gb  cos_sin64.o [4]
sqrt                    0x08002855          Code  Gb  sqrt.o [4]
sqrtl                   0x08002855          Code  Gb  sqrt.o [4]
strchr                  0x08008ecd          Code  Gb  strchr.o [5]
strcmp                  0x08007891          Code  Gb  strcmp.o [5]
strlen                  0x08008f25          Code  Gb  strlen.o [5]
tolower                 0x080093d1    0x14  Code  Gb  tolower.o [3]
track_goarc             0x08001779   0x222  Code  Gb  track.o [1]
track_goline            0x08001641   0x138  Code  Gb  track.o [1]
track_init              0x0800199d   0x116  Code  Gb  track.o [1]
turn_l                  0x200181be     0x1  Data  Gb  chassis.o [1]
turn_r                  0x200181bf     0x1  Data  Gb  chassis.o [1]
uart_buffer             0x20017db8    0x68  Data  Gb  usart.o [1]
uprintf                 0x0800214b    0x2e  Code  Gb  usart.o [1]
usart_exc               0x08002291    0xbc  Code  Gb  usart.o [1]
uwTick                  0x2001819c     0x4  Data  Gb  stm32f4xx_hal.o [1]
vega_init               0x08001b59    0x3e  Code  Gb  vega.o [1]
vega_msg_rcv_callback   0x08001b97    0x98  Code  Gb  vega.o [1]
vega_reset              0x08001c97    0x1a  Code  Gb  vega.o [1]
vega_set_pos            0x08001c49    0x4e  Code  Gb  vega.o [1]
vsnprintf               0x08004721    0x3c  Code  Gb  vsnprint.o [3]


[1] = C:\Users\wangyunxuan\Desktop\Robocon\chassis\MR1_chassis\EWARM\chassis\Obj
[2] = command line
[3] = dl7M_tlf.a
[4] = m7M_tls.a
[5] = rt7M_tl.a
[6] = shb_l.a

   38 396 bytes of readonly  code memory
    1 194 bytes of readonly  data memory
  100 289 bytes of readwrite data memory

Errors: none
Warnings: none
