###############################################################################
#
# IAR ELF Linker V8.22.1.15669/W32 for ARM                08/Dec/2018  20:05:43
# Copyright 2007-2018 IAR Systems AB.
#
#    Output file  =  
#        C:\Users\–Ï√˙‘∂\Desktop\robot\MR1\chassis\MR1_chassis\EWARM\chassis\Exe\chassis.out
#    Map file     =  
#        C:\Users\–Ï√˙‘∂\Desktop\robot\MR1\chassis\MR1_chassis\EWARM\chassis\List\chassis.map
#    Command line =  
#        -f C:\user\default\AppData\Local\Temp\EWEB61.tmp
#        (C:\Users\–Ï√˙‘∂\Desktop\robot\MR1\chassis\MR1_chassis\EWARM\chassis\Obj\can.o
#        C:\Users\–Ï√˙‘∂\Desktop\robot\MR1\chassis\MR1_chassis\EWARM\chassis\Obj\chassis.o
#        C:\Users\–Ï√˙‘∂\Desktop\robot\MR1\chassis\MR1_chassis\EWARM\chassis\Obj\cmd.o
#        C:\Users\–Ï√˙‘∂\Desktop\robot\MR1\chassis\MR1_chassis\EWARM\chassis\Obj\cmd_func.o
#        C:\Users\–Ï√˙‘∂\Desktop\robot\MR1\chassis\MR1_chassis\EWARM\chassis\Obj\distance.o
#        C:\Users\–Ï√˙‘∂\Desktop\robot\MR1\chassis\MR1_chassis\EWARM\chassis\Obj\gpio.o
#        C:\Users\–Ï√˙‘∂\Desktop\robot\MR1\chassis\MR1_chassis\EWARM\chassis\Obj\main.o
#        C:\Users\–Ï√˙‘∂\Desktop\robot\MR1\chassis\MR1_chassis\EWARM\chassis\Obj\maxon.o
#        C:\Users\–Ï√˙‘∂\Desktop\robot\MR1\chassis\MR1_chassis\EWARM\chassis\Obj\startup_stm32f407xx.o
#        C:\Users\–Ï√˙‘∂\Desktop\robot\MR1\chassis\MR1_chassis\EWARM\chassis\Obj\stm32f4xx_hal.o
#        C:\Users\–Ï√˙‘∂\Desktop\robot\MR1\chassis\MR1_chassis\EWARM\chassis\Obj\stm32f4xx_hal_can.o
#        C:\Users\–Ï√˙‘∂\Desktop\robot\MR1\chassis\MR1_chassis\EWARM\chassis\Obj\stm32f4xx_hal_cortex.o
#        C:\Users\–Ï√˙‘∂\Desktop\robot\MR1\chassis\MR1_chassis\EWARM\chassis\Obj\stm32f4xx_hal_dma.o
#        C:\Users\–Ï√˙‘∂\Desktop\robot\MR1\chassis\MR1_chassis\EWARM\chassis\Obj\stm32f4xx_hal_dma_ex.o
#        C:\Users\–Ï√˙‘∂\Desktop\robot\MR1\chassis\MR1_chassis\EWARM\chassis\Obj\stm32f4xx_hal_flash.o
#        C:\Users\–Ï√˙‘∂\Desktop\robot\MR1\chassis\MR1_chassis\EWARM\chassis\Obj\stm32f4xx_hal_flash_ex.o
#        C:\Users\–Ï√˙‘∂\Desktop\robot\MR1\chassis\MR1_chassis\EWARM\chassis\Obj\stm32f4xx_hal_flash_ramfunc.o
#        C:\Users\–Ï√˙‘∂\Desktop\robot\MR1\chassis\MR1_chassis\EWARM\chassis\Obj\stm32f4xx_hal_gpio.o
#        C:\Users\–Ï√˙‘∂\Desktop\robot\MR1\chassis\MR1_chassis\EWARM\chassis\Obj\stm32f4xx_hal_msp.o
#        C:\Users\–Ï√˙‘∂\Desktop\robot\MR1\chassis\MR1_chassis\EWARM\chassis\Obj\stm32f4xx_hal_pwr.o
#        C:\Users\–Ï√˙‘∂\Desktop\robot\MR1\chassis\MR1_chassis\EWARM\chassis\Obj\stm32f4xx_hal_pwr_ex.o
#        C:\Users\–Ï√˙‘∂\Desktop\robot\MR1\chassis\MR1_chassis\EWARM\chassis\Obj\stm32f4xx_hal_rcc.o
#        C:\Users\–Ï√˙‘∂\Desktop\robot\MR1\chassis\MR1_chassis\EWARM\chassis\Obj\stm32f4xx_hal_rcc_ex.o
#        C:\Users\–Ï√˙‘∂\Desktop\robot\MR1\chassis\MR1_chassis\EWARM\chassis\Obj\stm32f4xx_hal_tim.o
#        C:\Users\–Ï√˙‘∂\Desktop\robot\MR1\chassis\MR1_chassis\EWARM\chassis\Obj\stm32f4xx_hal_tim_ex.o
#        C:\Users\–Ï√˙‘∂\Desktop\robot\MR1\chassis\MR1_chassis\EWARM\chassis\Obj\stm32f4xx_hal_uart.o
#        C:\Users\–Ï√˙‘∂\Desktop\robot\MR1\chassis\MR1_chassis\EWARM\chassis\Obj\stm32f4xx_it.o
#        C:\Users\–Ï√˙‘∂\Desktop\robot\MR1\chassis\MR1_chassis\EWARM\chassis\Obj\system_stm32f4xx.o
#        C:\Users\–Ï√˙‘∂\Desktop\robot\MR1\chassis\MR1_chassis\EWARM\chassis\Obj\tim.o
#        C:\Users\–Ï√˙‘∂\Desktop\robot\MR1\chassis\MR1_chassis\EWARM\chassis\Obj\track.o
#        C:\Users\–Ï√˙‘∂\Desktop\robot\MR1\chassis\MR1_chassis\EWARM\chassis\Obj\usart.o
#        C:\Users\–Ï√˙‘∂\Desktop\robot\MR1\chassis\MR1_chassis\EWARM\chassis\Obj\vega.o
#        --redirect _Printf=_PrintfFull --redirect _Scanf=_ScanfFull -o
#        C:\Users\–Ï√˙‘∂\Desktop\robot\MR1\chassis\MR1_chassis\EWARM\chassis\Exe\chassis.out
#        --map
#        C:\Users\–Ï√˙‘∂\Desktop\robot\MR1\chassis\MR1_chassis\EWARM\chassis\List\chassis.map
#        --config
#        C:\Users\–Ï√˙‘∂\Desktop\robot\MR1\chassis\MR1_chassis\EWARM/stm32f407xx_flash.icf
#        --semihosting --entry __iar_program_start --vfe --text_out locale)
#
###############################################################################

*******************************************************************************
*** RUNTIME MODEL ATTRIBUTES
***

CppFlavor       = *
__Heap_Handler  = NoFree
__SystemLibrary = DLib
__dlib_version  = 6


*******************************************************************************
*** HEAP SELECTION
***

The no free heap was selected because no calls to memory
deallocation functions were found in the application.


*******************************************************************************
*** PLACEMENT SUMMARY
***

"A0":  place at 0x08000000 { ro section .intvec };
"P1":  place in [from 0x08000000 to 0x080fffff] { ro };
define block CSTACK with size = 1K, alignment = 8 { };
define block HEAP with size = 512, alignment = 8 { };
"P2":  place in [from 0x20000000 to 0x2001ffff] {
          rw, block CSTACK, block HEAP };
initialize by copy { rw };

  Section            Kind        Address    Size  Object
  -------            ----        -------    ----  ------
"A0":                                      0x188
  .intvec            ro code  0x08000000   0x188  startup_stm32f407xx.o [1]
                            - 0x08000188   0x188

"P1":                                     0x903e
  .text              ro code  0x08000188   0xf96  xprintffull.o [3]
  .text              ro code  0x0800111e    0x7a  lz77_init_single.o [5]
  .text              ro code  0x08001198    0xb0  xlocale_c.o [3]
  .text              ro code  0x08001248    0x16  strchr.o [5]
  .text              ro code  0x0800125e    0x1e  xencoding_8859_1.o [3]
  .text              ro code  0x0800127c    0x40  xfail_s.o [3]
  .text              ro code  0x080012bc    0x36  strlen.o [5]
  .text              ro code  0x080012f2    0x1a  xsnprout.o [3]
  .text              ro code  0x0800130c    0x58  memchr.o [5]
  .text              ro code  0x08001364     0xa  xmbcurmax.o [3]
  .text              ro code  0x08001370    0xa6  ABImemcpy.o [5]
  .text              ro code  0x08001418   0x22e  I64DivMod.o [5]
  .text              ro code  0x08001648   0x1a2  DblMul.o [4]
  .text              ro code  0x080017ec    0x70  frexp.o [4]
  .text              ro code  0x0800185c    0x2e  DblCmpLe.o [4]
  .text              ro code  0x0800188c    0x2e  DblCmpGe.o [4]
  .text              ro code  0x080018bc   0x13a  ldexp.o [4]
  .text              ro code  0x080019f8    0x3a  DblToS32.o [4]
  .text              ro code  0x08001a34    0x22  S32ToDbl.o [4]
  .text              ro code  0x08001a58    0xe2  DblSub.o [4]
  .text              ro code  0x08001b3c   0x246  DblDiv.o [4]
  .text              ro code  0x08001d84    0x28  DblToU32.o [4]
  .text              ro code  0x08001dac    0x1a  U32ToDbl.o [4]
  .text              ro code  0x08001dc6     0x6  abort.o [3]
  .text              ro code  0x08001dcc     0x2  I64DivZer.o [5]
  .text              ro code  0x08001dd0   0x178  DblAdd.o [4]
  .text              ro code  0x08001f48    0x14  exit.o [6]
  .text              ro code  0x08001f5c   0xbc6  stm32f4xx_hal_can.o [1]
  .text              ro code  0x08002b24   0x2cc  can.o [1]
  .text              ro code  0x08002df0     0xc  stm32f4xx_hal.o [1]
  .text              ro code  0x08002dfc     0x2  stm32f4xx_hal_can.o [1]
  .text              ro code  0x08002e00   0x192  main.o [1]
  .text              ro code  0x08002f94   0x254  stm32f4xx_hal_gpio.o [1]
  .text              ro code  0x080031e8   0x174  stm32f4xx_hal_cortex.o [1]
  .text              ro code  0x0800335c   0x594  usart.o [1]
  .text              ro code  0x080038f0    0x24  ABIassert.o [6]
  .text              ro code  0x08003914    0x40  stm32f4xx_hal.o [1]
  .text              ro code  0x08003954    0xb4  gpio.o [1]
  .text              ro code  0x08003a08   0x20c  tim.o [1]
  .text              ro code  0x08003c14   0x160  cmd.o [1]
  .text              ro code  0x08003d74   0x8a8  chassis.o [1]
  .text              ro code  0x0800461c   0x390  stm32f4xx_hal_rcc.o [1]
  .text              ro code  0x080049ac   0x228  stm32f4xx_hal_rcc.o [1]
  .text              ro code  0x08004bd4   0x7e8  stm32f4xx_hal_uart.o [1]
  .text              ro code  0x080053bc    0x3c  vsnprint.o [3]
  .text              ro code  0x080053f8    0x28  stm32f4xx_hal.o [1]
  .text              ro code  0x08005420    0x5e  stm32f4xx_hal_msp.o [1]
  .text              ro code  0x08005480   0x418  stm32f4xx_hal_tim.o [1]
  .text              ro code  0x08005898    0xbe  stm32f4xx_hal_tim_ex.o [1]
  .text              ro code  0x08005958    0x44  no_free_heap0.o [3]
  .text              ro code  0x0800599c    0x4a  strcmp.o [5]
  .text              ro code  0x080059e8    0x66  ABImemset.o [5]
  .text              ro code  0x08005a50   0x3a4  track.o [1]
  .text              ro code  0x08005df4   0x158  vega.o [1]
  .text              ro code  0x08005f4c    0x1e  stm32f4xx_hal.o [1]
  .text              ro code  0x08005f6c    0x54  maxon.o [1]
  .text              ro code  0x08005fc0    0x68  DblToFlt.o [4]
  .text              ro code  0x08006028    0x48  FltToDbl.o [4]
  .text              ro code  0x08006070    0x46  math_wrappers64.o [4]
  .text              ro code  0x080060b8   0x102  sqrt.o [4]
  .text              ro code  0x080061bc    0x28  stm32f4xx_hal_dma.o [1]
  .text              ro code  0x080061e4     0x2  stm32f4xx_hal_uart.o [1]
  .text              ro code  0x080061e8    0x2c  xgetmemchunk.o [3]
  .text              ro code  0x08006214    0x6c  system_stm32f4xx.o [1]
  .text              ro code  0x08006280   0x5a0  strto64.o [4]
  .text              ro code  0x08006820   0x13c  atan2_64.o [4]
  .rodata            const    0x0800695c    0x4c  cmd_func.o [1]
  .text              ro code  0x080069a8   0xb28  pow64.o [4]
  .text              ro code  0x080074d0   0x44c  cos_sin64.o [4]
  .text              ro code  0x0800791c   0x122  iar_Stopfx.o [3]
  .text              ro code  0x08007a40   0x1c8  iar_Stoflt.o [3]
  .text              ro code  0x08007c08   0x21c  iar_Stoxflt.o [3]
  .rodata            const    0x08007e24    0x44  can.o [1]
  .text              ro code  0x08007e68   0x208  iar_Atan64.o [4]
  .text              ro code  0x08008070    0x20  DblCmpEq.o [4]
  .text              ro code  0x08008090   0x418  iar_Exp64.o [4]
  .text              ro code  0x080084a8    0x14  isspace.o [3]
  .text              ro code  0x080084bc    0x14  isalpha.o [3]
  .text              ro code  0x080084d0   0x308  cmd_func.o [1]
  .text              ro code  0x080087d8   0x174  iar_Stoulx.o [3]
  .text              ro code  0x0800894c   0x1c4  distance.o [1]
  .text              ro code  0x08008b10    0x14  tolower.o [3]
  .text              ro code  0x08008b24     0x8  abs.o [3]
  .rodata            const    0x08008b2c    0x48  usart.o [1]
  .rodata            const    0x08008b74    0x44  main.o [1]
  .rodata            const    0x08008bb8    0x44  tim.o [1]
  .text              ro code  0x08008bfc    0x40  zero_init3.o [5]
  .text              ro code  0x08008c3c    0x38  stm32f4xx_it.o [1]
  .text              ro code  0x08008c74    0x10  stm32f4xx_hal.o [1]
  .text              ro code  0x08008c84    0x28  data_init.o [5]
  .text              ro code  0x08008cac    0x22  fpinit_M.o [4]
  .iar.init_table    const    0x08008cd0    0x20  - Linker created -
  .rodata            const    0x08008cf0    0x20  chassis.o [1]
  .rodata            const    0x08008d10    0x20  cmd_func.o [1]
  .rodata            const    0x08008d30    0x20  cmd_func.o [1]
  .text              ro code  0x08008d50    0x1e  cmain.o [5]
  .text              ro code  0x08008d6e     0x4  low_level_init.o [3]
  .text              ro code  0x08008d72     0x4  exit.o [3]
  .text              ro code  0x08008d78     0xa  cexit.o [5]
  .rodata            const    0x08008d84    0x1c  cmd.o [1]
  .rodata            const    0x08008da0    0x18  chassis.o [1]
  .rodata            const    0x08008db8    0x14  cmd.o [1]
  .rodata            const    0x08008dcc    0x14  distance.o [1]
  .rodata            const    0x08008de0    0x14  usart.o [1]
  .rodata            const    0x08008df4    0x14  vega.o [1]
  .rodata            const    0x08008e08    0x14  vega.o [1]
  .rodata            const    0x08008e1c    0x14  vega.o [1]
  .rodata            const    0x08008e30    0x10  can.o [1]
  .rodata            const    0x08008e40    0x10  system_stm32f4xx.o [1]
  .rodata            const    0x08008e50    0x10  usart.o [1]
  .rodata            const    0x08008e60    0x10  usart.o [1]
  .text              ro code  0x08008e70    0x10  startup_stm32f407xx.o [1]
  .rodata            const    0x08008e80     0xc  cmd_func.o [1]
  .rodata            const    0x08008e8c     0xc  cmd_func.o [1]
  .rodata            const    0x08008e98     0xc  main.o [1]
  .text              ro code  0x08008ea4     0xc  cstartup_M.o [5]
  .rodata            const    0x08008eb0     0x8  can.o [1]
  .rodata            const    0x08008eb8     0x8  cmd_func.o [1]
  .rodata            const    0x08008ec0     0x8  cmd_func.o [1]
  .rodata            const    0x08008ec8     0x8  system_stm32f4xx.o [1]
  .rodata            const    0x08008ed0     0x6  xlocale_c.o [3]
  .text              ro code  0x08008ed6     0x4  startup_stm32f407xx.o [1]
  .text              ro code  0x08008eda     0x4  startup_stm32f407xx.o [1]
  .text              ro code  0x08008ede     0x4  startup_stm32f407xx.o [1]
  .text              ro code  0x08008ee2     0x4  startup_stm32f407xx.o [1]
  .text              ro code  0x08008ee6     0x4  startup_stm32f407xx.o [1]
  .text              ro code  0x08008eea     0x4  startup_stm32f407xx.o [1]
  .text              ro code  0x08008eee     0x4  startup_stm32f407xx.o [1]
  .text              ro code  0x08008ef2     0x4  startup_stm32f407xx.o [1]
  .text              ro code  0x08008ef6     0x4  startup_stm32f407xx.o [1]
  .text              ro code  0x08008efa     0x4  startup_stm32f407xx.o [1]
  .text              ro code  0x08008efe     0x4  startup_stm32f407xx.o [1]
  .text              ro code  0x08008f02     0x4  startup_stm32f407xx.o [1]
  .text              ro code  0x08008f06     0x4  startup_stm32f407xx.o [1]
  .text              ro code  0x08008f0a     0x4  startup_stm32f407xx.o [1]
  .text              ro code  0x08008f0e     0x4  startup_stm32f407xx.o [1]
  .text              ro code  0x08008f12     0x4  startup_stm32f407xx.o [1]
  .text              ro code  0x08008f16     0x4  startup_stm32f407xx.o [1]
  .text              ro code  0x08008f1a     0x4  startup_stm32f407xx.o [1]
  .text              ro code  0x08008f1e     0x4  startup_stm32f407xx.o [1]
  .text              ro code  0x08008f22     0x4  startup_stm32f407xx.o [1]
  .text              ro code  0x08008f26     0x4  startup_stm32f407xx.o [1]
  .text              ro code  0x08008f2a     0x4  startup_stm32f407xx.o [1]
  .text              ro code  0x08008f2e     0x4  startup_stm32f407xx.o [1]
  .text              ro code  0x08008f32     0x4  startup_stm32f407xx.o [1]
  .text              ro code  0x08008f36     0x4  startup_stm32f407xx.o [1]
  .text              ro code  0x08008f3a     0x4  startup_stm32f407xx.o [1]
  .text              ro code  0x08008f3e     0x4  startup_stm32f407xx.o [1]
  .text              ro code  0x08008f42     0x4  startup_stm32f407xx.o [1]
  .text              ro code  0x08008f46     0x4  startup_stm32f407xx.o [1]
  .text              ro code  0x08008f4a     0x4  startup_stm32f407xx.o [1]
  .text              ro code  0x08008f4e     0x4  startup_stm32f407xx.o [1]
  .text              ro code  0x08008f52     0x4  startup_stm32f407xx.o [1]
  .text              ro code  0x08008f56     0x4  startup_stm32f407xx.o [1]
  .text              ro code  0x08008f5a     0x4  startup_stm32f407xx.o [1]
  .text              ro code  0x08008f5e     0x4  startup_stm32f407xx.o [1]
  .text              ro code  0x08008f62     0x4  startup_stm32f407xx.o [1]
  .text              ro code  0x08008f66     0x4  startup_stm32f407xx.o [1]
  .text              ro code  0x08008f6a     0x4  startup_stm32f407xx.o [1]
  .text              ro code  0x08008f6e     0x4  startup_stm32f407xx.o [1]
  .text              ro code  0x08008f72     0x4  startup_stm32f407xx.o [1]
  .text              ro code  0x08008f76     0x4  startup_stm32f407xx.o [1]
  .text              ro code  0x08008f7a     0x4  startup_stm32f407xx.o [1]
  .text              ro code  0x08008f7e     0x4  startup_stm32f407xx.o [1]
  .text              ro code  0x08008f82     0x4  startup_stm32f407xx.o [1]
  .text              ro code  0x08008f86     0x4  startup_stm32f407xx.o [1]
  .text              ro code  0x08008f8a     0x4  startup_stm32f407xx.o [1]
  .text              ro code  0x08008f8e     0x4  startup_stm32f407xx.o [1]
  .text              ro code  0x08008f92     0x4  startup_stm32f407xx.o [1]
  .text              ro code  0x08008f96     0x4  startup_stm32f407xx.o [1]
  .text              ro code  0x08008f9a     0x4  startup_stm32f407xx.o [1]
  .text              ro code  0x08008f9e     0x4  startup_stm32f407xx.o [1]
  .text              ro code  0x08008fa2     0x4  startup_stm32f407xx.o [1]
  .text              ro code  0x08008fa6     0x4  startup_stm32f407xx.o [1]
  .text              ro code  0x08008faa     0x4  startup_stm32f407xx.o [1]
  .text              ro code  0x08008fae     0x4  startup_stm32f407xx.o [1]
  .text              ro code  0x08008fb2     0x4  startup_stm32f407xx.o [1]
  .text              ro code  0x08008fb6     0x4  startup_stm32f407xx.o [1]
  .text              ro code  0x08008fba     0x4  startup_stm32f407xx.o [1]
  .text              ro code  0x08008fbe     0x4  startup_stm32f407xx.o [1]
  .text              ro code  0x08008fc2     0x4  startup_stm32f407xx.o [1]
  .text              ro code  0x08008fc6     0x4  startup_stm32f407xx.o [1]
  .text              ro code  0x08008fca     0x4  startup_stm32f407xx.o [1]
  .text              ro code  0x08008fce     0x4  startup_stm32f407xx.o [1]
  .text              ro code  0x08008fd2     0x4  startup_stm32f407xx.o [1]
  .text              ro code  0x08008fd6     0x4  startup_stm32f407xx.o [1]
  .text              ro code  0x08008fda     0x4  startup_stm32f407xx.o [1]
  .text              ro code  0x08008fde     0x4  startup_stm32f407xx.o [1]
  .text              ro code  0x08008fe2     0x4  startup_stm32f407xx.o [1]
  .text              ro code  0x08008fe6     0x4  startup_stm32f407xx.o [1]
  .text              ro code  0x08008fea     0x4  startup_stm32f407xx.o [1]
  .text              ro code  0x08008fee     0x4  startup_stm32f407xx.o [1]
  .text              ro code  0x08008ff2     0x4  startup_stm32f407xx.o [1]
  .text              ro code  0x08008ff6     0x4  startup_stm32f407xx.o [1]
  .text              ro code  0x08008ffa     0x4  startup_stm32f407xx.o [1]
  .text              ro code  0x08008ffe     0x4  startup_stm32f407xx.o [1]
  .text              ro code  0x08009002     0x4  startup_stm32f407xx.o [1]
  .text              ro code  0x08009006     0x4  startup_stm32f407xx.o [1]
  .text              ro code  0x0800900a     0x4  startup_stm32f407xx.o [1]
  .text              ro code  0x0800900e     0x4  startup_stm32f407xx.o [1]
  .rodata            const    0x08009012     0x0  zero_init3.o [5]
  .rodata            const    0x08009012     0x0  lz77_init_single.o [5]
  Initializer bytes  const    0x08009012   0x1b4  <for P2-1>
                            - 0x080091c6  0x903e

"P2", part 1 of 3:                         0x498
  P2-1                        0x20000000   0x498  <Init block>
    .data            inited   0x20000000     0x8  track.o [1]
    .data            inited   0x20000008     0x4  chassis.o [1]
    .data            inited   0x2000000c     0x4  chassis.o [1]
    .data            inited   0x20000010     0x4  chassis.o [1]
    .data            inited   0x20000014   0x3f0  cmd.o [1]
    .data            inited   0x20000404     0xc  maxon.o [1]
    .data            inited   0x20000410     0x4  system_stm32f4xx.o [1]
    .data            inited   0x20000414     0x4  track.o [1]
    .data            inited   0x20000418    0x38  xlocale_c.o [3]
    .data            inited   0x20000450    0x48  xlocale_c.o [3]
                            - 0x20000498   0x498

"P2", part 2 of 3:                        0xa268
  .bss               zero     0x20000498  0x1f40  chassis.o [1]
  .bss               zero     0x200023d8  0x1f40  chassis.o [1]
  .bss               zero     0x20004318  0x1f40  track.o [1]
  .bss               zero     0x20006258  0x1f40  track.o [1]
  .bss               zero     0x20008198  0x1f40  track.o [1]
  .bss               zero     0x2000a0d8   0x190  can.o [1]
  .bss               zero     0x2000a268    0xc8  usart.o [1]
  .bss               zero     0x2000a330    0x68  usart.o [1]
  .bss               zero     0x2000a398    0x5c  chassis.o [1]
  .bss               zero     0x2000a3f4    0x44  can.o [1]
  .bss               zero     0x2000a438    0x40  usart.o [1]
  .bss               zero     0x2000a478    0x40  usart.o [1]
  .bss               zero     0x2000a4b8    0x40  usart.o [1]
  .bss               zero     0x2000a4f8    0x40  usart.o [1]
  .bss               zero     0x2000a538    0x40  usart.o [1]
  .bss               zero     0x2000a578    0x3c  tim.o [1]
  .bss               zero     0x2000a5b4    0x3c  tim.o [1]
  .bss               zero     0x2000a5f0    0x30  cmd.o [1]
  .bss               zero     0x2000a620    0x28  can.o [1]
  .bss               zero     0x2000a648    0x24  can.o [1]
  .bss               zero     0x2000a66c    0x1c  can.o [1]
  .bss               zero     0x2000a688     0x8  chassis.o [1]
  .bss               zero     0x2000a690     0x8  chassis.o [1]
  .bss               zero     0x2000a698     0x8  distance.o [1]
  .bss               zero     0x2000a6a0     0x4  can.o [1]
  .bss               zero     0x2000a6a4     0x4  chassis.o [1]
  .bss               zero     0x2000a6a8     0x4  chassis.o [1]
  .bss               zero     0x2000a6ac     0x4  chassis.o [1]
  .bss               zero     0x2000a6b0     0x4  chassis.o [1]
  .bss               zero     0x2000a6b4     0x4  chassis.o [1]
  .bss               zero     0x2000a6b8     0x4  chassis.o [1]
  .bss               zero     0x2000a6bc     0x4  chassis.o [1]
  .bss               zero     0x2000a6c0     0x4  chassis.o [1]
  .bss               zero     0x2000a6c4     0x4  distance.o [1]
  .bss               zero     0x2000a6c8     0x4  distance.o [1]
  .bss               zero     0x2000a6cc     0x4  distance.o [1]
  .bss               zero     0x2000a6d0     0x4  distance.o [1]
  .bss               zero     0x2000a6d4     0x4  main.o [1]
  .bss               zero     0x2000a6d8     0x4  main.o [1]
  .bss               zero     0x2000a6dc     0x4  main.o [1]
  .bss               zero     0x2000a6e0     0x4  stm32f4xx_hal.o [1]
  .bss               zero     0x2000a6e4     0x4  vega.o [1]
  .bss               zero     0x2000a6e8     0x4  vega.o [1]
  .bss               zero     0x2000a6ec     0x4  vega.o [1]
  .bss               zero     0x2000a6f0     0x4  xfail_s.o [3]
  .bss               zero     0x2000a6f4     0x4  no_free_heap0.o [3]
  .bss               zero     0x2000a6f8     0x4  xgetmemchunk.o [3]
  .bss               zero     0x2000a6fc     0x2  usart.o [1]
  .bss               zero     0x2000a6fe     0x1  usart.o [1]
                            - 0x2000a6ff  0xa267

"P2", part 3 of 3:                         0x600
  CSTACK                      0x2000a700   0x400  <Block>
    CSTACK           uninit   0x2000a700   0x400  <Block tail>
  HEAP                        0x2000ab00   0x200  <Block>
    HEAP             uninit   0x2000ab00   0x200  <Block tail>
                            - 0x2000ad00   0x600


*******************************************************************************
*** INIT TABLE
***

          Address     Size
          -------     ----
Zero (__iar_zero_init3)
    1 destination range, total size 0xa267:
          0x20000498  0xa267

Copy/lz77 (__iar_lz77_init_single3)
    1 source range, total size 0x1b4 (37% of destination):
          0x08009012   0x1b4
    1 destination range, total size 0x498:
          0x20000000   0x498



*******************************************************************************
*** MODULE SUMMARY
***

    Module                  ro code  ro data  rw data
    ------                  -------  -------  -------
C:\Users\–Ï√˙‘∂\Desktop\robot\MR1\chassis\MR1_chassis\EWARM\chassis\Obj: [1]
    can.o                       716       92      576
    chassis.o                 2 216       61   16 152
    cmd.o                       352      422    1 056
    cmd_func.o                  776      180
    distance.o                  452       20       24
    gpio.o                      180
    main.o                      402       80       12
    maxon.o                      84        4       12
    startup_stm32f407xx.o       724
    stm32f4xx_hal.o             162                 4
    stm32f4xx_hal_can.o       3 016
    stm32f4xx_hal_cortex.o      372
    stm32f4xx_hal_dma.o          40
    stm32f4xx_hal_gpio.o        596
    stm32f4xx_hal_msp.o          94
    stm32f4xx_hal_rcc.o       1 464
    stm32f4xx_hal_tim.o       1 048
    stm32f4xx_hal_tim_ex.o      190
    stm32f4xx_hal_uart.o      2 026
    stm32f4xx_it.o               56
    system_stm32f4xx.o          108       26        4
    tim.o                       524       68      120
    track.o                     932        3   24 012
    usart.o                   1 428      124      627
    vega.o                      344       60       12
    -------------------------------------------------
    Total:                   18 302    1 140   42 611

command line: [2]
    -------------------------------------------------
    Total:

dl7M_tlf.a: [3]
    abort.o                       6
    abs.o                         8
    exit.o                        4
    iar_Stoflt.o                456
    iar_Stopfx.o                290
    iar_Stoulx.o                372
    iar_Stoxflt.o               540
    isalpha.o                    20
    isspace.o                    20
    low_level_init.o              4
    no_free_heap0.o              68                 4
    tolower.o                    20
    vsnprint.o                   60
    xencoding_8859_1.o           30
    xfail_s.o                    64                 4
    xgetmemchunk.o               44                 4
    xlocale_c.o                 176       54      128
    xmbcurmax.o                  10
    xprintffull.o             3 990
    xsnprout.o                   26
    -------------------------------------------------
    Total:                    6 208       54      140

m7M_tls.a: [4]
    DblAdd.o                    376
    DblCmpEq.o                   32
    DblCmpGe.o                   46
    DblCmpLe.o                   46
    DblDiv.o                    582
    DblMul.o                    418
    DblSub.o                    226
    DblToFlt.o                  104
    DblToS32.o                   58
    DblToU32.o                   40
    FltToDbl.o                   72
    S32ToDbl.o                   34
    U32ToDbl.o                   26
    atan2_64.o                  316
    cos_sin64.o               1 100
    fpinit_M.o                   34
    frexp.o                     112
    iar_Atan64.o                520
    iar_Exp64.o               1 048
    ldexp.o                     314
    math_wrappers64.o            70
    pow64.o                   2 856
    sqrt.o                      258
    strto64.o                 1 440
    -------------------------------------------------
    Total:                   10 128

rt7M_tl.a: [5]
    ABImemcpy.o                 166
    ABImemset.o                 102
    I64DivMod.o                 558
    I64DivZer.o                   2
    cexit.o                      10
    cmain.o                      30
    cstartup_M.o                 12
    data_init.o                  40
    lz77_init_single.o          122
    memchr.o                     88
    strchr.o                     22
    strcmp.o                     74
    strlen.o                     54
    zero_init3.o                 64
    -------------------------------------------------
    Total:                    1 344

shb_l.a: [6]
    ABIassert.o                  36
    exit.o                       20
    -------------------------------------------------
    Total:                       56

    Gaps                         50        4
    Linker created                        32    1 536
-----------------------------------------------------
    Grand Total:             36 088    1 230   44 287


*******************************************************************************
*** ENTRY LIST
***

Entry                      Address    Size  Type      Object
-----                      -------    ----  ----      ------
.iar.init_table$$Base   0x08008cd0           --   Gb  - Linker created -
.iar.init_table$$Limit  0x08008cf0           --   Gb  - Linker created -
?main                   0x08008d51          Code  Gb  cmain.o [5]
AHBPrescTable           0x08008e40    0x10  Data  Gb  system_stm32f4xx.o [1]
APBPrescTable           0x08008ec8     0x8  Data  Gb  system_stm32f4xx.o [1]
BusFault_Handler        0x08008c43     0x2  Code  Gb  stm32f4xx_it.o [1]
CAN1_RX0_IRQHandler     0x08008c59     0xa  Code  Gb  stm32f4xx_it.o [1]
CAN_LIST_MATCH          0x08002d2b    0x32  Code  Gb  can.o [1]
CAN_Receive_IT          0x08002943   0x1e0  Code  Lc  stm32f4xx_hal_can.o [1]
CAN_Transmit_IT         0x080028e5    0x5e  Code  Lc  stm32f4xx_hal_can.o [1]
CSTACK$$Base            0x2000a700           --   Gb  - Linker created -
CSTACK$$Limit           0x2000ab00           --   Gb  - Linker created -
CacheMore               0x080011d9    0x24  Code  Lc  xlocale_c.o [3]
Configure_Filter        0x08002c41    0x48  Code  Gb  can.o [1]
DebugMon_Handler        0x08008c49     0x2  Code  Gb  stm32f4xx_it.o [1]
Dtentox                 0x08006435   0x19a  Code  Lc  strto64.o [4]
ERR_angle_m0            0x2000000c     0x4  Data  Gb  chassis.o [1]
ERR_angle_m1            0x20000008     0x4  Data  Gb  chassis.o [1]
ERR_angle_m3            0x2000a6a4     0x4  Data  Gb  chassis.o [1]
HAL_CAN_ConfigFilter    0x08002105   0x108  Code  Gb  stm32f4xx_hal_can.o [1]
HAL_CAN_ErrorCallback   0x08002d8d    0x26  Code  Gb  can.o [1]
HAL_CAN_IRQHandler      0x080025a3   0x32c  Code  Gb  stm32f4xx_hal_can.o [1]
HAL_CAN_Init            0x08001f5d   0x1a8  Code  Gb  stm32f4xx_hal_can.o [1]
HAL_CAN_MspInit         0x08002b87    0x5c  Code  Gb  can.o [1]
HAL_CAN_Receive_IT      0x0800248d   0x116  Code  Gb  stm32f4xx_hal_can.o [1]
HAL_CAN_RxCpltCallback  0x08002d5d    0x30  Code  Gb  can.o [1]
HAL_CAN_Transmit        0x0800220d   0x27c  Code  Gb  stm32f4xx_hal_can.o [1]
HAL_DMA_Abort_IT        0x080061bd    0x28  Code  Gb  stm32f4xx_hal_dma.o [1]
HAL_Delay               0x08005f4d    0x1e  Code  Wk  stm32f4xx_hal.o [1]
HAL_GPIO_Init           0x08002f95   0x21c  Code  Gb  stm32f4xx_hal_gpio.o [1]
HAL_GetTick             0x08002df1     0xc  Code  Wk  stm32f4xx_hal.o [1]
HAL_IncTick             0x08008c75    0x10  Code  Wk  stm32f4xx_hal.o [1]
HAL_Init                0x08003915    0x3a  Code  Gb  stm32f4xx_hal.o [1]
HAL_InitTick            0x080053f9    0x28  Code  Wk  stm32f4xx_hal.o [1]
HAL_MspInit             0x08005421    0x5e  Code  Gb  stm32f4xx_hal_msp.o [1]
HAL_NVIC_EnableIRQ      0x080032f9     0xe  Code  Gb  stm32f4xx_hal_cortex.o [1]
HAL_NVIC_SetPriority    0x080032cf    0x2a  Code  Gb  stm32f4xx_hal_cortex.o [1]
HAL_NVIC_SetPriorityGrouping
                        0x080032c3     0xc  Code  Gb  stm32f4xx_hal_cortex.o [1]
HAL_RCC_ClockConfig     0x080049ad   0x14a  Code  Gb  stm32f4xx_hal_rcc.o [1]
HAL_RCC_GetHCLKFreq     0x08004af7     0x6  Code  Gb  stm32f4xx_hal_rcc.o [1]
HAL_RCC_GetPCLK1Freq    0x08004afd    0x16  Code  Gb  stm32f4xx_hal_rcc.o [1]
HAL_RCC_GetPCLK2Freq    0x08004b13    0x16  Code  Gb  stm32f4xx_hal_rcc.o [1]
HAL_RCC_OscConfig       0x0800461d   0x390  Code  Wk  stm32f4xx_hal_rcc.o [1]
HAL_SYSTICK_CLKSourceConfig
                        0x08003313    0x20  Code  Gb  stm32f4xx_hal_cortex.o [1]
HAL_SYSTICK_Callback    0x08002f23    0x50  Code  Gb  main.o [1]
HAL_SYSTICK_Callback::time_1ms_cnt
                        0x2000a6dc     0x4  Data  Lc  main.o [1]
HAL_SYSTICK_Config      0x08003307     0xc  Code  Gb  stm32f4xx_hal_cortex.o [1]
HAL_SYSTICK_IRQHandler  0x08003355     0x8  Code  Gb  stm32f4xx_hal_cortex.o [1]
HAL_TIMEx_ConfigBreakDeadTime
                        0x080058f3    0x64  Code  Gb  stm32f4xx_hal_tim_ex.o [1]
HAL_TIMEx_MasterConfigSynchronization
                        0x08005899    0x5a  Code  Gb  stm32f4xx_hal_tim_ex.o [1]
HAL_TIM_MspPostInit     0x08003b9f    0x56  Code  Gb  tim.o [1]
HAL_TIM_PWM_ConfigChannel
                        0x080054b9   0x100  Code  Gb  stm32f4xx_hal_tim.o [1]
HAL_TIM_PWM_Init        0x08005481    0x38  Code  Gb  stm32f4xx_hal_tim.o [1]
HAL_TIM_PWM_MspInit     0x08003b4f    0x50  Code  Gb  tim.o [1]
HAL_UART_ErrorCallback  0x080037cd     0x2  Code  Gb  usart.o [1]
HAL_UART_IRQHandler     0x08004d91   0x14a  Code  Gb  stm32f4xx_hal_uart.o [1]
HAL_UART_Init           0x08004bd5    0x76  Code  Gb  stm32f4xx_hal_uart.o [1]
HAL_UART_MspInit        0x08003551   0x1ba  Code  Gb  usart.o [1]
HAL_UART_Receive_IT     0x08004d2b    0x66  Code  Gb  stm32f4xx_hal_uart.o [1]
HAL_UART_RxCpltCallback
                        0x08003739    0x94  Code  Gb  usart.o [1]
HAL_UART_Transmit       0x08004c4b    0xe0  Code  Gb  stm32f4xx_hal_uart.o [1]
HEAP$$Base              0x2000ab00           --   Gb  - Linker created -
HEAP$$Limit             0x2000ad00           --   Gb  - Linker created -
HardFault_Handler       0x08008c3f     0x2  Code  Gb  stm32f4xx_it.o [1]
LoadInt                 0x08000377    0x7a  Code  Lc  xprintffull.o [3]
MX_CAN1_Init            0x08002b25    0x62  Code  Gb  can.o [1]
MX_GPIO_Init            0x08003955    0xb4  Code  Gb  gpio.o [1]
MX_TIM1_Init            0x08003a09    0xc4  Code  Gb  tim.o [1]
MX_TIM2_Init            0x08003acd    0x82  Code  Gb  tim.o [1]
MX_UART4_Init           0x0800335d    0x5e  Code  Gb  usart.o [1]
MX_UART5_Init           0x080033bb    0x7c  Code  Gb  usart.o [1]
MX_USART1_UART_Init     0x08003437    0x5e  Code  Gb  usart.o [1]
MX_USART2_UART_Init     0x08003495    0x5e  Code  Gb  usart.o [1]
MX_USART3_UART_Init     0x080034f3    0x5e  Code  Gb  usart.o [1]
MemManage_Handler       0x08008c41     0x2  Code  Gb  stm32f4xx_it.o [1]
NMI_Handler             0x08008c3d     0x2  Code  Gb  stm32f4xx_it.o [1]
NVIC_EnableIRQ          0x0800320f    0x16  Code  Lc  stm32f4xx_hal_cortex.o [1]
NVIC_EncodePriority     0x08003251    0x42  Code  Lc  stm32f4xx_hal_cortex.o [1]
NVIC_GetPriorityGrouping
                        0x08003205     0xa  Code  Lc  stm32f4xx_hal_cortex.o [1]
NVIC_SetPriority        0x08003225    0x2c  Code  Lc  stm32f4xx_hal_cortex.o [1]
NVIC_SetPriorityGrouping
                        0x080031e9    0x1c  Code  Lc  stm32f4xx_hal_cortex.o [1]
PendSV_Handler          0x08008c4b     0x2  Code  Gb  stm32f4xx_it.o [1]
Region$$Table$$Base     0x08008cd0           --   Gb  - Linker created -
Region$$Table$$Limit    0x08008cf0           --   Gb  - Linker created -
RxMessage               0x2000a648    0x24  Data  Lc  can.o [1]
SVC_Handler             0x08008c47     0x2  Code  Gb  stm32f4xx_it.o [1]
SysTick_Config          0x08003293    0x30  Code  Lc  stm32f4xx_hal_cortex.o [1]
SysTick_Handler         0x08008c4d     0xc  Code  Gb  stm32f4xx_it.o [1]
SystemClock_Config      0x08002e5f    0xc4  Code  Gb  main.o [1]
SystemCoreClock         0x20000410     0x4  Data  Gb  system_stm32f4xx.o [1]
SystemInit              0x08006215    0x4c  Code  Gb  system_stm32f4xx.o [1]
TIM_Base_SetConfig      0x080055b9    0xec  Code  Gb  stm32f4xx_hal_tim.o [1]
TIM_OC1_SetConfig       0x08005723    0x6e  Code  Lc  stm32f4xx_hal_tim.o [1]
TIM_OC2_SetConfig       0x080056a5    0x7c  Code  Gb  stm32f4xx_hal_tim.o [1]
TIM_OC3_SetConfig       0x08005791    0x76  Code  Lc  stm32f4xx_hal_tim.o [1]
TIM_OC4_SetConfig       0x08005807    0x64  Code  Lc  stm32f4xx_hal_tim.o [1]
TxMessage               0x2000a66c    0x1c  Data  Lc  can.o [1]
UART5_IRQHandler        0x08008c63     0xa  Code  Gb  stm32f4xx_it.o [1]
UART_DMAAbortOnError    0x08004f6d    0x16  Code  Lc  stm32f4xx_hal_uart.o [1]
UART_EndRxTransfer      0x08004f49    0x20  Code  Lc  stm32f4xx_hal_uart.o [1]
UART_EndTransmit_IT     0x08004ff3    0x20  Code  Lc  stm32f4xx_hal_uart.o [1]
UART_Receive_IT         0x08005013    0xa2  Code  Lc  stm32f4xx_hal_uart.o [1]
UART_SetConfig          0x080050b5   0x2fc  Code  Lc  stm32f4xx_hal_uart.o [1]
UART_Transmit_IT        0x08004f85    0x6e  Code  Lc  stm32f4xx_hal_uart.o [1]
UART_WaitOnFlagUntilTimeout
                        0x08004edb    0x6e  Code  Lc  stm32f4xx_hal_uart.o [1]
USART_RX_BUF            0x2000a268    0xc8  Data  Gb  usart.o [1]
USART_RX_STA            0x2000a6fc     0x2  Data  Gb  usart.o [1]
UsageFault_Handler      0x08008c45     0x2  Code  Gb  stm32f4xx_it.o [1]
_Encoding_8859_1_Mbrlen
                        0x08001271     0x2  Code  Gb  xencoding_8859_1.o [3]
_Encoding_8859_1_Wctomb
                        0x0800125f    0x12  Code  Gb  xencoding_8859_1.o [3]
_Error_Handler          0x08002f91     0x2  Code  Gb  main.o [1]
_GenldFull              0x08000df9   0x274  Code  Lc  xprintffull.o [3]
_LdtobFull              0x080009cd   0x3fe  Code  Lc  xprintffull.o [3]
_LitobFull              0x08000875   0x112  Code  Lc  xprintffull.o [3]
_LocaleC_isalpha        0x0800119f     0xc  Code  Gb  xlocale_c.o [3]
_LocaleC_islower        0x08001199     0x4  Code  Gb  xlocale_c.o [3]
_LocaleC_isspace        0x080011b5    0x14  Code  Gb  xlocale_c.o [3]
_LocaleC_isupper        0x0800119d     0x2  Code  Gb  xlocale_c.o [3]
_LocaleC_tolower        0x080011c9     0xc  Code  Gb  xlocale_c.o [3]
_Locale_lconv           0x20000418    0x38  Data  Lc  xlocale_c.o [3]
_PrintfFull             0x08000189   0x1d6  Code  Gb  xprintffull.o [3]
_PutcharsFull           0x0800106d    0x2e  Code  Lc  xprintffull.o [3]
_PutfldFull             0x080003f1   0x2d0  Code  Lc  xprintffull.o [3]
_PutstrFull             0x080007b7    0xbe  Code  Lc  xprintffull.o [3]
_PuttxtFull             0x080006c1    0xf6  Code  Lc  xprintffull.o [3]
_SNProut                0x080012f3    0x1a  Code  Gb  xsnprout.o [3]
__aeabi_assert          0x080038f1    0x24  Code  Gb  ABIassert.o [6]
__aeabi_cdcmpeq         0x08008071          Code  Gb  DblCmpEq.o [4]
__aeabi_cdcmple         0x0800185d          Code  Gb  DblCmpLe.o [4]
__aeabi_cdrcmple        0x0800188d          Code  Gb  DblCmpGe.o [4]
__aeabi_d2f             0x08005fc1          Code  Gb  DblToFlt.o [4]
__aeabi_d2iz            0x080019f9          Code  Gb  DblToS32.o [4]
__aeabi_d2uiz           0x08001d85          Code  Gb  DblToU32.o [4]
__aeabi_dadd            0x08001dd1          Code  Gb  DblAdd.o [4]
__aeabi_ddiv            0x08001b3d          Code  Gb  DblDiv.o [4]
__aeabi_dmul            0x08001649          Code  Gb  DblMul.o [4]
__aeabi_dsub            0x08001a59          Code  Gb  DblSub.o [4]
__aeabi_f2d             0x08006029          Code  Gb  FltToDbl.o [4]
__aeabi_i2d             0x08001a35          Code  Gb  S32ToDbl.o [4]
__aeabi_ldiv0           0x08001dcd          Code  Gb  I64DivZer.o [5]
__aeabi_memcpy          0x08001371          Code  Gb  ABImemcpy.o [5]
__aeabi_memcpy4         0x08001391          Code  Gb  ABImemcpy.o [5]
__aeabi_memcpy8         0x08001391          Code  Gb  ABImemcpy.o [5]
__aeabi_memset          0x080059e9          Code  Gb  ABImemset.o [5]
__aeabi_ui2d            0x08001dad          Code  Gb  U32ToDbl.o [4]
__aeabi_uldivmod        0x08001419          Code  Gb  I64DivMod.o [5]
__cmain                 0x08008d51          Code  Gb  cmain.o [5]
__data_GetMemChunk      0x080061e9    0x2c  Code  Gb  xgetmemchunk.o [3]
__data_GetMemChunk::start
                        0x2000a6f8     0x4  Data  Lc  xgetmemchunk.o [3]
__exit                  0x08001f49    0x14  Code  Gb  exit.o [6]
__iar_Atan64            0x08007e69   0x170  Code  Gb  iar_Atan64.o [4]
__iar_Exp64             0x08008091   0x3b8  Code  Gb  iar_Exp64.o [4]
__iar_Fail_s            0x0800127d    0x1c  Code  Gb  xfail_s.o [3]
__iar_Mbcurmax          0x08001365     0xa  Code  Gb  xmbcurmax.o [3]
__iar_Memchr            0x0800130d          Code  Gb  memchr.o [5]
__iar_Memset            0x080059e9          Code  Gb  ABImemset.o [5]
__iar_Memset_word       0x080059f1          Code  Gb  ABImemset.o [5]
__iar_Pow64             0x080069a9   0x654  Code  Lc  pow64.o [4]
__iar_Sin64             0x080074d1   0x3b2  Code  Lc  cos_sin64.o [4]
__iar_Sto64             0x080065e1   0x1a6  Code  Gb  strto64.o [4]
__iar_Stoflt            0x08007a41   0x1c8  Code  Gb  iar_Stoflt.o [3]
__iar_Stopfx            0x0800791d   0x122  Code  Gb  iar_Stopfx.o [3]
__iar_Stoulx            0x080087d9   0x112  Code  Gb  iar_Stoulx.o [3]
__iar_Stoxflt           0x08007c09   0x1e6  Code  Gb  iar_Stoxflt.o [3]
__iar_Stoxflt::digits   0x08007df4    0x18  Data  Lc  iar_Stoxflt.o [3]
__iar_Stoxflt::vals     0x08007e0c    0x18  Data  Lc  iar_Stoxflt.o [3]
__iar_Strchr            0x08001249          Code  Gb  strchr.o [5]
__iar_atan2_64          0x08006821   0x13c  Code  Gb  atan2_64.o [4]
__iar_cos64             0x08007915     0x4  Code  Gb  cos_sin64.o [4]
__iar_cos_medium        0x08007915     0x4  Code  Gb  cos_sin64.o [4]
__iar_cos_medium64      0x08007915     0x4  Code  Gb  cos_sin64.o [4]
__iar_cos_mediuml       0x08007915     0x4  Code  Gb  cos_sin64.o [4]
__iar_dadd              0x08001a69          Code  Gb  DblSub.o [4]
__iar_data_init3        0x08008c85    0x28  Code  Gb  data_init.o [5]
__iar_dsub              0x08001de1          Code  Gb  DblAdd.o [4]
__iar_dsubStart         0x08001df3          Code  Gb  DblAdd.o [4]
__iar_frexp             0x080017f9          Code  Gb  frexp.o [4]
__iar_frexpl            0x080017f9          Code  Gb  frexp.o [4]
__iar_globLocale        0x20000450    0x48  Data  Lc  xlocale_c.o [3]
__iar_global_Locale     0x080011d5     0x4  Code  Gb  xlocale_c.o [3]
__iar_init_vfp          0x08008cad          Code  Gb  fpinit_M.o [4]
__iar_ldexp64           0x080018bd          Code  Gb  ldexp.o [4]
__iar_lz77_init_single3
                        0x0800111f    0x7a  Code  Gb  lz77_init_single.o [5]
__iar_pow64             0x0800709d    0x14  Code  Gb  pow64.o [4]
__iar_pow_medium        0x0800709d    0x14  Code  Gb  pow64.o [4]
__iar_pow_medium64      0x0800709d    0x14  Code  Gb  pow64.o [4]
__iar_pow_mediuml       0x0800709d    0x14  Code  Gb  pow64.o [4]
__iar_program_start     0x08008ea5          Code  Gb  cstartup_M.o [5]
__iar_scalbln64         0x080018bd          Code  Gb  ldexp.o [4]
__iar_scalbn64          0x080018bd          Code  Gb  ldexp.o [4]
__iar_sin64             0x08007919     0x4  Code  Gb  cos_sin64.o [4]
__iar_sin_medium        0x08007919     0x4  Code  Gb  cos_sin64.o [4]
__iar_sin_medium64      0x08007919     0x4  Code  Gb  cos_sin64.o [4]
__iar_sin_mediuml       0x08007919     0x4  Code  Gb  cos_sin64.o [4]
__iar_softfp___iar_frexp64
                        0x080017ed          Code  Gb  frexp.o [4]
__iar_softfp_frexp      0x080017ed          Code  Gb  frexp.o [4]
__iar_softfp_frexpl     0x080017ed          Code  Gb  frexp.o [4]
__iar_sqrt64            0x080060c9          Code  Gb  sqrt.o [4]
__iar_systems$$module {Abs}
                        0x00000001          Data  Gb  command line/config [2]
__iar_vfp___iar_sqrt64  0x080060b9          Code  Gb  sqrt.o [4]
__iar_vfp_atan2         0x0800607f    0x10  Code  Gb  math_wrappers64.o [4]
__iar_vfp_atof          0x08006077     0x8  Code  Gb  math_wrappers64.o [4]
__iar_vfp_cos           0x0800609f     0xc  Code  Gb  math_wrappers64.o [4]
__iar_vfp_pow           0x0800608f    0x10  Code  Gb  math_wrappers64.o [4]
__iar_vfp_sin           0x080060ab     0xc  Code  Gb  math_wrappers64.o [4]
__iar_vfp_sqrt          0x080060b9          Code  Gb  sqrt.o [4]
__iar_vfp_sqrtl         0x080060b9          Code  Gb  sqrt.o [4]
__iar_zero_init3        0x08008bfd    0x40  Code  Gb  zero_init3.o [5]
__low_level_init        0x08008d6f     0x4  Code  Gb  low_level_init.o [3]
__no_free_malloc        0x08005959    0x40  Code  Gb  no_free_heap0.o [3]
__vector_table          0x08000000          Data  Gb  startup_stm32f407xx.o [1]
_call_main              0x08008d5d          Code  Gb  cmain.o [5]
_exit                   0x08008d79          Code  Gb  cexit.o [5]
_gLocale_mblen          0x08001235     0x4  Code  Gb  xlocale_c.o [3]
_gLocale_mblenInt       0x080011fd    0x34  Code  Gb  xlocale_c.o [3]
_gLocale_wctomb         0x08001239     0x4  Code  Gb  xlocale_c.o [3]
_gLocale_wctombInt      0x08001231     0x4  Code  Gb  xlocale_c.o [3]
_main                   0x08008d6b          Code  Gb  cmain.o [5]
a                       0x08008030    0x40  Data  Lc  iar_Atan64.o [4]
aRxBuffer               0x2000a6fe     0x1  Data  Gb  usart.o [1]
abort                   0x08001dc7     0x6  Code  Gb  abort.o [3]
abs                     0x08008b25     0x8  Code  Gb  abs.o [3]
atan2                   0x08006821   0x13c  Code  Gb  atan2_64.o [4]
atan2l                  0x08006821   0x13c  Code  Gb  atan2_64.o [4]
atof                    0x080067cd     0x8  Code  Gb  strto64.o [4]
atoi                    0x080088f1     0x2  Code  Gb  iar_Stoulx.o [3]
canList                 0x2000a0d8   0x190  Data  Gb  can.o [1]
can_add_callback        0x08002cd5    0x56  Code  Gb  can.o [1]
can_init                0x08002be3    0x5e  Code  Gb  can.o [1]
can_send_msg            0x08002c89    0x4c  Code  Gb  can.o [1]
canlistnum              0x2000a6a0     0x4  Data  Lc  can.o [1]
chassis                 0x2000a398    0x5c  Data  Gb  chassis.o [1]
chassis_PID_Angle_Control
                        0x08003ecd    0x54  Code  Gb  chassis.o [1]
chassis_PID_Angle_Control::angle_last_err
                        0x2000a6c0     0x4  Data  Lc  chassis.o [1]
chassis_angle_subtract  0x08003e59    0x74  Code  Gb  chassis.o [1]
chassis_calculate_dis_matrix
                        0x080040ad   0x18a  Code  Gb  chassis.o [1]
chassis_calculate_speed
                        0x08004245   0x178  Code  Gb  chassis.o [1]
chassis_dis_to_bgn      0x20000498  0x1f40  Data  Gb  chassis.o [1]
chassis_dis_to_end      0x200023d8  0x1f40  Data  Gb  chassis.o [1]
chassis_exe             0x080043cd   0x1a6  Code  Gb  chassis.o [1]
chassis_flag            0x2000a6d8     0x4  Data  Gb  main.o [1]
chassis_go_route        0x08004089    0x16  Code  Gb  chassis.o [1]
chassis_gostraight      0x08003f21   0x168  Code  Gb  chassis.o [1]
chassis_init            0x08003d75    0x56  Code  Gb  chassis.o [1]
chassis_poscnt          0x2000a6a8     0x4  Data  Lc  chassis.o [1]
chassis_posnum          0x20000414     0x4  Data  Gb  track.o [1]
chassis_speed_max       0x20000000     0x8  Data  Gb  track.o [1]
chassis_turn            0x20008198  0x1f40  Data  Gb  track.o [1]
chassis_turn_angle_KD   0x2000a6b0     0x4  Data  Gb  chassis.o [1]
chassis_turn_angle_KP   0x20000010     0x4  Data  Gb  chassis.o [1]
chassis_update          0x08003dcd    0x8c  Code  Gb  chassis.o [1]
chassis_xpos            0x20004318  0x1f40  Data  Gb  track.o [1]
chassis_ypos            0x20006258  0x1f40  Data  Gb  track.o [1]
cmd_angle_pid           0x08008619    0x2c  Code  Gb  cmd_func.o [1]
cmd_argv                0x2000a5f0    0x30  Data  Gb  cmd.o [1]
cmd_chassis_acc         0x08008645     0x2  Code  Gb  cmd_func.o [1]
cmd_check_distance      0x08008689    0xd2  Code  Gb  cmd_func.o [1]
cmd_exec                0x08003cb9    0x68  Code  Gb  cmd.o [1]
cmd_go_route_func       0x08008567    0x4a  Code  Gb  cmd_func.o [1]
cmd_go_straight_func    0x08008531    0x36  Code  Gb  cmd_func.o [1]
cmd_hello_func          0x080084d1     0xe  Code  Gb  cmd_func.o [1]
cmd_help_func           0x08003d21    0x3e  Code  Gb  cmd.o [1]
cmd_init                0x08003c15    0x1a  Code  Gb  cmd.o [1]
cmd_lock_distance       0x08008647    0x40  Code  Gb  cmd_func.o [1]
cmd_modify_angle        0x080085bd    0x5c  Code  Gb  cmd_func.o [1]
cmd_parse               0x08003c2f    0x8a  Code  Gb  cmd.o [1]
cmd_reset_vega          0x080085b1     0xc  Code  Gb  cmd_func.o [1]
cmd_set_speed_func      0x080084df    0x32  Code  Gb  cmd_func.o [1]
cmd_stop_func           0x08008511    0x20  Code  Gb  cmd_func.o [1]
cmd_tbl                 0x20000014   0x3f0  Data  Lc  cmd.o [1]
cos                     0x08007915     0x4  Code  Gb  cos_sin64.o [4]
cosl                    0x08007915     0x4  Code  Gb  cos_sin64.o [4]
ddiv                    0x08006355    0xd0  Code  Lc  strto64.o [4]
digits                  0x080088fc    0x28  Data  Lc  iar_Stoulx.o [3]
dmul                    0x08006281    0xd2  Code  Lc  strto64.o [4]
exit                    0x08008d73     0x4  Code  Gb  exit.o [3]
flag                    0x2000a6d4     0x4  Data  Gb  main.o [1]
g_fangle                0x2000a6b8     0x4  Data  Gb  chassis.o [1]
g_fturn                 0x2000a6bc     0x4  Data  Gb  chassis.o [1]
g_ispeed                0x2000a6b4     0x4  Data  Gb  chassis.o [1]
g_vega_angle            0x2000a6ec     0x4  Data  Lc  vega.o [1]
g_vega_pos_x            0x2000a6e4     0x4  Data  Lc  vega.o [1]
g_vega_pos_y            0x2000a6e8     0x4  Data  Lc  vega.o [1]
hcan1                   0x2000a3f4    0x44  Data  Gb  can.o [1]
htim1                   0x2000a578    0x3c  Data  Gb  tim.o [1]
htim2                   0x2000a5b4    0x3c  Data  Gb  tim.o [1]
huart1                  0x2000a4b8    0x40  Data  Gb  usart.o [1]
huart2                  0x2000a4f8    0x40  Data  Gb  usart.o [1]
huart3                  0x2000a538    0x40  Data  Gb  usart.o [1]
huart4                  0x2000a438    0x40  Data  Gb  usart.o [1]
huart5                  0x2000a478    0x40  Data  Gb  usart.o [1]
isalpha                 0x080084bd    0x14  Code  Gb  isalpha.o [3]
isspace                 0x080084a9    0x14  Code  Gb  isspace.o [3]
laser_msg_rev_callback  0x080089cf    0x2e  Code  Gb  distance.o [1]
ldexp                   0x080018bd          Code  Gb  ldexp.o [4]
ldexpl                  0x080018bd          Code  Gb  ldexp.o [4]
lnbias                  0x080070b0   0x420  Data  Lc  pow64.o [4]
localeconv              0x0800123d     0x4  Code  Gb  xlocale_c.o [3]
lock1                   0x2000a6c4     0x4  Data  Gb  distance.o [1]
lock2                   0x2000a6c8     0x4  Data  Gb  distance.o [1]
lock3                   0x2000a6cc     0x4  Data  Gb  distance.o [1]
lock_angle              0x08008a99    0x64  Code  Gb  distance.o [1]
lock_distance           0x080089fd    0x9a  Code  Gb  distance.o [1]
lock_laser              0x2000a6d0     0x4  Data  Gb  distance.o [1]
lockangle               0x2000a698     0x8  Data  Gb  distance.o [1]
main                    0x08002e01    0x5e  Code  Gb  main.o [1]
maxon_setSpeed          0x08005f6d    0x4e  Code  Gb  maxon.o [1]
memchr                  0x0800130d          Code  Gb  memchr.o [5]
ndigs                   0x08008924    0x28  Data  Lc  iar_Stoulx.o [3]
param_a                 0x2000a688     0x8  Data  Gb  chassis.o [1]
param_b                 0x2000a690     0x8  Data  Gb  chassis.o [1]
pow                     0x0800709d    0x14  Code  Gb  pow64.o [4]
powl                    0x0800709d    0x14  Code  Gb  pow64.o [4]
pows                    0x080067d8    0x48  Data  Lc  strto64.o [4]
qs                      0x2000a6f4     0x4  Data  Lc  no_free_heap0.o [3]
routeflag               0x2000a6ac     0x4  Data  Lc  chassis.o [1]
sFilterConfig           0x2000a620    0x28  Data  Gb  can.o [1]
scalbln                 0x080018bd          Code  Gb  ldexp.o [4]
scalblnl                0x080018bd          Code  Gb  ldexp.o [4]
scalbn                  0x080018bd          Code  Gb  ldexp.o [4]
scalbnl                 0x080018bd          Code  Gb  ldexp.o [4]
scale                   0x08000987    0x46  Code  Lc  xprintffull.o [3]
sec_hand                0x2000a6f0     0x4  Data  Lc  xfail_s.o [3]
sendToSetSpeed          0x20000404     0xc  Data  Gb  maxon.o [1]
sin                     0x08007919     0x4  Code  Gb  cos_sin64.o [4]
sinl                    0x08007919     0x4  Code  Gb  cos_sin64.o [4]
sqrt                    0x080060c9          Code  Gb  sqrt.o [4]
sqrtl                   0x080060c9          Code  Gb  sqrt.o [4]
strchr                  0x08001249          Code  Gb  strchr.o [5]
strcmp                  0x0800599d          Code  Gb  strcmp.o [5]
strlen                  0x080012bd          Code  Gb  strlen.o [5]
tolower                 0x08008b11    0x14  Code  Gb  tolower.o [3]
track_goarc             0x08005b67   0x206  Code  Gb  track.o [1]
track_goline            0x08005a51   0x116  Code  Gb  track.o [1]
track_init              0x08005d6d    0x4c  Code  Gb  track.o [1]
uart_buffer             0x2000a330    0x68  Data  Gb  usart.o [1]
ultrasonic_msg_rev_callback
                        0x0800894d    0x82  Code  Gb  distance.o [1]
uprintf                 0x0800370b    0x2e  Code  Gb  usart.o [1]
usart_exc               0x080037cf    0xbc  Code  Gb  usart.o [1]
uwTick                  0x2000a6e0     0x4  Data  Gb  stm32f4xx_hal.o [1]
vega_init               0x08005df5    0x3e  Code  Gb  vega.o [1]
vega_msg_rcv_callback   0x08005e33    0x98  Code  Gb  vega.o [1]
vega_reset              0x08005f33    0x1a  Code  Gb  vega.o [1]
vega_set_pos            0x08005ee5    0x4e  Code  Gb  vega.o [1]
vsnprintf               0x080053bd    0x3c  Code  Gb  vsnprint.o [3]


[1] = C:\Users\–Ï√˙‘∂\Desktop\robot\MR1\chassis\MR1_chassis\EWARM\chassis\Obj
[2] = command line
[3] = dl7M_tlf.a
[4] = m7M_tls.a
[5] = rt7M_tl.a
[6] = shb_l.a

  36 088 bytes of readonly  code memory
   1 230 bytes of readonly  data memory
  44 287 bytes of readwrite data memory

Errors: none
Warnings: none
